******************************************************************************
                  TI ARM Linker PC v5.1.6                      
******************************************************************************
>> Linked Sat Jul 11 23:43:18 2015

OUTPUT FILE NAME:   <oob.out>
ENTRY POINT SYMBOL: "_c_int00"  address: 2000e279


MEMORY CONFIGURATION

         name            origin    length      used     unused   attr    fill
----------------------  --------  ---------  --------  --------  ----  --------
  SRAM_CODE             20004000   00013000  0000b2cc  00007d34  RW X
  SRAM_DATA             20017000   00019000  0000361f  000159e1  RW X


SEGMENT ALLOCATION MAP

run origin  load origin   length   init length attrs members
----------  ----------- ---------- ----------- ----- -------
20004000    20004000    0000b2d0   0000b2d0    r-x
  20004000    20004000    00000400   00000400    r-- .intvecs
  20004400    20004400    0000a73c   0000a73c    r-x .text
  2000eb40    2000eb40    00000698   00000698    r-- .const
  2000f1d8    2000f1d8    000000f8   000000f8    r-- .cinit
20017000    20017000    0000261f   00000000    rw-
  20017000    20017000    00002000   00000000    rw- .sysmem
  20019000    20019000    00000458   00000000    rw- .data
  20019458    20019458    000001c7   00000000    rw- .bss
2002f000    2002f000    00001000   00000000    rw-
  2002f000    2002f000    00001000   00000000    rw- .stack


SECTION ALLOCATION MAP

 output                                  attributes/
section   page    origin      length       input sections
--------  ----  ----------  ----------   ----------------
.init_array 
*          0    20004000    00000000     UNINITIALIZED

.intvecs   0    20004000    00000400     
                  20004000    00000400     startup_ccs.obj (.intvecs)

.text      0    20004400    0000a73c     
                  20004400    00001258     free_rtos.a : tasks.obj (.text)
                  20005658    00000f30     main.obj (.text)
                  20006588    00000ec0     rtsv7M4_T_le_eabi.lib : _printfi.obj (.text)
                  20007448    00000b24     free_rtos.a : queue.obj (.text)
                  20007f6c    00000490     rtsv7M4_T_le_eabi.lib : pow.obj (.text)
                  200083fc    0000045c     free_rtos.a : osi_freertos.obj (.text)
                  20008858    00000434     tmp006drv.obj (.text)
                  20008c8c    000003cc     rtsv7M4_T_le_eabi.lib : memory.obj (.text)
                  20009058    000003a6     simplelink.a : driver.obj (.text:_SlDrvMsgRead)
                  200093fe    00000002     driverlib.a : interrupt.obj (.text:IntDefaultHandler)
                  20009400    00000354     gpio_if.obj (.text)
                  20009754    0000034c     simplelink.a : driver.obj (.text:_SlAsyncEventGenericHandler)
                  20009aa0    00000304     hx711.obj (.text)
                  20009da4    000002e4     rtsv7M4_T_le_eabi.lib : xlog.obj (.text)
                  2000a088    00000290     i2c_if.obj (.text)
                  2000a318    0000026c     uart_if.obj (.text)
                  2000a584    000001fc     rtsv7M4_T_le_eabi.lib : xexp.obj (.text)
                  2000a780    000001f4                           : ull_div_t2.obj (.text)
                  2000a974    000001ec     bma222drv.obj (.text)
                  2000ab60    000001b6     rtsv7M4_T_le_eabi.lib : fd_add_t2.obj (.text)
                  2000ad16    00000002     --HOLE-- [fill = 0]
                  2000ad18    00000140     simplelink.a : driver.obj (.text:_SlDrvRxHdrRead)
                  2000ae58    00000136     rtsv7M4_T_le_eabi.lib : fd_div_t2.obj (.text)
                  2000af8e    00000002     --HOLE-- [fill = 0]
                  2000af90    00000134     driverlib.a : prcm.obj (.text:PRCMCC3200MCUInit)
                  2000b0c4    00000130     simplelink.a : cc_pal.obj (.text:spi_Open)
                  2000b1f4    0000012a     free_rtos.a : list.obj (.text)
                  2000b31e    00000002     --HOLE-- [fill = 0]
                  2000b320    00000124     simplelink.a : netapp.obj (.text:sl_NetAppPingStart)
                  2000b444    00000114                  : driver.obj (.text:_SlDrvMsgWrite)
                  2000b558    00000110     free_rtos.a : port.obj (.text)
                  2000b668    00000110     rtsv7M4_T_le_eabi.lib : xdscale.obj (.text)
                  2000b778    0000010c     simplelink.a : driver.obj (.text:_SlDrvWaitForPoolObj)
                  2000b884    00000104                  : driver.obj (.text:_SlDrvReleasePoolObj)
                  2000b988    000000fc     rtsv7M4_T_le_eabi.lib : fd_mul_t2.obj (.text)
                  2000ba84    000000fa                           : fs_add_t2.obj (.text)
                  2000bb7e    00000002     --HOLE-- [fill = 0]
                  2000bb80    000000f0     driverlib.a : udma.obj (.text:uDMAChannelTransferSet)
                  2000bc70    000000e8     smartconfig.obj (.text)
                  2000bd58    000000e8     simplelink.a : cc_pal.obj (.text:spi_Write)
                  2000be40    000000d8                  : netapp.obj (.text:sl_NetAppDnsGetHostByName)
                  2000bf18    000000cc                  : cc_pal.obj (.text:spi_Read)
                  2000bfe4    000000c4     rtsv7M4_T_le_eabi.lib : xdint.obj (.text)
                  2000c0a8    000000c4                           : xdnorm.obj (.text)
                  2000c16c    000000c4     simplelink.a : device.obj (.text:sl_Stop)
                  2000c230    000000c0                  : device.obj (.text:sl_Start)
                  2000c2f0    000000ba     free_rtos.a : portasm.obj (.text)
                  2000c3aa    00000002     --HOLE-- [fill = 0]
                  2000c3ac    000000b4     simplelink.a : driver.obj (.text:_SlDrvMsgReadCmdCtx)
                  2000c460    000000b4     device_status.obj (.text)
                  2000c514    000000b4     pinmux.obj (.text)
                  2000c5c8    000000b2     simplelink.a : netapp.obj (.text:_SlDrvNetAppEventHandler)
                  2000c67a    00000002     --HOLE-- [fill = 0]
                  2000c67c    000000a8     driverlib.a : interrupt.obj (.text:IntDisable)
                  2000c724    000000a8                 : interrupt.obj (.text:IntEnable)
                  2000c7cc    000000a0                 : spi.obj (.text:SPIConfigSetExpClk)
                  2000c86c    0000009c     rtsv7M4_T_le_eabi.lib : memcpy_t2.obj (.text)
                  2000c908    00000098     simplelink.a : driver.obj (.text:_SlFindAndSetActiveObj)
                  2000c9a0    00000094     driverlib.a : prcm.obj (.text:PRCMPeripheralClockGet)
                  2000ca34    00000094     simplelink.a : driver.obj (.text:_SlDrvClassifyRxMsg)
                  2000cac8    00000094     rtsv7M4_T_le_eabi.lib : auto_init.obj (.text)
                  2000cb5c    00000092                           : fs_div_t2.obj (.text)
                  2000cbee    00000002     --HOLE-- [fill = 0]
                  2000cbf0    00000090     simplelink.a : driver.obj (.text:_SlDrvMsgReadSpawnCtx)
                  2000cc80    00000088     driverlib.a : pin.obj (.text:PinConfigSet)
                  2000cd08    00000088     rtsv7M4_T_le_eabi.lib : vsnprintf.obj (.text)
                  2000cd90    00000086                           : fd_cmp_t2.obj (.text:__aeabi_cdcmple)
                  2000ce16    00000086                           : fd_cmp_t2.obj (.text:__aeabi_cdrcmple)
                  2000ce9c    00000084     driverlib.a : i2c.obj (.text:I2CMasterInitExpClk)
                  2000cf20    00000084     simplelink.a : driver.obj (.text:_SlDrvCmdOp)
                  2000cfa4    00000082     driverlib.a : gpio.obj (.text:GPIOIntTypeSet)
                  2000d026    00000002     --HOLE-- [fill = 0]
                  2000d028    00000080     simplelink.a : cc_pal.obj (.text:NwpPowerOnPreamble)
                  2000d0a8    0000007c                  : driver.obj (.text:_SlDrvDriverCBInit)
                  2000d124    0000007c                  : netapp.obj (.text:_sl_HandleAsync_DnsGetHostByName)
                  2000d1a0    0000007a     rtsv7M4_T_le_eabi.lib : fs_mul_t2.obj (.text)
                  2000d21a    00000002     --HOLE-- [fill = 0]
                  2000d21c    00000078     simplelink.a : cc_pal.obj (.text:SetupDMAReceive)
                  2000d294    00000078     rtsv7M4_T_le_eabi.lib : memset_t2.obj (.text)
                  2000d30c    00000076     driverlib.a : uart.obj (.text:UARTConfigSetExpClk)
                  2000d382    00000002     --HOLE-- [fill = 0]
                  2000d384    00000074     simplelink.a : device.obj (.text:_sl_HandleAsync_InitComplete)
                  2000d3f8    00000074                  : wlan.obj (.text:sl_WlanGet)
                  2000d46c    00000074                  : cc_pal.obj (.text:spi_Close)
                  2000d4e0    00000070                  : netapp.obj (.text:_sl_HandleAsync_PingResponse)
                  2000d550    00000070                  : wlan.obj (.text:sl_WlanSmartConfigStart)
                  2000d5c0    00000068                  : socket.obj (.text:_sl_HandleAsync_Connect)
                  2000d628    00000068                  : netapp.obj (.text:_sl_HandleAsync_DnsGetHostByService)
                  2000d690    00000064                  : socket.obj (.text:_sl_HandleAsync_Accept)
                  2000d6f4    00000064     rtsv7M4_T_le_eabi.lib : xdunscal.obj (.text)
                  2000d758    00000064     driverlib.a : udma.obj (.text:uDMAChannelAttributeDisable)
                  2000d7bc    00000064                 : udma.obj (.text:uDMAChannelAttributeEnable)
                  2000d820    0000005e     rtsv7M4_T_le_eabi.lib : copy_decompress_rle.obj (.text)
                  2000d87e    0000005a                           : ltoa.obj (.text)
                  2000d8d8    00000058     driverlib.a : interrupt.obj (.text:IntPendClear)
                  2000d930    00000058                 : prcm.obj (.text:PRCMPeripheralReset)
                  2000d988    00000058     simplelink.a : driver.obj (.text:_SlDrvDriverCBDeinit)
                  2000d9e0    00000058                  : socket.obj (.text:_sl_HandleAsync_Select)
                  2000da38    00000054     driverlib.a : interrupt.obj (.text:IntPrioritySet)
                  2000da8c    00000054     simplelink.a : device.obj (.text:_sl_HandleAsync_Stop)
                  2000dae0    00000054                  : netapp.obj (.text:sl_NetAppSendTokenValue)
                  2000db34    0000004c     driverlib.a : spi.obj (.text:SPIIntEnable)
                  2000db80    0000004c     rtsv7M4_T_le_eabi.lib : atoi.obj (.text)
                  2000dbcc    0000004c     driverlib.a : udma.obj (.text:uDMAChannelAssign)
                  2000dc18    0000004a     simplelink.a : device.obj (.text:_sl_GetStartResponseConvert)
                  2000dc62    0000004a     rtsv7M4_T_le_eabi.lib : fd_tos_t2.obj (.text)
                  2000dcac    00000048     driverlib.a : gpio.obj (.text:GPIOGetIntNumber)
                  2000dcf4    00000048                 : spi.obj (.text:SPIIntClear)
                  2000dd3c    00000048     rtsv7M4_T_le_eabi.lib : fd_toi_t2.obj (.text)
                  2000dd84    00000044     driverlib.a : spi.obj (.text:SPIDmaMaskGet)
                  2000ddc8    00000044     rtsv7M4_T_le_eabi.lib : cpy_tbl.obj (.text)
                  2000de0c    00000044                           : exit.obj (.text)
                  2000de50    00000044                           : xdtest.obj (.text)
                  2000de94    00000040     driverlib.a : pin.obj (.text:PinModeSet)
                  2000ded4    00000040     simplelink.a : driver.obj (.text:_SlDrvRxIrqHandler)
                  2000df14    00000040                  : driver.obj (.text:_SlRemoveFromList)
                  2000df54    00000040     rtsv7M4_T_le_eabi.lib : signal.obj (.text)
                  2000df94    00000040     simplelink.a : wlan.obj (.text:sl_WlanPolicySet)
                  2000dfd4    0000003c                  : cc_pal.obj (.text:NwpPowerOff)
                  2000e010    0000003c     driverlib.a : prcm.obj (.text:PRCMPeripheralClkEnable)
                  2000e04c    0000003c     simplelink.a : driver.obj (.text:_SlDrvObjInit)
                  2000e088    0000003c     driverlib.a : udma.obj (.text:uDMAChannelControlSet)
                  2000e0c4    00000038     free_rtos.a : heap_3.obj (.text)
                  2000e0fc    00000038     rtsv7M4_T_le_eabi.lib : fs_tod_t2.obj (.text)
                  2000e134    00000038                           : fs_toi_t2.obj (.text)
                  2000e16c    00000038                           : i_tofs_t2.obj (.text)
                  2000e1a4    00000036     driverlib.a : gpio.obj (.text:GPIODirModeSet)
                  2000e1da    00000002     --HOLE-- [fill = 0]
                  2000e1dc    00000034                 : prcm.obj (.text:PRCMPeripheralStatusGet)
                  2000e210    00000034                 : spi.obj (.text:SPIFIFOLevelSet)
                  2000e244    00000034     simplelink.a : driver.obj (.text:_SlDrvBasicCmd)
                  2000e278    00000034     rtsv7M4_T_le_eabi.lib : boot.obj (.text)
                  2000e2ac    00000034                           : feraiseexcept.obj (.text)
                  2000e2e0    00000034                           : fs_tou_t2.obj (.text)
                  2000e314    00000030     simplelink.a : cc_pal.obj (.text:NwpPowerOn)
                  2000e344    00000030     driverlib.a : pin.obj (.text:PinTypeGPIO)
                  2000e374    00000030                 : uart.obj (.text:UARTDisable)
                  2000e3a4    00000030     rtsv7M4_T_le_eabi.lib : xferaise.obj (.text)
                  2000e3d4    0000002e                           : i_tofd_t2.obj (.text)
                  2000e402    0000002e                           : raise.obj (.text)
                  2000e430    0000002c     simplelink.a : cc_pal.obj (.text:DmaSpiSwIntHandler)
                  2000e45c    0000002c     driverlib.a : i2c.obj (.text:I2CMasterErr)
                  2000e488    0000002c                 : prcm.obj (.text:PRCMSysResetCauseGet)
                  2000e4b4    0000002c     simplelink.a : flowcont.obj (.text:_SlDrvFlowContDeinit)
                  2000e4e0    0000002c                  : flowcont.obj (.text:_SlDrvFlowContInit)
                  2000e50c    00000028     driverlib.a : prcm.obj (.text:PRCMPeripheralClkDisable)
                  2000e534    00000028     simplelink.a : wlan.obj (.text:sl_WlanSetMode)
                  2000e55c    00000024     driverlib.a : interrupt.obj (.text:IntUnregister)
                  2000e580    00000024                 : uart.obj (.text:UARTEnable)
                  2000e5a4    00000024     rtsv7M4_T_le_eabi.lib : memmov.obj (.text)
                  2000e5c8    00000024     simplelink.a : netapp.obj (.text:sl_NetAppStart)
                  2000e5ec    00000024                  : netapp.obj (.text:sl_NetAppStop)
                  2000e610    00000024                  : wlan.obj (.text:sl_WlanProfileDel)
                  2000e634    00000022     driverlib.a : i2c.obj (.text:I2CMasterSlaveAddrSet)
                  2000e656    00000022     simplelink.a : cc_pal.obj (.text:NwpRegisterInterruptHandler)
                  2000e678    00000022     driverlib.a : spi.obj (.text:SPIReset)
                  2000e69a    00000022                 : spi.obj (.text:SPIWordCountSet)
                  2000e6bc    00000022     rtsv7M4_T_le_eabi.lib : memcmp.obj (.text)
                  2000e6de    00000020     driverlib.a : gpio.obj (.text:GPIOPinWrite)
                  2000e6fe    00000002     --HOLE-- [fill = 0]
                  2000e700    00000020                 : interrupt.obj (.text:IntRegister)
                  2000e720    00000020     simplelink.a : driver.obj (.text:_SlDrvCmdSend)
                  2000e740    0000001e     driverlib.a : gpio.obj (.text:GPIOIntRegister)
                  2000e75e    0000001e                 : i2c.obj (.text:I2CMasterIntStatusEx)
                  2000e77c    0000001e                 : uart.obj (.text:UARTCharPut)
                  2000e79a    0000001c                 : pin.obj (.text:PinTypeI2C)
                  2000e7b6    00000002     --HOLE-- [fill = 0]
                  2000e7b8    0000001c     simplelink.a : driver.obj (.text:_SlDrvObjDeInit)
                  2000e7d4    0000001c     rtsv7M4_T_le_eabi.lib : memccpy.obj (.text)
                  2000e7f0    0000001c     driverlib.a : udma.obj (.text:uDMAChannelEnable)
                  2000e80c    0000001a     simplelink.a : netapp.obj (.text:CopyPingResultsToReport)
                  2000e826    0000001a     driverlib.a : gpio.obj (.text:GPIOIntEnable)
                  2000e840    0000001a                 : pin.obj (.text:PinTypeUART)
                  2000e85a    0000001a                 : spi.obj (.text:SPIDmaDisable)
                  2000e874    0000001a                 : spi.obj (.text:SPIDmaEnable)
                  2000e88e    0000001a                 : spi.obj (.text:SPIFIFODisable)
                  2000e8a8    0000001a                 : spi.obj (.text:SPIFIFOEnable)
                  2000e8c2    0000001a     simplelink.a : device.obj (.text:_SlDrvDeviceEventHandler)
                  2000e8dc    00000018     driverlib.a : gpio.obj (.text:GPIOPinRead)
                  2000e8f4    00000018                 : spi.obj (.text:SPICSDisable)
                  2000e90c    00000018                 : spi.obj (.text:SPICSEnable)
                  2000e924    00000018                 : spi.obj (.text:SPIDisable)
                  2000e93c    00000018                 : spi.obj (.text:SPIEnable)
                  2000e954    00000018     rtsv7M4_T_le_eabi.lib : args_main.obj (.text)
                  2000e96c    00000018                           : ll_mul_t2.obj (.text)
                  2000e984    00000016     driverlib.a : i2c.obj (.text:I2CMasterDataPut)
                  2000e99a    00000016                 : i2c.obj (.text:I2CMasterEnable)
                  2000e9b0    00000016                 : prcm.obj (.text:PRCMHIBRegRead)
                  2000e9c6    00000016                 : prcm.obj (.text:PRCMHIBRegWrite)
                  2000e9dc    00000016                 : uart.obj (.text:UARTCharGet)
                  2000e9f2    00000014                 : cpu.obj (.text:CPUcpsie)
                  2000ea06    00000014                 : gpio.obj (.text:GPIOIntClear)
                  2000ea1a    00000002     --HOLE-- [fill = 0]
                  2000ea1c    00000014                 : interrupt.obj (.text:IntVTableBaseSet)
                  2000ea30    00000014     simplelink.a : driver.obj (.text:_SlDrvShiftDWord)
                  2000ea44    00000014     rtsv7M4_T_le_eabi.lib : _lock.obj (.text)
                  2000ea58    00000014                           : strlen.obj (.text)
                  2000ea6c    00000012     driverlib.a : i2c.obj (.text:I2CMasterControl)
                  2000ea7e    00000012                 : i2c.obj (.text:I2CMasterIntClearEx)
                  2000ea90    00000012                 : i2c.obj (.text:I2CMasterTimeoutSet)
                  2000eaa2    00000012     rtsv7M4_T_le_eabi.lib : copy_zero_init.obj (.text:decompress:ZI)
                  2000eab4    00000010     simplelink.a : cc_pal.obj (.text:NwpMaskInterrupt)
                  2000eac4    00000010     rtsv7M4_T_le_eabi.lib : strcpy.obj (.text)
                  2000ead4    0000000e     driverlib.a : i2c.obj (.text:I2CMasterDataGet)
                  2000eae2    0000000e     rtsv7M4_T_le_eabi.lib : copy_decompress_none.obj (.text:decompress:none)
                  2000eaf0    0000000e                           : xdclass.obj (.text)
                  2000eafe    0000000e     startup_ccs.obj (.text)
                  2000eb0c    0000000c     simplelink.a : cc_pal.obj (.text:NwpUnMaskInterrupt)
                  2000eb18    0000000a     driverlib.a : interrupt.obj (.text:IntMasterEnable)
                  2000eb22    00000008     simplelink.a : wlan.obj (.text:sl_WlanSmartConfigStop)
                  2000eb2a    00000006     driverlib.a : utils.obj (.text:UtilsDelay)
                  2000eb30    00000006     rtsv7M4_T_le_eabi.lib : copy_decompress_rle.obj (.text:decompress:rle24)
                  2000eb36    00000006                           : log.obj (.text)

.const     0    2000eb40    00000698     
                  2000eb40    00000102     rtsv7M4_T_le_eabi.lib : ctype.obj (.const:.string:_ctypes_)
                  2000ec42    00000002     --HOLE-- [fill = 0]
                  2000ec44    00000100     driverlib.a : pin.obj (.const:g_ulPinToPadMap)
                  2000ed44    000000ec     simplelink.a : wlan.obj (.const)
                  2000ee30    000000d4     driverlib.a : interrupt.obj (.const:g_pulRegs)
                  2000ef04    000000a8                 : prcm.obj (.const:PRCM_PeriphRegsList)
                  2000efac    00000080                 : interrupt.obj (.const)
                  2000f02c    0000004c     simplelink.a : driver.obj (.const)
                  2000f078    00000048     rtsv7M4_T_le_eabi.lib : xexp.obj (.const)
                  2000f0c0    00000038                           : xlog.obj (.const:p)
                  2000f0f8    00000037     main.obj (.const:.string)
                  2000f12f    00000001     --HOLE-- [fill = 0]
                  2000f130    00000030     rtsv7M4_T_le_eabi.lib : xdint.obj (.const)
                  2000f160    00000028     simplelink.a : netapp.obj (.const)
                  2000f188    00000023     smartconfig.obj (.const:.string)
                  2000f1ab    00000001     --HOLE-- [fill = 0]
                  2000f1ac    00000018     driverlib.a : spi.obj (.const)
                  2000f1c4    00000014     simplelink.a : device.obj (.const)

.cinit     0    2000f1d8    000000f8     
                  2000f1d8    000000cd     (.cinit..data.load) [load image, compression = rle]
                  2000f2a5    00000003     --HOLE-- [fill = 0]
                  2000f2a8    0000000c     (__TI_handler_table)
                  2000f2b4    00000004     --HOLE-- [fill = 0]
                  2000f2b8    00000008     (.cinit..bss.load) [load image, compression = zero_init]
                  2000f2c0    00000010     (__TI_cinit_table)

.sysmem    0    20017000    00002000     UNINITIALIZED
                  20017000    00000008     rtsv7M4_T_le_eabi.lib : memory.obj (.sysmem)
                  20017008    00001ff8     --HOLE--

.data      0    20019000    00000458     UNINITIALIZED
                  20019000    00000184     simplelink.a : driver.obj (.data)
                  20019184    000000b0     rtsv7M4_T_le_eabi.lib : signal.obj (.data:sigtable)
                  20019234    00000004     free_rtos.a : port.obj (.data)
                  20019238    00000080     rtsv7M4_T_le_eabi.lib : xvalues.obj (.data)
                  200192b8    00000068                           : xfvalues.obj (.data)
                  20019320    00000064     simplelink.a : cc_pal.obj (.data)
                  20019384    00000040     main.obj (.data)
                  200193c4    00000034     free_rtos.a : tasks.obj (.data)
                  200193f8    00000020     gpio_if.obj (.data)
                  20019418    0000000c     free_rtos.a : osi_freertos.obj (.data)
                  20019424    0000000c     rtsv7M4_T_le_eabi.lib : memory.obj (.data)
                  20019430    00000008     device_status.obj (.data)
                  20019438    00000008     rtsv7M4_T_le_eabi.lib : _lock.obj (.data)
                  20019440    00000008                           : exit.obj (.data)
                  20019448    00000008                           : feraiseexcept.obj (.data)
                  20019450    00000004                           : errno.obj (.data)
                  20019454    00000004                           : stkdepth_vars.obj (.data)

.bss       0    20019458    000001c7     UNINITIALIZED
                  20019458    000000c8     free_rtos.a : tasks.obj (.bss:pxReadyTasksLists)
                  20019520    00000050                 : queue.obj (.bss:xQueueRegistry)
                  20019570    00000024     main.obj (.bss:g_ucConnectionSSID)
                  20019594    00000014     (.common:xDelayedTaskList1)
                  200195a8    00000014     (.common:xDelayedTaskList2)
                  200195bc    00000014     (.common:xPendingReadyList)
                  200195d0    00000014     (.common:xSuspendedTaskList)
                  200195e4    00000014     (.common:xTasksWaitingTermination)
                  200195f8    00000008     (.common:g_ucConnectionBSSID)
                  20019600    00000004     (.common:__Errorlog)
                  20019604    00000004     (.common:_offsetA)
                  20019608    00000004     (.common:_offsetB)
                  2001960c    00000004     (.common:_scaleA)
                  20019610    00000004     (.common:_scaleB)
                  20019614    00000004     (.common:pxDelayedTaskList)
                  20019618    00000004     (.common:pxOverflowDelayedTaskList)
                  2001961c    00000001     (.common:g_ucLED1Pin)
                  2001961d    00000001     (.common:g_ucLED2Pin)
                  2001961e    00000001     (.common:g_ucLED3Pin)

.stack     0    2002f000    00001000     UNINITIALIZED
                  2002f000    00001000     --HOLE--


LINKER GENERATED COPY TABLES

__TI_cinit_table @ 2000f2c0 records: 2, size/record: 8, table size: 16
	.data: load addr=2000f1d8, load size=000000cd bytes, run addr=20019000, run size=00000458 bytes, compression=rle
	.bss: load addr=2000f2b8, load size=00000008 bytes, run addr=20019458, run size=000001c7 bytes, compression=zero_init


LINKER GENERATED HANDLER TABLE

__TI_handler_table @ 2000f2a8 records: 3, size/record: 4, table size: 12
	index: 0, handler: __TI_decompress_rle24
	index: 1, handler: __TI_decompress_none
	index: 2, handler: __TI_zero_init


GLOBAL SYMBOLS: SORTED ALPHABETICALLY BY Name 

address    name
--------   ----
2000aa31   BMA222Close
2000aa0f   BMA222Open
2000aa35   BMA222Read
2000aab1   BMA222ReadNew
2000a9d9   BlockRead
2000de0d   C$$EXIT
2000e9f3   CPUcpsie
2000a359   ClearTerm
20006025   ConnectToNetwork
2000c479   ConnectionTest
2000e80d   CopyPingResultsToReport
2001932c   DMAMsgQ
2000e431   DmaSpiSwIntHandler
2000a363   Error
2000e1a5   GPIODirModeSet
2000ea07   GPIOIntClear
2000e827   GPIOIntEnable
2000e741   GPIOIntRegister
2000cfa5   GPIOIntTypeSet
2000e8dd   GPIOPinRead
2000e6df   GPIOPinWrite
20009685   GPIO_IF_ConfigureNIntEnable
200096fb   GPIO_IF_Get
2000963f   GPIO_IF_GetPortNPin
20009401   GPIO_IF_LedConfigure
200094f3   GPIO_IF_LedOff
2000943f   GPIO_IF_LedOn
200095a7   GPIO_IF_LedStatus
20009611   GPIO_IF_LedToggle
200096c1   GPIO_IF_Set
2000a39b   GetCmd
2000a975   GetRegisterValue
20009aa1   Hx711
2000ea6d   I2CMasterControl
2000ead5   I2CMasterDataGet
2000e985   I2CMasterDataPut
2000e99b   I2CMasterEnable
2000e45d   I2CMasterErr
2000ce9d   I2CMasterInitExpClk
2000ea7f   I2CMasterIntClearEx
2000e75f   I2CMasterIntStatusEx
2000e635   I2CMasterSlaveAddrSet
2000ea91   I2CMasterTimeoutSet
2000a301   I2C_IF_Close
2000a2b9   I2C_IF_Open
2000a1b3   I2C_IF_Read
2000a26f   I2C_IF_ReadFrom
2000a0fd   I2C_IF_Write
2000a319   InitTerm
2000c67d   IntDisable
2000c725   IntEnable
2000eb19   IntMasterEnable
2000d8d9   IntPendClear
2000da39   IntPrioritySet
2000e701   IntRegister
2000e55d   IntUnregister
2000ea1d   IntVTableBaseSet
2000a337   Message
2000eab5   NwpMaskInterrupt
2000dfd5   NwpPowerOff
2000e315   NwpPowerOn
2000d029   NwpPowerOnPreamble
2000e657   NwpRegisterInterruptHandler
2000eb0d   NwpUnMaskInterrupt
2000af91   PRCMCC3200MCUInit
2000e9b1   PRCMHIBRegRead
2000e9c7   PRCMHIBRegWrite
2000e50d   PRCMPeripheralClkDisable
2000e011   PRCMPeripheralClkEnable
2000c9a1   PRCMPeripheralClockGet
2000d931   PRCMPeripheralReset
2000e1dd   PRCMPeripheralStatusGet
2000e489   PRCMSysResetCauseGet
2000cc81   PinConfigSet
2000de95   PinModeSet
2000c515   PinMuxConfig
2000e345   PinTypeGPIO
2000e79b   PinTypeI2C
2000e841   PinTypeUART
2000571d   ReadAccSensor
2000a4c5   Report
2000eaff   ResetISR
UNDEFED    SHT$$INIT_ARRAY$$Base
UNDEFED    SHT$$INIT_ARRAY$$Limit
2000e8f5   SPICSDisable
2000e90d   SPICSEnable
2000c7cd   SPIConfigSetExpClk
2000e925   SPIDisable
2000e85b   SPIDmaDisable
2000e875   SPIDmaEnable
2000e93d   SPIEnable
2000e88f   SPIFIFODisable
2000e8a9   SPIFIFOEnable
2000e211   SPIFIFOLevelSet
2000dcf5   SPIIntClear
2000db35   SPIIntEnable
2000e679   SPIReset
2000e69b   SPIWordCountSet
2000a99f   SetRegisterValue
20005df9   SimpleLinkGeneralEventHandler
20005c2b   SimpleLinkHttpServerCallback
20005951   SimpleLinkNetAppEventHandler
2000c461   SimpleLinkPingReport
20005e21   SimpleLinkSockEventHandler
200057f5   SimpleLinkWlanEventHandler
2000bc71   SmartConfigConnect
2000bcf9   SmartConfigStop
20008b31   TMP006DrvGetTemp
20008899   TMP006DrvOpen
2000a42d   TrimSpace
2000e9dd   UARTCharGet
2000e77d   UARTCharPut
2000d30d   UARTConfigSetExpClk
2000e375   UARTDisable
2000e581   UARTEnable
2000eb2b   UtilsDelay
200086c5   VDeleteSimpleLinkSpawnTask
20008675   VStartSimpleLinkSpawnTask
2000eaf1   _Dclass
20019238   _Denorm
2000bfe5   _Dint
2000c0a9   _Dnorm
2000b669   _Dscale
2000de51   _Dtest
2000d6f5   _Dunscale
20019248   _Eps
20019450   _Errno
2000a585   _Exp
200192b8   _FDenorm
200192c8   _FEps
200192d8   _FInf
200192e8   _FNan
20019308   _FRteps
200192f8   _FSnan
20019318   _FXbig
2001931c   _FZero
20019448   _Fenv
2000e3a5   _Feraise
20019258   _Hugeval
20019268   _Inf
20009da5   _Log
20019278   _Nan
20019298   _Rteps
2000f040   _SlActionLookupTable
20009755   _SlAsyncEventGenericHandler
2000f1d0   _SlDeviceGetCmdCtrl
2000f1d4   _SlDeviceSetCmdCtrl
2000e245   _SlDrvBasicCmd
2000ca35   _SlDrvClassifyRxMsg
2000cf21   _SlDrvCmdOp
2000e721   _SlDrvCmdSend
2000e8c3   _SlDrvDeviceEventHandler
2000d989   _SlDrvDriverCBDeinit
2000d0a9   _SlDrvDriverCBInit
2000e4b5   _SlDrvFlowContDeinit
2000e4e1   _SlDrvFlowContInit
20009059   _SlDrvMsgRead
2000c3ad   _SlDrvMsgReadCmdCtx
2000cbf1   _SlDrvMsgReadSpawnCtx
2000b445   _SlDrvMsgWrite
2000c5c9   _SlDrvNetAppEventHandler
2000e7b9   _SlDrvObjDeInit
2000e04d   _SlDrvObjInit
2000b885   _SlDrvReleasePoolObj
2000ad19   _SlDrvRxHdrRead
2000ded5   _SlDrvRxIrqHandler
2000ea31   _SlDrvShiftDWord
2000b779   _SlDrvWaitForPoolObj
2000f1cc   _SlEventMaskGetCmdCtrl
2000f1c8   _SlEventMaskSetCmdCtrl
2000c909   _SlFindAndSetActiveObj
2000f178   _SlGetHostByNameCtrl
2000f174   _SlGetHostByServiceCtrl
2000f16c   _SlGetServiceListeCtrl
2000f184   _SlNetAppGetCmdCtrl
2000f180   _SlNetAppSendTokenValueCmdCtrl
2000f17c   _SlNetAppSetCmdCtrl
2000f164   _SlNetAppStartCtrl
2000f168   _SlNetAppStopCtrl
2000ed4c   _SlPolicyGetCmdCtrl
2000ed48   _SlPolicySetCmdCtrl
2000ed54   _SlProfileDelCmdCtrl
2000ed50   _SlProfileGetCmdCtrl
2000f170   _SlRegisterServiceCtrl
2000df15   _SlRemoveFromList
2000ed5c   _SlRxFilterAddtCmdCtrl
2000ed64   _SlRxFilterGetCmdCtrl
2000ed60   _SlRxFilterSetCmdCtrl
2000ed68   _SlSmartConfigStartCmdCtrl
2000f1c4   _SlStopCmdCtrl
2000ed74   _SlWlanCfgGetCmdCtrl
2000ed70   _SlWlanCfgSetCmdCtrl
2000ed58   _SlWlanGetNetworkListCtrl
2000ed6c   _SlWlanSetModeCmdCtrl
20019288   _Snan
2001944c   _Tls_setup__Fenv
200192a8   _Xbig
200192b0   _Zero
20030000   __STACK_END
00001000   __STACK_SIZE
00002000   __SYSMEM_SIZE
2000f2c0   __TI_CINIT_Base
2000f2d0   __TI_CINIT_Limit
2000f2a8   __TI_Handler_Table_Base
2000f2b4   __TI_Handler_Table_Limit
00000001   __TI_args_main
2000cac9   __TI_auto_init
20019440   __TI_cleanup_ptr
2000eae3   __TI_decompress_none
2000eb31   __TI_decompress_rle24
20019444   __TI_dtors_ptr
2000713f   __TI_printfi
2000f1d8   __TI_static_base__
2000eaa3   __TI_zero_init
2000cd91   __aeabi_cdcmpeq
2000cd91   __aeabi_cdcmple
2000ce17   __aeabi_cdrcmple
2000dc63   __aeabi_d2f
2000dd3d   __aeabi_d2iz
2000ab6b   __aeabi_dadd
2000ae59   __aeabi_ddiv
2000b989   __aeabi_dmul
2000ab61   __aeabi_dsub
2000e0fd   __aeabi_f2d
2000e135   __aeabi_f2iz
2000e2e1   __aeabi_f2uiz
2000ba89   __aeabi_fadd
2000cb5d   __aeabi_fdiv
2000d1a1   __aeabi_fmul
2000ba85   __aeabi_fsub
2000e3d5   __aeabi_i2d
2000e16d   __aeabi_i2f
2000e96d   __aeabi_lmul
2000d295   __aeabi_memclr
2000d295   __aeabi_memclr4
2000d295   __aeabi_memclr8
2000c86d   __aeabi_memcpy
2000c86d   __aeabi_memcpy4
2000c86d   __aeabi_memcpy8
2000d297   __aeabi_memset
2000d297   __aeabi_memset4
2000d297   __aeabi_memset8
2000a781   __aeabi_uldivmod
ffffffff   __binit__
ffffffff   __c_args__
2002f000   __stack
2000e955   _args_main
2000e279   _c_int00
2000eb40   _ctypes_
20019438   _lock
2000ea53   _nop
20019604   _offsetA
20019608   _offsetB
2000ea4b   _register_lock
2000ea45   _register_unlock
2001960c   _scaleA
20019610   _scaleB
2000dc19   _sl_GetStartResponseConvert
2000d691   _sl_HandleAsync_Accept
2000d5c1   _sl_HandleAsync_Connect
2000d125   _sl_HandleAsync_DnsGetHostByName
2000d629   _sl_HandleAsync_DnsGetHostByService
2000d385   _sl_HandleAsync_InitComplete
2000d4e1   _sl_HandleAsync_PingResponse
2000d9e1   _sl_HandleAsync_Select
2000da8d   _sl_HandleAsync_Stop
20017000   _sys_memory
2001943c   _unlock
2000de11   abort
2000db81   atoi
20009afb   averageValue
ffffffff   binit
20009021   calloc
2000ddc9   copy_in
20004691   eTaskGetState
2000de19   exit
2000e2ad   feraiseexcept
20008d7b   free
20019004   gFirstCmdMode
2000f038   g_H2NCnysPattern
2000f030   g_H2NSyncPattern
20019320   g_SpiFd
2001900c   g_StatMem
20019330   g_cDummy
20019008   g_pCB
20019324   g_pHostIntHdl
20004000   g_pfnVectors
20019328   g_ucDMAEnabled
20019334   g_ucDinDout
2001961c   g_ucLED1Pin
2001961d   g_ucLED2Pin
2001961e   g_ucLED3Pin
2001940c   g_uiLED1Port
20019410   g_uiLED2Port
20019414   g_uiLED3Port
20019434   g_uiPingDone
20019430   g_uiPingPacketsRecv
20009d35   getGram
20009b61   getValue
2000eb37   log
2000d87f   ltoa
200063a9   main
20019454   main_func_sp
20008d19   malloc
200087c9   mem_Free
200087bd   mem_Malloc
200087e9   mem_copy
200087d5   mem_set
20008f41   memalign
2000e7d5   memccpy
2000e6bd   memcmp
2000c86d   memcpy
2000e5a5   memmove
2000d29d   memset
20008c8d   minit
2000883f   osi_ContextRestore
2000883d   osi_ContextSave
200087fd   osi_EnterCritical
20008807   osi_ExitCritical
20008423   osi_InterruptDeRegister
200083fd   osi_InterruptRegister
2000852d   osi_LockObjCreate
200085a1   osi_LockObjDelete
200085b1   osi_LockObjLock
200085dd   osi_LockObjUnlock
200086f1   osi_MsgQCreate
20008735   osi_MsgQDelete
20008781   osi_MsgQRead
2000874f   osi_MsgQWrite
20008819   osi_Sleep
20008607   osi_Spawn
2000850b   osi_SyncObjClear
20008435   osi_SyncObjCreate
20008465   osi_SyncObjDelete
2000847f   osi_SyncObjSignal
200084a7   osi_SyncObjSignalFromISR
200084df   osi_SyncObjWait
20008553   osi_TaskCreate
20008593   osi_TaskDelete
20008829   osi_TaskDisable
20008833   osi_TaskEnable
20008811   osi_start
20019000   pPingCallBackFunc
20004bb5   pcTaskGetTaskName
2000c3a5   portCLZ
20007f6d   pow
2000c38d   prvPortStartFirstTask
2000e0c5   pvPortMalloc
200193c4   pxCurrentTCB
2000b559   pxPortInitialiseStack
2000e403   raise
20008e3b   realloc
20009cf5   setOffsetA
20009d15   setOffsetB
20009d05   setScaleA
20009d25   setScaleB
2000df55   signal
2000be41   sl_NetAppDnsGetHostByName
2000b321   sl_NetAppPingStart
2000dae1   sl_NetAppSendTokenValue
2000e5c9   sl_NetAppStart
2000e5ed   sl_NetAppStop
2000c231   sl_Start
2000c16d   sl_Stop
2000d3f9   sl_WlanGet
2000df95   sl_WlanPolicySet
2000e611   sl_WlanProfileDel
2000e535   sl_WlanSetMode
2000d551   sl_WlanSmartConfigStart
2000eb23   sl_WlanSmartConfigStop
2000d46d   spi_Close
2000b0c5   spi_Open
2000bf19   spi_Read
2000bd59   spi_Write
2000eac5   strcpy
2000ea59   strlen
2000dbcd   uDMAChannelAssign
2000d759   uDMAChannelAttributeDisable
2000d7bd   uDMAChannelAttributeEnable
2000e089   uDMAChannelControlSet
2000e7f1   uDMAChannelEnable
2000bb81   uDMAChannelTransferSet
20007bc9   ucQueueGetQueueType
2000c2f5   ulPortSetInterruptMask
2000b2d7   uxListRemove
20007ba9   uxQueueGetQueueNumber
20007b3d   uxQueueMessagesWaiting
20007b73   uxQueueMessagesWaitingFromISR
20007b53   uxQueueSpacesAvailable
20004ba9   uxTaskGetNumberOfTasks
20004bd9   uxTaskGetSystemState
200050c9   uxTaskGetTaskNumber
20004725   uxTaskPriorityGet
20005621   uxTaskResetEventItemValue
20005665   vApplicationIdleHook
20005671   vApplicationMallocFailedHook
20005667   vApplicationStackOverflowHook
20005659   vApplicationTickHook
2000565b   vAssertCalled
2000b1f5   vListInitialise
2000b225   vListInitialiseItem
2000b271   vListInsert
2000b235   vListInsertEnd
2000c30b   vPortClearInterruptMask
2000b5d5   vPortEndScheduler
2000b5e9   vPortEnterCritical
2000b601   vPortExitCritical
2000e0e5   vPortFree
2000c365   vPortSVCHandler
2000b635   vPortSetupTimerInterrupt
2000b5d7   vPortYield
20007de3   vQueueAddToRegistry
20007b85   vQueueDelete
20007bb7   vQueueSetQueueNumber
20007e25   vQueueUnregisterQueue
2000463b   vTaskDelay
2000459f   vTaskDelayUntil
2000450f   vTaskDelete
20004a8d   vTaskEndScheduler
200050bb   vTaskMissedYield
20004e51   vTaskPlaceOnEventList
20004eb5   vTaskPlaceOnUnorderedEventList
20005597   vTaskPriorityDisinherit
200054dd   vTaskPriorityInherit
2000475d   vTaskPrioritySet
20004955   vTaskResume
200050e9   vTaskSetTaskNumber
2000501b   vTaskSetTimeOutState
20004a43   vTaskStartScheduler
20004861   vTaskSuspend
20004a9f   vTaskSuspendAll
20004dd1   vTaskSwitchContext
2000cd09   vsnprintf
20019418   xHigherPriorityTaskWoken
2000c319   xPortPendSVHandler
2000b5a9   xPortStartScheduler
2000b619   xPortSysTickHandler
20007e73   xQueueAddToSet
200077a5   xQueueAltGenericReceive
200076f9   xQueueAltGenericSend
200075cd   xQueueCreateCountingSemaphore
2000754f   xQueueCreateMutex
20007e5f   xQueueCreateSet
200074d9   xQueueGenericCreate
2000793f   xQueueGenericReceive
20007449   xQueueGenericReset
200075ed   xQueueGenericSend
200078a3   xQueueGenericSendFromISR
20007d7f   xQueueIsQueueEmptyFromISR
20007dc1   xQueueIsQueueFullFromISR
20007af9   xQueuePeekFromISR
20007a81   xQueueReceiveFromISR
20019520   xQueueRegistry
20007ea7   xQueueRemoveFromSet
20007ee9   xQueueSelectFromSet
20007f03   xQueueSelectFromSetFromISR
2001941c   xSimpleLinkSpawnQueue
20019420   xSimpleLinkSpawnTaskHndl
20005041   xTaskCheckForTimeOut
20004401   xTaskGenericCreate
20005491   xTaskGetCurrentTaskHandle
20004c97   xTaskGetIdleTaskHandle
200054a5   xTaskGetSchedulerState
20004b7d   xTaskGetTickCount
20004b91   xTaskGetTickCountFromISR
20004cb5   xTaskIncrementTick
20004f25   xTaskRemoveFromEventList
20004fad   xTaskRemoveFromUnorderedEventList
20004ab1   xTaskResumeAll
200049c9   xTaskResumeFromISR


GLOBAL SYMBOLS: SORTED BY Symbol Address 

address    name
--------   ----
00000001   __TI_args_main
00001000   __STACK_SIZE
00002000   __SYSMEM_SIZE
20004000   g_pfnVectors
20004401   xTaskGenericCreate
2000450f   vTaskDelete
2000459f   vTaskDelayUntil
2000463b   vTaskDelay
20004691   eTaskGetState
20004725   uxTaskPriorityGet
2000475d   vTaskPrioritySet
20004861   vTaskSuspend
20004955   vTaskResume
200049c9   xTaskResumeFromISR
20004a43   vTaskStartScheduler
20004a8d   vTaskEndScheduler
20004a9f   vTaskSuspendAll
20004ab1   xTaskResumeAll
20004b7d   xTaskGetTickCount
20004b91   xTaskGetTickCountFromISR
20004ba9   uxTaskGetNumberOfTasks
20004bb5   pcTaskGetTaskName
20004bd9   uxTaskGetSystemState
20004c97   xTaskGetIdleTaskHandle
20004cb5   xTaskIncrementTick
20004dd1   vTaskSwitchContext
20004e51   vTaskPlaceOnEventList
20004eb5   vTaskPlaceOnUnorderedEventList
20004f25   xTaskRemoveFromEventList
20004fad   xTaskRemoveFromUnorderedEventList
2000501b   vTaskSetTimeOutState
20005041   xTaskCheckForTimeOut
200050bb   vTaskMissedYield
200050c9   uxTaskGetTaskNumber
200050e9   vTaskSetTaskNumber
20005491   xTaskGetCurrentTaskHandle
200054a5   xTaskGetSchedulerState
200054dd   vTaskPriorityInherit
20005597   vTaskPriorityDisinherit
20005621   uxTaskResetEventItemValue
20005659   vApplicationTickHook
2000565b   vAssertCalled
20005665   vApplicationIdleHook
20005667   vApplicationStackOverflowHook
20005671   vApplicationMallocFailedHook
2000571d   ReadAccSensor
200057f5   SimpleLinkWlanEventHandler
20005951   SimpleLinkNetAppEventHandler
20005c2b   SimpleLinkHttpServerCallback
20005df9   SimpleLinkGeneralEventHandler
20005e21   SimpleLinkSockEventHandler
20006025   ConnectToNetwork
200063a9   main
2000713f   __TI_printfi
20007449   xQueueGenericReset
200074d9   xQueueGenericCreate
2000754f   xQueueCreateMutex
200075cd   xQueueCreateCountingSemaphore
200075ed   xQueueGenericSend
200076f9   xQueueAltGenericSend
200077a5   xQueueAltGenericReceive
200078a3   xQueueGenericSendFromISR
2000793f   xQueueGenericReceive
20007a81   xQueueReceiveFromISR
20007af9   xQueuePeekFromISR
20007b3d   uxQueueMessagesWaiting
20007b53   uxQueueSpacesAvailable
20007b73   uxQueueMessagesWaitingFromISR
20007b85   vQueueDelete
20007ba9   uxQueueGetQueueNumber
20007bb7   vQueueSetQueueNumber
20007bc9   ucQueueGetQueueType
20007d7f   xQueueIsQueueEmptyFromISR
20007dc1   xQueueIsQueueFullFromISR
20007de3   vQueueAddToRegistry
20007e25   vQueueUnregisterQueue
20007e5f   xQueueCreateSet
20007e73   xQueueAddToSet
20007ea7   xQueueRemoveFromSet
20007ee9   xQueueSelectFromSet
20007f03   xQueueSelectFromSetFromISR
20007f6d   pow
200083fd   osi_InterruptRegister
20008423   osi_InterruptDeRegister
20008435   osi_SyncObjCreate
20008465   osi_SyncObjDelete
2000847f   osi_SyncObjSignal
200084a7   osi_SyncObjSignalFromISR
200084df   osi_SyncObjWait
2000850b   osi_SyncObjClear
2000852d   osi_LockObjCreate
20008553   osi_TaskCreate
20008593   osi_TaskDelete
200085a1   osi_LockObjDelete
200085b1   osi_LockObjLock
200085dd   osi_LockObjUnlock
20008607   osi_Spawn
20008675   VStartSimpleLinkSpawnTask
200086c5   VDeleteSimpleLinkSpawnTask
200086f1   osi_MsgQCreate
20008735   osi_MsgQDelete
2000874f   osi_MsgQWrite
20008781   osi_MsgQRead
200087bd   mem_Malloc
200087c9   mem_Free
200087d5   mem_set
200087e9   mem_copy
200087fd   osi_EnterCritical
20008807   osi_ExitCritical
20008811   osi_start
20008819   osi_Sleep
20008829   osi_TaskDisable
20008833   osi_TaskEnable
2000883d   osi_ContextSave
2000883f   osi_ContextRestore
20008899   TMP006DrvOpen
20008b31   TMP006DrvGetTemp
20008c8d   minit
20008d19   malloc
20008d7b   free
20008e3b   realloc
20008f41   memalign
20009021   calloc
20009059   _SlDrvMsgRead
20009401   GPIO_IF_LedConfigure
2000943f   GPIO_IF_LedOn
200094f3   GPIO_IF_LedOff
200095a7   GPIO_IF_LedStatus
20009611   GPIO_IF_LedToggle
2000963f   GPIO_IF_GetPortNPin
20009685   GPIO_IF_ConfigureNIntEnable
200096c1   GPIO_IF_Set
200096fb   GPIO_IF_Get
20009755   _SlAsyncEventGenericHandler
20009aa1   Hx711
20009afb   averageValue
20009b61   getValue
20009cf5   setOffsetA
20009d05   setScaleA
20009d15   setOffsetB
20009d25   setScaleB
20009d35   getGram
20009da5   _Log
2000a0fd   I2C_IF_Write
2000a1b3   I2C_IF_Read
2000a26f   I2C_IF_ReadFrom
2000a2b9   I2C_IF_Open
2000a301   I2C_IF_Close
2000a319   InitTerm
2000a337   Message
2000a359   ClearTerm
2000a363   Error
2000a39b   GetCmd
2000a42d   TrimSpace
2000a4c5   Report
2000a585   _Exp
2000a781   __aeabi_uldivmod
2000a975   GetRegisterValue
2000a99f   SetRegisterValue
2000a9d9   BlockRead
2000aa0f   BMA222Open
2000aa31   BMA222Close
2000aa35   BMA222Read
2000aab1   BMA222ReadNew
2000ab61   __aeabi_dsub
2000ab6b   __aeabi_dadd
2000ad19   _SlDrvRxHdrRead
2000ae59   __aeabi_ddiv
2000af91   PRCMCC3200MCUInit
2000b0c5   spi_Open
2000b1f5   vListInitialise
2000b225   vListInitialiseItem
2000b235   vListInsertEnd
2000b271   vListInsert
2000b2d7   uxListRemove
2000b321   sl_NetAppPingStart
2000b445   _SlDrvMsgWrite
2000b559   pxPortInitialiseStack
2000b5a9   xPortStartScheduler
2000b5d5   vPortEndScheduler
2000b5d7   vPortYield
2000b5e9   vPortEnterCritical
2000b601   vPortExitCritical
2000b619   xPortSysTickHandler
2000b635   vPortSetupTimerInterrupt
2000b669   _Dscale
2000b779   _SlDrvWaitForPoolObj
2000b885   _SlDrvReleasePoolObj
2000b989   __aeabi_dmul
2000ba85   __aeabi_fsub
2000ba89   __aeabi_fadd
2000bb81   uDMAChannelTransferSet
2000bc71   SmartConfigConnect
2000bcf9   SmartConfigStop
2000bd59   spi_Write
2000be41   sl_NetAppDnsGetHostByName
2000bf19   spi_Read
2000bfe5   _Dint
2000c0a9   _Dnorm
2000c16d   sl_Stop
2000c231   sl_Start
2000c2f5   ulPortSetInterruptMask
2000c30b   vPortClearInterruptMask
2000c319   xPortPendSVHandler
2000c365   vPortSVCHandler
2000c38d   prvPortStartFirstTask
2000c3a5   portCLZ
2000c3ad   _SlDrvMsgReadCmdCtx
2000c461   SimpleLinkPingReport
2000c479   ConnectionTest
2000c515   PinMuxConfig
2000c5c9   _SlDrvNetAppEventHandler
2000c67d   IntDisable
2000c725   IntEnable
2000c7cd   SPIConfigSetExpClk
2000c86d   __aeabi_memcpy
2000c86d   __aeabi_memcpy4
2000c86d   __aeabi_memcpy8
2000c86d   memcpy
2000c909   _SlFindAndSetActiveObj
2000c9a1   PRCMPeripheralClockGet
2000ca35   _SlDrvClassifyRxMsg
2000cac9   __TI_auto_init
2000cb5d   __aeabi_fdiv
2000cbf1   _SlDrvMsgReadSpawnCtx
2000cc81   PinConfigSet
2000cd09   vsnprintf
2000cd91   __aeabi_cdcmpeq
2000cd91   __aeabi_cdcmple
2000ce17   __aeabi_cdrcmple
2000ce9d   I2CMasterInitExpClk
2000cf21   _SlDrvCmdOp
2000cfa5   GPIOIntTypeSet
2000d029   NwpPowerOnPreamble
2000d0a9   _SlDrvDriverCBInit
2000d125   _sl_HandleAsync_DnsGetHostByName
2000d1a1   __aeabi_fmul
2000d295   __aeabi_memclr
2000d295   __aeabi_memclr4
2000d295   __aeabi_memclr8
2000d297   __aeabi_memset
2000d297   __aeabi_memset4
2000d297   __aeabi_memset8
2000d29d   memset
2000d30d   UARTConfigSetExpClk
2000d385   _sl_HandleAsync_InitComplete
2000d3f9   sl_WlanGet
2000d46d   spi_Close
2000d4e1   _sl_HandleAsync_PingResponse
2000d551   sl_WlanSmartConfigStart
2000d5c1   _sl_HandleAsync_Connect
2000d629   _sl_HandleAsync_DnsGetHostByService
2000d691   _sl_HandleAsync_Accept
2000d6f5   _Dunscale
2000d759   uDMAChannelAttributeDisable
2000d7bd   uDMAChannelAttributeEnable
2000d87f   ltoa
2000d8d9   IntPendClear
2000d931   PRCMPeripheralReset
2000d989   _SlDrvDriverCBDeinit
2000d9e1   _sl_HandleAsync_Select
2000da39   IntPrioritySet
2000da8d   _sl_HandleAsync_Stop
2000dae1   sl_NetAppSendTokenValue
2000db35   SPIIntEnable
2000db81   atoi
2000dbcd   uDMAChannelAssign
2000dc19   _sl_GetStartResponseConvert
2000dc63   __aeabi_d2f
2000dcf5   SPIIntClear
2000dd3d   __aeabi_d2iz
2000ddc9   copy_in
2000de0d   C$$EXIT
2000de11   abort
2000de19   exit
2000de51   _Dtest
2000de95   PinModeSet
2000ded5   _SlDrvRxIrqHandler
2000df15   _SlRemoveFromList
2000df55   signal
2000df95   sl_WlanPolicySet
2000dfd5   NwpPowerOff
2000e011   PRCMPeripheralClkEnable
2000e04d   _SlDrvObjInit
2000e089   uDMAChannelControlSet
2000e0c5   pvPortMalloc
2000e0e5   vPortFree
2000e0fd   __aeabi_f2d
2000e135   __aeabi_f2iz
2000e16d   __aeabi_i2f
2000e1a5   GPIODirModeSet
2000e1dd   PRCMPeripheralStatusGet
2000e211   SPIFIFOLevelSet
2000e245   _SlDrvBasicCmd
2000e279   _c_int00
2000e2ad   feraiseexcept
2000e2e1   __aeabi_f2uiz
2000e315   NwpPowerOn
2000e345   PinTypeGPIO
2000e375   UARTDisable
2000e3a5   _Feraise
2000e3d5   __aeabi_i2d
2000e403   raise
2000e431   DmaSpiSwIntHandler
2000e45d   I2CMasterErr
2000e489   PRCMSysResetCauseGet
2000e4b5   _SlDrvFlowContDeinit
2000e4e1   _SlDrvFlowContInit
2000e50d   PRCMPeripheralClkDisable
2000e535   sl_WlanSetMode
2000e55d   IntUnregister
2000e581   UARTEnable
2000e5a5   memmove
2000e5c9   sl_NetAppStart
2000e5ed   sl_NetAppStop
2000e611   sl_WlanProfileDel
2000e635   I2CMasterSlaveAddrSet
2000e657   NwpRegisterInterruptHandler
2000e679   SPIReset
2000e69b   SPIWordCountSet
2000e6bd   memcmp
2000e6df   GPIOPinWrite
2000e701   IntRegister
2000e721   _SlDrvCmdSend
2000e741   GPIOIntRegister
2000e75f   I2CMasterIntStatusEx
2000e77d   UARTCharPut
2000e79b   PinTypeI2C
2000e7b9   _SlDrvObjDeInit
2000e7d5   memccpy
2000e7f1   uDMAChannelEnable
2000e80d   CopyPingResultsToReport
2000e827   GPIOIntEnable
2000e841   PinTypeUART
2000e85b   SPIDmaDisable
2000e875   SPIDmaEnable
2000e88f   SPIFIFODisable
2000e8a9   SPIFIFOEnable
2000e8c3   _SlDrvDeviceEventHandler
2000e8dd   GPIOPinRead
2000e8f5   SPICSDisable
2000e90d   SPICSEnable
2000e925   SPIDisable
2000e93d   SPIEnable
2000e955   _args_main
2000e96d   __aeabi_lmul
2000e985   I2CMasterDataPut
2000e99b   I2CMasterEnable
2000e9b1   PRCMHIBRegRead
2000e9c7   PRCMHIBRegWrite
2000e9dd   UARTCharGet
2000e9f3   CPUcpsie
2000ea07   GPIOIntClear
2000ea1d   IntVTableBaseSet
2000ea31   _SlDrvShiftDWord
2000ea45   _register_unlock
2000ea4b   _register_lock
2000ea53   _nop
2000ea59   strlen
2000ea6d   I2CMasterControl
2000ea7f   I2CMasterIntClearEx
2000ea91   I2CMasterTimeoutSet
2000eaa3   __TI_zero_init
2000eab5   NwpMaskInterrupt
2000eac5   strcpy
2000ead5   I2CMasterDataGet
2000eae3   __TI_decompress_none
2000eaf1   _Dclass
2000eaff   ResetISR
2000eb0d   NwpUnMaskInterrupt
2000eb19   IntMasterEnable
2000eb23   sl_WlanSmartConfigStop
2000eb2b   UtilsDelay
2000eb31   __TI_decompress_rle24
2000eb37   log
2000eb40   _ctypes_
2000ed48   _SlPolicySetCmdCtrl
2000ed4c   _SlPolicyGetCmdCtrl
2000ed50   _SlProfileGetCmdCtrl
2000ed54   _SlProfileDelCmdCtrl
2000ed58   _SlWlanGetNetworkListCtrl
2000ed5c   _SlRxFilterAddtCmdCtrl
2000ed60   _SlRxFilterSetCmdCtrl
2000ed64   _SlRxFilterGetCmdCtrl
2000ed68   _SlSmartConfigStartCmdCtrl
2000ed6c   _SlWlanSetModeCmdCtrl
2000ed70   _SlWlanCfgSetCmdCtrl
2000ed74   _SlWlanCfgGetCmdCtrl
2000f030   g_H2NSyncPattern
2000f038   g_H2NCnysPattern
2000f040   _SlActionLookupTable
2000f164   _SlNetAppStartCtrl
2000f168   _SlNetAppStopCtrl
2000f16c   _SlGetServiceListeCtrl
2000f170   _SlRegisterServiceCtrl
2000f174   _SlGetHostByServiceCtrl
2000f178   _SlGetHostByNameCtrl
2000f17c   _SlNetAppSetCmdCtrl
2000f180   _SlNetAppSendTokenValueCmdCtrl
2000f184   _SlNetAppGetCmdCtrl
2000f1c4   _SlStopCmdCtrl
2000f1c8   _SlEventMaskSetCmdCtrl
2000f1cc   _SlEventMaskGetCmdCtrl
2000f1d0   _SlDeviceGetCmdCtrl
2000f1d4   _SlDeviceSetCmdCtrl
2000f1d8   __TI_static_base__
2000f2a8   __TI_Handler_Table_Base
2000f2b4   __TI_Handler_Table_Limit
2000f2c0   __TI_CINIT_Base
2000f2d0   __TI_CINIT_Limit
20017000   _sys_memory
20019000   pPingCallBackFunc
20019004   gFirstCmdMode
20019008   g_pCB
2001900c   g_StatMem
20019238   _Denorm
20019248   _Eps
20019258   _Hugeval
20019268   _Inf
20019278   _Nan
20019288   _Snan
20019298   _Rteps
200192a8   _Xbig
200192b0   _Zero
200192b8   _FDenorm
200192c8   _FEps
200192d8   _FInf
200192e8   _FNan
200192f8   _FSnan
20019308   _FRteps
20019318   _FXbig
2001931c   _FZero
20019320   g_SpiFd
20019324   g_pHostIntHdl
20019328   g_ucDMAEnabled
2001932c   DMAMsgQ
20019330   g_cDummy
20019334   g_ucDinDout
200193c4   pxCurrentTCB
2001940c   g_uiLED1Port
20019410   g_uiLED2Port
20019414   g_uiLED3Port
20019418   xHigherPriorityTaskWoken
2001941c   xSimpleLinkSpawnQueue
20019420   xSimpleLinkSpawnTaskHndl
20019430   g_uiPingPacketsRecv
20019434   g_uiPingDone
20019438   _lock
2001943c   _unlock
20019440   __TI_cleanup_ptr
20019444   __TI_dtors_ptr
20019448   _Fenv
2001944c   _Tls_setup__Fenv
20019450   _Errno
20019454   main_func_sp
20019520   xQueueRegistry
20019604   _offsetA
20019608   _offsetB
2001960c   _scaleA
20019610   _scaleB
2001961c   g_ucLED1Pin
2001961d   g_ucLED2Pin
2001961e   g_ucLED3Pin
2002f000   __stack
20030000   __STACK_END
ffffffff   __binit__
ffffffff   __c_args__
ffffffff   binit
UNDEFED    SHT$$INIT_ARRAY$$Base
UNDEFED    SHT$$INIT_ARRAY$$Limit

[470 symbols]
