******************************************************************************
                  TI ARM Linker PC v5.1.6                      
******************************************************************************
>> Linked Mon Jun 29 22:50:00 2015

OUTPUT FILE NAME:   <oob.out>
ENTRY POINT SYMBOL: "_c_int00"  address: 2000e179


MEMORY CONFIGURATION

         name            origin    length      used     unused   attr    fill
----------------------  --------  ---------  --------  --------  ----  --------
  SRAM_CODE             20004000   00013000  0000b1cc  00007e34  RW X
  SRAM_DATA             20017000   00019000  00003617  000159e9  RW X


SEGMENT ALLOCATION MAP

run origin  load origin   length   init length attrs members
----------  ----------- ---------- ----------- ----- -------
20004000    20004000    0000b1d0   0000b1d0    r-x
  20004000    20004000    00000400   00000400    r-- .intvecs
  20004400    20004400    0000a63c   0000a63c    r-x .text
  2000ea40    2000ea40    00000698   00000698    r-- .const
  2000f0d8    2000f0d8    000000f8   000000f8    r-- .cinit
20017000    20017000    00002617   00000000    rw-
  20017000    20017000    00002000   00000000    rw- .sysmem
  20019000    20019000    00000458   00000000    rw- .data
  20019458    20019458    000001bf   00000000    rw- .bss
2002f000    2002f000    00001000   00000000    rw-
  2002f000    2002f000    00001000   00000000    rw- .stack


SECTION ALLOCATION MAP

 output                                  attributes/
section   page    origin      length       input sections
--------  ----  ----------  ----------   ----------------
.init_array 
*          0    20004000    00000000     UNINITIALIZED

.intvecs   0    20004000    00000400     
                  20004000    00000400     startup_ccs.obj (.intvecs)

.text      0    20004400    0000a63c     
                  20004400    00001258     free_rtos.a : tasks.obj (.text)
                  20005658    00000f64     main.obj (.text)
                  200065bc    00000ec0     rtsv7M4_T_le_eabi.lib : _printfi.obj (.text)
                  2000747c    00000b24     free_rtos.a : queue.obj (.text)
                  20007fa0    00000490     rtsv7M4_T_le_eabi.lib : pow.obj (.text)
                  20008430    0000045c     free_rtos.a : osi_freertos.obj (.text)
                  2000888c    00000434     tmp006drv.obj (.text)
                  20008cc0    000003cc     rtsv7M4_T_le_eabi.lib : memory.obj (.text)
                  2000908c    000003a6     simplelink.a : driver.obj (.text:_SlDrvMsgRead)
                  20009432    00000002     driverlib.a : interrupt.obj (.text:IntDefaultHandler)
                  20009434    00000354     gpio_if.obj (.text)
                  20009788    0000034c     simplelink.a : driver.obj (.text:_SlAsyncEventGenericHandler)
                  20009ad4    000002e4     rtsv7M4_T_le_eabi.lib : xlog.obj (.text)
                  20009db8    00000290     i2c_if.obj (.text)
                  2000a048    0000026c     uart_if.obj (.text)
                  2000a2b4    000001fc     rtsv7M4_T_le_eabi.lib : xexp.obj (.text)
                  2000a4b0    000001f4                           : ull_div_t2.obj (.text)
                  2000a6a4    000001ec     bma222drv.obj (.text)
                  2000a890    000001d0     hx711.obj (.text)
                  2000aa60    000001b6     rtsv7M4_T_le_eabi.lib : fd_add_t2.obj (.text)
                  2000ac16    00000002     --HOLE-- [fill = 0]
                  2000ac18    00000140     simplelink.a : driver.obj (.text:_SlDrvRxHdrRead)
                  2000ad58    00000136     rtsv7M4_T_le_eabi.lib : fd_div_t2.obj (.text)
                  2000ae8e    00000002     --HOLE-- [fill = 0]
                  2000ae90    00000134     driverlib.a : prcm.obj (.text:PRCMCC3200MCUInit)
                  2000afc4    00000130     simplelink.a : cc_pal.obj (.text:spi_Open)
                  2000b0f4    0000012a     free_rtos.a : list.obj (.text)
                  2000b21e    00000002     --HOLE-- [fill = 0]
                  2000b220    00000124     simplelink.a : netapp.obj (.text:sl_NetAppPingStart)
                  2000b344    00000114                  : driver.obj (.text:_SlDrvMsgWrite)
                  2000b458    00000110     free_rtos.a : port.obj (.text)
                  2000b568    00000110     rtsv7M4_T_le_eabi.lib : xdscale.obj (.text)
                  2000b678    0000010c     simplelink.a : driver.obj (.text:_SlDrvWaitForPoolObj)
                  2000b784    00000104                  : driver.obj (.text:_SlDrvReleasePoolObj)
                  2000b888    000000fc     rtsv7M4_T_le_eabi.lib : fd_mul_t2.obj (.text)
                  2000b984    000000fa                           : fs_add_t2.obj (.text)
                  2000ba7e    00000002     --HOLE-- [fill = 0]
                  2000ba80    000000f0     driverlib.a : udma.obj (.text:uDMAChannelTransferSet)
                  2000bb70    000000e8     smartconfig.obj (.text)
                  2000bc58    000000e8     simplelink.a : cc_pal.obj (.text:spi_Write)
                  2000bd40    000000d8                  : netapp.obj (.text:sl_NetAppDnsGetHostByName)
                  2000be18    000000cc                  : cc_pal.obj (.text:spi_Read)
                  2000bee4    000000c4     rtsv7M4_T_le_eabi.lib : xdint.obj (.text)
                  2000bfa8    000000c4                           : xdnorm.obj (.text)
                  2000c06c    000000c4     simplelink.a : device.obj (.text:sl_Stop)
                  2000c130    000000c0                  : device.obj (.text:sl_Start)
                  2000c1f0    000000ba     free_rtos.a : portasm.obj (.text)
                  2000c2aa    00000002     --HOLE-- [fill = 0]
                  2000c2ac    000000b4     simplelink.a : driver.obj (.text:_SlDrvMsgReadCmdCtx)
                  2000c360    000000b4     device_status.obj (.text)
                  2000c414    000000b4     pinmux.obj (.text)
                  2000c4c8    000000b2     simplelink.a : netapp.obj (.text:_SlDrvNetAppEventHandler)
                  2000c57a    00000002     --HOLE-- [fill = 0]
                  2000c57c    000000a8     driverlib.a : interrupt.obj (.text:IntDisable)
                  2000c624    000000a8                 : interrupt.obj (.text:IntEnable)
                  2000c6cc    000000a0                 : spi.obj (.text:SPIConfigSetExpClk)
                  2000c76c    0000009c     rtsv7M4_T_le_eabi.lib : memcpy_t2.obj (.text)
                  2000c808    00000098     simplelink.a : driver.obj (.text:_SlFindAndSetActiveObj)
                  2000c8a0    00000094     driverlib.a : prcm.obj (.text:PRCMPeripheralClockGet)
                  2000c934    00000094     simplelink.a : driver.obj (.text:_SlDrvClassifyRxMsg)
                  2000c9c8    00000094     rtsv7M4_T_le_eabi.lib : auto_init.obj (.text)
                  2000ca5c    00000092                           : fs_div_t2.obj (.text)
                  2000caee    00000002     --HOLE-- [fill = 0]
                  2000caf0    00000090     simplelink.a : driver.obj (.text:_SlDrvMsgReadSpawnCtx)
                  2000cb80    00000088     driverlib.a : pin.obj (.text:PinConfigSet)
                  2000cc08    00000088     rtsv7M4_T_le_eabi.lib : vsnprintf.obj (.text)
                  2000cc90    00000086                           : fd_cmp_t2.obj (.text:__aeabi_cdcmple)
                  2000cd16    00000086                           : fd_cmp_t2.obj (.text:__aeabi_cdrcmple)
                  2000cd9c    00000084     driverlib.a : i2c.obj (.text:I2CMasterInitExpClk)
                  2000ce20    00000084     simplelink.a : driver.obj (.text:_SlDrvCmdOp)
                  2000cea4    00000082     driverlib.a : gpio.obj (.text:GPIOIntTypeSet)
                  2000cf26    00000002     --HOLE-- [fill = 0]
                  2000cf28    00000080     simplelink.a : cc_pal.obj (.text:NwpPowerOnPreamble)
                  2000cfa8    0000007c                  : driver.obj (.text:_SlDrvDriverCBInit)
                  2000d024    0000007c                  : netapp.obj (.text:_sl_HandleAsync_DnsGetHostByName)
                  2000d0a0    0000007a     rtsv7M4_T_le_eabi.lib : fs_mul_t2.obj (.text)
                  2000d11a    00000002     --HOLE-- [fill = 0]
                  2000d11c    00000078     simplelink.a : cc_pal.obj (.text:SetupDMAReceive)
                  2000d194    00000078     rtsv7M4_T_le_eabi.lib : memset_t2.obj (.text)
                  2000d20c    00000076     driverlib.a : uart.obj (.text:UARTConfigSetExpClk)
                  2000d282    00000002     --HOLE-- [fill = 0]
                  2000d284    00000074     simplelink.a : device.obj (.text:_sl_HandleAsync_InitComplete)
                  2000d2f8    00000074                  : wlan.obj (.text:sl_WlanGet)
                  2000d36c    00000074                  : cc_pal.obj (.text:spi_Close)
                  2000d3e0    00000070                  : netapp.obj (.text:_sl_HandleAsync_PingResponse)
                  2000d450    00000070                  : wlan.obj (.text:sl_WlanSmartConfigStart)
                  2000d4c0    00000068                  : socket.obj (.text:_sl_HandleAsync_Connect)
                  2000d528    00000068                  : netapp.obj (.text:_sl_HandleAsync_DnsGetHostByService)
                  2000d590    00000064                  : socket.obj (.text:_sl_HandleAsync_Accept)
                  2000d5f4    00000064     rtsv7M4_T_le_eabi.lib : xdunscal.obj (.text)
                  2000d658    00000064     driverlib.a : udma.obj (.text:uDMAChannelAttributeDisable)
                  2000d6bc    00000064                 : udma.obj (.text:uDMAChannelAttributeEnable)
                  2000d720    0000005e     rtsv7M4_T_le_eabi.lib : copy_decompress_rle.obj (.text)
                  2000d77e    0000005a                           : ltoa.obj (.text)
                  2000d7d8    00000058     driverlib.a : interrupt.obj (.text:IntPendClear)
                  2000d830    00000058                 : prcm.obj (.text:PRCMPeripheralReset)
                  2000d888    00000058     simplelink.a : driver.obj (.text:_SlDrvDriverCBDeinit)
                  2000d8e0    00000058                  : socket.obj (.text:_sl_HandleAsync_Select)
                  2000d938    00000054     driverlib.a : interrupt.obj (.text:IntPrioritySet)
                  2000d98c    00000054     simplelink.a : device.obj (.text:_sl_HandleAsync_Stop)
                  2000d9e0    00000054                  : netapp.obj (.text:sl_NetAppSendTokenValue)
                  2000da34    0000004c     driverlib.a : spi.obj (.text:SPIIntEnable)
                  2000da80    0000004c     rtsv7M4_T_le_eabi.lib : atoi.obj (.text)
                  2000dacc    0000004c     driverlib.a : udma.obj (.text:uDMAChannelAssign)
                  2000db18    0000004a     simplelink.a : device.obj (.text:_sl_GetStartResponseConvert)
                  2000db62    0000004a     rtsv7M4_T_le_eabi.lib : fd_tos_t2.obj (.text)
                  2000dbac    00000048     driverlib.a : gpio.obj (.text:GPIOGetIntNumber)
                  2000dbf4    00000048                 : spi.obj (.text:SPIIntClear)
                  2000dc3c    00000048     rtsv7M4_T_le_eabi.lib : fd_toi_t2.obj (.text)
                  2000dc84    00000044     driverlib.a : spi.obj (.text:SPIDmaMaskGet)
                  2000dcc8    00000044     rtsv7M4_T_le_eabi.lib : cpy_tbl.obj (.text)
                  2000dd0c    00000044                           : exit.obj (.text)
                  2000dd50    00000044                           : xdtest.obj (.text)
                  2000dd94    00000040     driverlib.a : pin.obj (.text:PinModeSet)
                  2000ddd4    00000040     simplelink.a : driver.obj (.text:_SlDrvRxIrqHandler)
                  2000de14    00000040                  : driver.obj (.text:_SlRemoveFromList)
                  2000de54    00000040     rtsv7M4_T_le_eabi.lib : signal.obj (.text)
                  2000de94    00000040     simplelink.a : wlan.obj (.text:sl_WlanPolicySet)
                  2000ded4    0000003c                  : cc_pal.obj (.text:NwpPowerOff)
                  2000df10    0000003c     driverlib.a : prcm.obj (.text:PRCMPeripheralClkEnable)
                  2000df4c    0000003c     simplelink.a : driver.obj (.text:_SlDrvObjInit)
                  2000df88    0000003c     driverlib.a : udma.obj (.text:uDMAChannelControlSet)
                  2000dfc4    00000038     free_rtos.a : heap_3.obj (.text)
                  2000dffc    00000038     rtsv7M4_T_le_eabi.lib : fs_tod_t2.obj (.text)
                  2000e034    00000038                           : fs_toi_t2.obj (.text)
                  2000e06c    00000038                           : i_tofs_t2.obj (.text)
                  2000e0a4    00000036     driverlib.a : gpio.obj (.text:GPIODirModeSet)
                  2000e0da    00000002     --HOLE-- [fill = 0]
                  2000e0dc    00000034                 : prcm.obj (.text:PRCMPeripheralStatusGet)
                  2000e110    00000034                 : spi.obj (.text:SPIFIFOLevelSet)
                  2000e144    00000034     simplelink.a : driver.obj (.text:_SlDrvBasicCmd)
                  2000e178    00000034     rtsv7M4_T_le_eabi.lib : boot.obj (.text)
                  2000e1ac    00000034                           : feraiseexcept.obj (.text)
                  2000e1e0    00000034                           : fs_tou_t2.obj (.text)
                  2000e214    00000030     simplelink.a : cc_pal.obj (.text:NwpPowerOn)
                  2000e244    00000030     driverlib.a : pin.obj (.text:PinTypeGPIO)
                  2000e274    00000030                 : uart.obj (.text:UARTDisable)
                  2000e2a4    00000030     rtsv7M4_T_le_eabi.lib : xferaise.obj (.text)
                  2000e2d4    0000002e                           : i_tofd_t2.obj (.text)
                  2000e302    0000002e                           : raise.obj (.text)
                  2000e330    0000002c     simplelink.a : cc_pal.obj (.text:DmaSpiSwIntHandler)
                  2000e35c    0000002c     driverlib.a : i2c.obj (.text:I2CMasterErr)
                  2000e388    0000002c                 : prcm.obj (.text:PRCMSysResetCauseGet)
                  2000e3b4    0000002c     simplelink.a : flowcont.obj (.text:_SlDrvFlowContDeinit)
                  2000e3e0    0000002c                  : flowcont.obj (.text:_SlDrvFlowContInit)
                  2000e40c    00000028     driverlib.a : prcm.obj (.text:PRCMPeripheralClkDisable)
                  2000e434    00000028     simplelink.a : wlan.obj (.text:sl_WlanSetMode)
                  2000e45c    00000024     driverlib.a : interrupt.obj (.text:IntUnregister)
                  2000e480    00000024                 : uart.obj (.text:UARTEnable)
                  2000e4a4    00000024     rtsv7M4_T_le_eabi.lib : memmov.obj (.text)
                  2000e4c8    00000024     simplelink.a : netapp.obj (.text:sl_NetAppStart)
                  2000e4ec    00000024                  : netapp.obj (.text:sl_NetAppStop)
                  2000e510    00000024                  : wlan.obj (.text:sl_WlanProfileDel)
                  2000e534    00000022     driverlib.a : i2c.obj (.text:I2CMasterSlaveAddrSet)
                  2000e556    00000022     simplelink.a : cc_pal.obj (.text:NwpRegisterInterruptHandler)
                  2000e578    00000022     driverlib.a : spi.obj (.text:SPIReset)
                  2000e59a    00000022                 : spi.obj (.text:SPIWordCountSet)
                  2000e5bc    00000022     rtsv7M4_T_le_eabi.lib : memcmp.obj (.text)
                  2000e5de    00000020     driverlib.a : gpio.obj (.text:GPIOPinWrite)
                  2000e5fe    00000002     --HOLE-- [fill = 0]
                  2000e600    00000020                 : interrupt.obj (.text:IntRegister)
                  2000e620    00000020     simplelink.a : driver.obj (.text:_SlDrvCmdSend)
                  2000e640    0000001e     driverlib.a : gpio.obj (.text:GPIOIntRegister)
                  2000e65e    0000001e                 : i2c.obj (.text:I2CMasterIntStatusEx)
                  2000e67c    0000001e                 : uart.obj (.text:UARTCharPut)
                  2000e69a    0000001c                 : pin.obj (.text:PinTypeI2C)
                  2000e6b6    00000002     --HOLE-- [fill = 0]
                  2000e6b8    0000001c     simplelink.a : driver.obj (.text:_SlDrvObjDeInit)
                  2000e6d4    0000001c     rtsv7M4_T_le_eabi.lib : memccpy.obj (.text)
                  2000e6f0    0000001c     driverlib.a : udma.obj (.text:uDMAChannelEnable)
                  2000e70c    0000001a     simplelink.a : netapp.obj (.text:CopyPingResultsToReport)
                  2000e726    0000001a     driverlib.a : gpio.obj (.text:GPIOIntEnable)
                  2000e740    0000001a                 : pin.obj (.text:PinTypeUART)
                  2000e75a    0000001a                 : spi.obj (.text:SPIDmaDisable)
                  2000e774    0000001a                 : spi.obj (.text:SPIDmaEnable)
                  2000e78e    0000001a                 : spi.obj (.text:SPIFIFODisable)
                  2000e7a8    0000001a                 : spi.obj (.text:SPIFIFOEnable)
                  2000e7c2    0000001a     simplelink.a : device.obj (.text:_SlDrvDeviceEventHandler)
                  2000e7dc    00000018     driverlib.a : gpio.obj (.text:GPIOPinRead)
                  2000e7f4    00000018                 : spi.obj (.text:SPICSDisable)
                  2000e80c    00000018                 : spi.obj (.text:SPICSEnable)
                  2000e824    00000018                 : spi.obj (.text:SPIDisable)
                  2000e83c    00000018                 : spi.obj (.text:SPIEnable)
                  2000e854    00000018     rtsv7M4_T_le_eabi.lib : args_main.obj (.text)
                  2000e86c    00000018                           : ll_mul_t2.obj (.text)
                  2000e884    00000016     driverlib.a : i2c.obj (.text:I2CMasterDataPut)
                  2000e89a    00000016                 : i2c.obj (.text:I2CMasterEnable)
                  2000e8b0    00000016                 : prcm.obj (.text:PRCMHIBRegRead)
                  2000e8c6    00000016                 : prcm.obj (.text:PRCMHIBRegWrite)
                  2000e8dc    00000016                 : uart.obj (.text:UARTCharGet)
                  2000e8f2    00000014                 : cpu.obj (.text:CPUcpsie)
                  2000e906    00000014                 : gpio.obj (.text:GPIOIntClear)
                  2000e91a    00000002     --HOLE-- [fill = 0]
                  2000e91c    00000014                 : interrupt.obj (.text:IntVTableBaseSet)
                  2000e930    00000014     simplelink.a : driver.obj (.text:_SlDrvShiftDWord)
                  2000e944    00000014     rtsv7M4_T_le_eabi.lib : _lock.obj (.text)
                  2000e958    00000014                           : strlen.obj (.text)
                  2000e96c    00000012     driverlib.a : i2c.obj (.text:I2CMasterControl)
                  2000e97e    00000012                 : i2c.obj (.text:I2CMasterIntClearEx)
                  2000e990    00000012                 : i2c.obj (.text:I2CMasterTimeoutSet)
                  2000e9a2    00000012     rtsv7M4_T_le_eabi.lib : copy_zero_init.obj (.text:decompress:ZI)
                  2000e9b4    00000010     simplelink.a : cc_pal.obj (.text:NwpMaskInterrupt)
                  2000e9c4    00000010     rtsv7M4_T_le_eabi.lib : strcpy.obj (.text)
                  2000e9d4    0000000e     driverlib.a : i2c.obj (.text:I2CMasterDataGet)
                  2000e9e2    0000000e     rtsv7M4_T_le_eabi.lib : copy_decompress_none.obj (.text:decompress:none)
                  2000e9f0    0000000e                           : xdclass.obj (.text)
                  2000e9fe    0000000e     startup_ccs.obj (.text)
                  2000ea0c    0000000c     simplelink.a : cc_pal.obj (.text:NwpUnMaskInterrupt)
                  2000ea18    0000000a     driverlib.a : interrupt.obj (.text:IntMasterEnable)
                  2000ea22    00000008     simplelink.a : wlan.obj (.text:sl_WlanSmartConfigStop)
                  2000ea2a    00000006     driverlib.a : utils.obj (.text:UtilsDelay)
                  2000ea30    00000006     rtsv7M4_T_le_eabi.lib : copy_decompress_rle.obj (.text:decompress:rle24)
                  2000ea36    00000006                           : log.obj (.text)

.const     0    2000ea40    00000698     
                  2000ea40    00000102     rtsv7M4_T_le_eabi.lib : ctype.obj (.const:.string:_ctypes_)
                  2000eb42    00000002     --HOLE-- [fill = 0]
                  2000eb44    00000100     driverlib.a : pin.obj (.const:g_ulPinToPadMap)
                  2000ec44    000000ec     simplelink.a : wlan.obj (.const)
                  2000ed30    000000d4     driverlib.a : interrupt.obj (.const:g_pulRegs)
                  2000ee04    000000a8                 : prcm.obj (.const:PRCM_PeriphRegsList)
                  2000eeac    00000080                 : interrupt.obj (.const)
                  2000ef2c    0000004c     simplelink.a : driver.obj (.const)
                  2000ef78    00000048     rtsv7M4_T_le_eabi.lib : xexp.obj (.const)
                  2000efc0    00000038                           : xlog.obj (.const:p)
                  2000eff8    00000037     main.obj (.const:.string)
                  2000f02f    00000001     --HOLE-- [fill = 0]
                  2000f030    00000030     rtsv7M4_T_le_eabi.lib : xdint.obj (.const)
                  2000f060    00000028     simplelink.a : netapp.obj (.const)
                  2000f088    00000023     smartconfig.obj (.const:.string)
                  2000f0ab    00000001     --HOLE-- [fill = 0]
                  2000f0ac    00000018     driverlib.a : spi.obj (.const)
                  2000f0c4    00000014     simplelink.a : device.obj (.const)

.cinit     0    2000f0d8    000000f8     
                  2000f0d8    000000cd     (.cinit..data.load) [load image, compression = rle]
                  2000f1a5    00000003     --HOLE-- [fill = 0]
                  2000f1a8    0000000c     (__TI_handler_table)
                  2000f1b4    00000004     --HOLE-- [fill = 0]
                  2000f1b8    00000008     (.cinit..bss.load) [load image, compression = zero_init]
                  2000f1c0    00000010     (__TI_cinit_table)

.sysmem    0    20017000    00002000     UNINITIALIZED
                  20017000    00000008     rtsv7M4_T_le_eabi.lib : memory.obj (.sysmem)
                  20017008    00001ff8     --HOLE--

.data      0    20019000    00000458     UNINITIALIZED
                  20019000    00000184     simplelink.a : driver.obj (.data)
                  20019184    000000b0     rtsv7M4_T_le_eabi.lib : signal.obj (.data:sigtable)
                  20019234    00000004     free_rtos.a : port.obj (.data)
                  20019238    00000080     rtsv7M4_T_le_eabi.lib : xvalues.obj (.data)
                  200192b8    00000068                           : xfvalues.obj (.data)
                  20019320    00000064     simplelink.a : cc_pal.obj (.data)
                  20019384    00000040     main.obj (.data)
                  200193c4    00000034     free_rtos.a : tasks.obj (.data)
                  200193f8    00000020     gpio_if.obj (.data)
                  20019418    0000000c     free_rtos.a : osi_freertos.obj (.data)
                  20019424    0000000c     rtsv7M4_T_le_eabi.lib : memory.obj (.data)
                  20019430    00000008     device_status.obj (.data)
                  20019438    00000008     rtsv7M4_T_le_eabi.lib : _lock.obj (.data)
                  20019440    00000008                           : exit.obj (.data)
                  20019448    00000008                           : feraiseexcept.obj (.data)
                  20019450    00000004                           : errno.obj (.data)
                  20019454    00000004                           : stkdepth_vars.obj (.data)

.bss       0    20019458    000001bf     UNINITIALIZED
                  20019458    000000c8     free_rtos.a : tasks.obj (.bss:pxReadyTasksLists)
                  20019520    00000050                 : queue.obj (.bss:xQueueRegistry)
                  20019570    00000024     main.obj (.bss:g_ucConnectionSSID)
                  20019594    00000014     (.common:xDelayedTaskList1)
                  200195a8    00000014     (.common:xDelayedTaskList2)
                  200195bc    00000014     (.common:xPendingReadyList)
                  200195d0    00000014     (.common:xSuspendedTaskList)
                  200195e4    00000014     (.common:xTasksWaitingTermination)
                  200195f8    00000008     (.common:g_ucConnectionBSSID)
                  20019600    00000004     (.common:__Errorlog)
                  20019604    00000004     (.common:_offset)
                  20019608    00000004     (.common:_scale)
                  2001960c    00000004     (.common:pxDelayedTaskList)
                  20019610    00000004     (.common:pxOverflowDelayedTaskList)
                  20019614    00000001     (.common:g_ucLED1Pin)
                  20019615    00000001     (.common:g_ucLED2Pin)
                  20019616    00000001     (.common:g_ucLED3Pin)

.stack     0    2002f000    00001000     UNINITIALIZED
                  2002f000    00001000     --HOLE--


LINKER GENERATED COPY TABLES

__TI_cinit_table @ 2000f1c0 records: 2, size/record: 8, table size: 16
	.data: load addr=2000f0d8, load size=000000cd bytes, run addr=20019000, run size=00000458 bytes, compression=rle
	.bss: load addr=2000f1b8, load size=00000008 bytes, run addr=20019458, run size=000001bf bytes, compression=zero_init


LINKER GENERATED HANDLER TABLE

__TI_handler_table @ 2000f1a8 records: 3, size/record: 4, table size: 12
	index: 0, handler: __TI_decompress_rle24
	index: 1, handler: __TI_decompress_none
	index: 2, handler: __TI_zero_init


GLOBAL SYMBOLS: SORTED ALPHABETICALLY BY Name 

address    name
--------   ----
2000a761   BMA222Close
2000a73f   BMA222Open
2000a765   BMA222Read
2000a7e1   BMA222ReadNew
2000a709   BlockRead
2000dd0d   C$$EXIT
2000e8f3   CPUcpsie
2000a089   ClearTerm
20006025   ConnectToNetwork
2000c379   ConnectionTest
2000e70d   CopyPingResultsToReport
2001932c   DMAMsgQ
2000e331   DmaSpiSwIntHandler
2000a093   Error
2000e0a5   GPIODirModeSet
2000e907   GPIOIntClear
2000e727   GPIOIntEnable
2000e641   GPIOIntRegister
2000cea5   GPIOIntTypeSet
2000e7dd   GPIOPinRead
2000e5df   GPIOPinWrite
200096b9   GPIO_IF_ConfigureNIntEnable
2000972f   GPIO_IF_Get
20009673   GPIO_IF_GetPortNPin
20009435   GPIO_IF_LedConfigure
20009527   GPIO_IF_LedOff
20009473   GPIO_IF_LedOn
200095db   GPIO_IF_LedStatus
20009645   GPIO_IF_LedToggle
200096f5   GPIO_IF_Set
2000a0cb   GetCmd
2000a6a5   GetRegisterValue
2000a891   Hx711
2000e96d   I2CMasterControl
2000e9d5   I2CMasterDataGet
2000e885   I2CMasterDataPut
2000e89b   I2CMasterEnable
2000e35d   I2CMasterErr
2000cd9d   I2CMasterInitExpClk
2000e97f   I2CMasterIntClearEx
2000e65f   I2CMasterIntStatusEx
2000e535   I2CMasterSlaveAddrSet
2000e991   I2CMasterTimeoutSet
2000a031   I2C_IF_Close
20009fe9   I2C_IF_Open
20009ee3   I2C_IF_Read
20009f9f   I2C_IF_ReadFrom
20009e2d   I2C_IF_Write
2000a049   InitTerm
2000c57d   IntDisable
2000c625   IntEnable
2000ea19   IntMasterEnable
2000d7d9   IntPendClear
2000d939   IntPrioritySet
2000e601   IntRegister
2000e45d   IntUnregister
2000e91d   IntVTableBaseSet
2000a067   Message
2000e9b5   NwpMaskInterrupt
2000ded5   NwpPowerOff
2000e215   NwpPowerOn
2000cf29   NwpPowerOnPreamble
2000e557   NwpRegisterInterruptHandler
2000ea0d   NwpUnMaskInterrupt
2000ae91   PRCMCC3200MCUInit
2000e8b1   PRCMHIBRegRead
2000e8c7   PRCMHIBRegWrite
2000e40d   PRCMPeripheralClkDisable
2000df11   PRCMPeripheralClkEnable
2000c8a1   PRCMPeripheralClockGet
2000d831   PRCMPeripheralReset
2000e0dd   PRCMPeripheralStatusGet
2000e389   PRCMSysResetCauseGet
2000cb81   PinConfigSet
2000dd95   PinModeSet
2000c415   PinMuxConfig
2000e245   PinTypeGPIO
2000e69b   PinTypeI2C
2000e741   PinTypeUART
2000571d   ReadAccSensor
2000a1f5   Report
2000e9ff   ResetISR
UNDEFED    SHT$$INIT_ARRAY$$Base
UNDEFED    SHT$$INIT_ARRAY$$Limit
2000e7f5   SPICSDisable
2000e80d   SPICSEnable
2000c6cd   SPIConfigSetExpClk
2000e825   SPIDisable
2000e75b   SPIDmaDisable
2000e775   SPIDmaEnable
2000e83d   SPIEnable
2000e78f   SPIFIFODisable
2000e7a9   SPIFIFOEnable
2000e111   SPIFIFOLevelSet
2000dbf5   SPIIntClear
2000da35   SPIIntEnable
2000e579   SPIReset
2000e59b   SPIWordCountSet
2000a6cf   SetRegisterValue
20005df9   SimpleLinkGeneralEventHandler
20005c2b   SimpleLinkHttpServerCallback
20005951   SimpleLinkNetAppEventHandler
2000c361   SimpleLinkPingReport
20005e21   SimpleLinkSockEventHandler
200057f5   SimpleLinkWlanEventHandler
2000bb71   SmartConfigConnect
2000bbf9   SmartConfigStop
20008b65   TMP006DrvGetTemp
200088cd   TMP006DrvOpen
2000a15d   TrimSpace
2000e8dd   UARTCharGet
2000e67d   UARTCharPut
2000d20d   UARTConfigSetExpClk
2000e275   UARTDisable
2000e481   UARTEnable
2000ea2b   UtilsDelay
200086f9   VDeleteSimpleLinkSpawnTask
200086a9   VStartSimpleLinkSpawnTask
2000e9f1   _Dclass
20019238   _Denorm
2000bee5   _Dint
2000bfa9   _Dnorm
2000b569   _Dscale
2000dd51   _Dtest
2000d5f5   _Dunscale
20019248   _Eps
20019450   _Errno
2000a2b5   _Exp
200192b8   _FDenorm
200192c8   _FEps
200192d8   _FInf
200192e8   _FNan
20019308   _FRteps
200192f8   _FSnan
20019318   _FXbig
2001931c   _FZero
20019448   _Fenv
2000e2a5   _Feraise
20019258   _Hugeval
20019268   _Inf
20009ad5   _Log
20019278   _Nan
20019298   _Rteps
2000ef40   _SlActionLookupTable
20009789   _SlAsyncEventGenericHandler
2000f0d0   _SlDeviceGetCmdCtrl
2000f0d4   _SlDeviceSetCmdCtrl
2000e145   _SlDrvBasicCmd
2000c935   _SlDrvClassifyRxMsg
2000ce21   _SlDrvCmdOp
2000e621   _SlDrvCmdSend
2000e7c3   _SlDrvDeviceEventHandler
2000d889   _SlDrvDriverCBDeinit
2000cfa9   _SlDrvDriverCBInit
2000e3b5   _SlDrvFlowContDeinit
2000e3e1   _SlDrvFlowContInit
2000908d   _SlDrvMsgRead
2000c2ad   _SlDrvMsgReadCmdCtx
2000caf1   _SlDrvMsgReadSpawnCtx
2000b345   _SlDrvMsgWrite
2000c4c9   _SlDrvNetAppEventHandler
2000e6b9   _SlDrvObjDeInit
2000df4d   _SlDrvObjInit
2000b785   _SlDrvReleasePoolObj
2000ac19   _SlDrvRxHdrRead
2000ddd5   _SlDrvRxIrqHandler
2000e931   _SlDrvShiftDWord
2000b679   _SlDrvWaitForPoolObj
2000f0cc   _SlEventMaskGetCmdCtrl
2000f0c8   _SlEventMaskSetCmdCtrl
2000c809   _SlFindAndSetActiveObj
2000f078   _SlGetHostByNameCtrl
2000f074   _SlGetHostByServiceCtrl
2000f06c   _SlGetServiceListeCtrl
2000f084   _SlNetAppGetCmdCtrl
2000f080   _SlNetAppSendTokenValueCmdCtrl
2000f07c   _SlNetAppSetCmdCtrl
2000f064   _SlNetAppStartCtrl
2000f068   _SlNetAppStopCtrl
2000ec4c   _SlPolicyGetCmdCtrl
2000ec48   _SlPolicySetCmdCtrl
2000ec54   _SlProfileDelCmdCtrl
2000ec50   _SlProfileGetCmdCtrl
2000f070   _SlRegisterServiceCtrl
2000de15   _SlRemoveFromList
2000ec5c   _SlRxFilterAddtCmdCtrl
2000ec64   _SlRxFilterGetCmdCtrl
2000ec60   _SlRxFilterSetCmdCtrl
2000ec68   _SlSmartConfigStartCmdCtrl
2000f0c4   _SlStopCmdCtrl
2000ec74   _SlWlanCfgGetCmdCtrl
2000ec70   _SlWlanCfgSetCmdCtrl
2000ec58   _SlWlanGetNetworkListCtrl
2000ec6c   _SlWlanSetModeCmdCtrl
20019288   _Snan
2001944c   _Tls_setup__Fenv
200192a8   _Xbig
200192b0   _Zero
20030000   __STACK_END
00001000   __STACK_SIZE
00002000   __SYSMEM_SIZE
2000f1c0   __TI_CINIT_Base
2000f1d0   __TI_CINIT_Limit
2000f1a8   __TI_Handler_Table_Base
2000f1b4   __TI_Handler_Table_Limit
00000001   __TI_args_main
2000c9c9   __TI_auto_init
20019440   __TI_cleanup_ptr
2000e9e3   __TI_decompress_none
2000ea31   __TI_decompress_rle24
20019444   __TI_dtors_ptr
20007173   __TI_printfi
2000f0d8   __TI_static_base__
2000e9a3   __TI_zero_init
2000cc91   __aeabi_cdcmpeq
2000cc91   __aeabi_cdcmple
2000cd17   __aeabi_cdrcmple
2000db63   __aeabi_d2f
2000dc3d   __aeabi_d2iz
2000aa6b   __aeabi_dadd
2000ad59   __aeabi_ddiv
2000b889   __aeabi_dmul
2000aa61   __aeabi_dsub
2000dffd   __aeabi_f2d
2000e035   __aeabi_f2iz
2000e1e1   __aeabi_f2uiz
2000b989   __aeabi_fadd
2000ca5d   __aeabi_fdiv
2000d0a1   __aeabi_fmul
2000b985   __aeabi_fsub
2000e2d5   __aeabi_i2d
2000e06d   __aeabi_i2f
2000e86d   __aeabi_lmul
2000d195   __aeabi_memclr
2000d195   __aeabi_memclr4
2000d195   __aeabi_memclr8
2000c76d   __aeabi_memcpy
2000c76d   __aeabi_memcpy4
2000c76d   __aeabi_memcpy8
2000d197   __aeabi_memset
2000d197   __aeabi_memset4
2000d197   __aeabi_memset8
2000a4b1   __aeabi_uldivmod
ffffffff   __binit__
ffffffff   __c_args__
2002f000   __stack
2000e855   _args_main
2000e179   _c_int00
2000ea40   _ctypes_
20019438   _lock
2000e953   _nop
20019604   _offset
2000e94b   _register_lock
2000e945   _register_unlock
20019608   _scale
2000db19   _sl_GetStartResponseConvert
2000d591   _sl_HandleAsync_Accept
2000d4c1   _sl_HandleAsync_Connect
2000d025   _sl_HandleAsync_DnsGetHostByName
2000d529   _sl_HandleAsync_DnsGetHostByService
2000d285   _sl_HandleAsync_InitComplete
2000d3e1   _sl_HandleAsync_PingResponse
2000d8e1   _sl_HandleAsync_Select
2000d98d   _sl_HandleAsync_Stop
20017000   _sys_memory
2001943c   _unlock
2000dd11   abort
2000da81   atoi
2000a8e1   averageValue
ffffffff   binit
20009055   calloc
2000dcc9   copy_in
20004691   eTaskGetState
2000dd19   exit
2000e1ad   feraiseexcept
20008daf   free
20019004   gFirstCmdMode
2000ef38   g_H2NCnysPattern
2000ef30   g_H2NSyncPattern
20019320   g_SpiFd
2001900c   g_StatMem
20019330   g_cDummy
20019008   g_pCB
20019324   g_pHostIntHdl
20004000   g_pfnVectors
20019328   g_ucDMAEnabled
20019334   g_ucDinDout
20019614   g_ucLED1Pin
20019615   g_ucLED2Pin
20019616   g_ucLED3Pin
2001940c   g_uiLED1Port
20019410   g_uiLED2Port
20019414   g_uiLED3Port
20019434   g_uiPingDone
20019430   g_uiPingPacketsRecv
2000aa31   getGram
2000a917   getValue
2000ea37   log
2000d77f   ltoa
200063b9   main
20019454   main_func_sp
20008d4d   malloc
200087fd   mem_Free
200087f1   mem_Malloc
2000881d   mem_copy
20008809   mem_set
20008f75   memalign
2000e6d5   memccpy
2000e5bd   memcmp
2000c76d   memcpy
2000e4a5   memmove
2000d19d   memset
20008cc1   minit
20008873   osi_ContextRestore
20008871   osi_ContextSave
20008831   osi_EnterCritical
2000883b   osi_ExitCritical
20008457   osi_InterruptDeRegister
20008431   osi_InterruptRegister
20008561   osi_LockObjCreate
200085d5   osi_LockObjDelete
200085e5   osi_LockObjLock
20008611   osi_LockObjUnlock
20008725   osi_MsgQCreate
20008769   osi_MsgQDelete
200087b5   osi_MsgQRead
20008783   osi_MsgQWrite
2000884d   osi_Sleep
2000863b   osi_Spawn
2000853f   osi_SyncObjClear
20008469   osi_SyncObjCreate
20008499   osi_SyncObjDelete
200084b3   osi_SyncObjSignal
200084db   osi_SyncObjSignalFromISR
20008513   osi_SyncObjWait
20008587   osi_TaskCreate
200085c7   osi_TaskDelete
2000885d   osi_TaskDisable
20008867   osi_TaskEnable
20008845   osi_start
20019000   pPingCallBackFunc
20004bb5   pcTaskGetTaskName
2000c2a5   portCLZ
20007fa1   pow
2000c28d   prvPortStartFirstTask
2000dfc5   pvPortMalloc
200193c4   pxCurrentTCB
2000b459   pxPortInitialiseStack
2000e303   raise
20008e6f   realloc
2000aa11   setOffset
2000aa21   setScale
2000de55   signal
2000bd41   sl_NetAppDnsGetHostByName
2000b221   sl_NetAppPingStart
2000d9e1   sl_NetAppSendTokenValue
2000e4c9   sl_NetAppStart
2000e4ed   sl_NetAppStop
2000c131   sl_Start
2000c06d   sl_Stop
2000d2f9   sl_WlanGet
2000de95   sl_WlanPolicySet
2000e511   sl_WlanProfileDel
2000e435   sl_WlanSetMode
2000d451   sl_WlanSmartConfigStart
2000ea23   sl_WlanSmartConfigStop
2000d36d   spi_Close
2000afc5   spi_Open
2000be19   spi_Read
2000bc59   spi_Write
2000e9c5   strcpy
2000e959   strlen
2000dacd   uDMAChannelAssign
2000d659   uDMAChannelAttributeDisable
2000d6bd   uDMAChannelAttributeEnable
2000df89   uDMAChannelControlSet
2000e6f1   uDMAChannelEnable
2000ba81   uDMAChannelTransferSet
20007bfd   ucQueueGetQueueType
2000c1f5   ulPortSetInterruptMask
2000b1d7   uxListRemove
20007bdd   uxQueueGetQueueNumber
20007b71   uxQueueMessagesWaiting
20007ba7   uxQueueMessagesWaitingFromISR
20007b87   uxQueueSpacesAvailable
20004ba9   uxTaskGetNumberOfTasks
20004bd9   uxTaskGetSystemState
200050c9   uxTaskGetTaskNumber
20004725   uxTaskPriorityGet
20005621   uxTaskResetEventItemValue
20005665   vApplicationIdleHook
20005671   vApplicationMallocFailedHook
20005667   vApplicationStackOverflowHook
20005659   vApplicationTickHook
2000565b   vAssertCalled
2000b0f5   vListInitialise
2000b125   vListInitialiseItem
2000b171   vListInsert
2000b135   vListInsertEnd
2000c20b   vPortClearInterruptMask
2000b4d5   vPortEndScheduler
2000b4e9   vPortEnterCritical
2000b501   vPortExitCritical
2000dfe5   vPortFree
2000c265   vPortSVCHandler
2000b535   vPortSetupTimerInterrupt
2000b4d7   vPortYield
20007e17   vQueueAddToRegistry
20007bb9   vQueueDelete
20007beb   vQueueSetQueueNumber
20007e59   vQueueUnregisterQueue
2000463b   vTaskDelay
2000459f   vTaskDelayUntil
2000450f   vTaskDelete
20004a8d   vTaskEndScheduler
200050bb   vTaskMissedYield
20004e51   vTaskPlaceOnEventList
20004eb5   vTaskPlaceOnUnorderedEventList
20005597   vTaskPriorityDisinherit
200054dd   vTaskPriorityInherit
2000475d   vTaskPrioritySet
20004955   vTaskResume
200050e9   vTaskSetTaskNumber
2000501b   vTaskSetTimeOutState
20004a43   vTaskStartScheduler
20004861   vTaskSuspend
20004a9f   vTaskSuspendAll
20004dd1   vTaskSwitchContext
2000cc09   vsnprintf
20019418   xHigherPriorityTaskWoken
2000c219   xPortPendSVHandler
2000b4a9   xPortStartScheduler
2000b519   xPortSysTickHandler
20007ea7   xQueueAddToSet
200077d9   xQueueAltGenericReceive
2000772d   xQueueAltGenericSend
20007601   xQueueCreateCountingSemaphore
20007583   xQueueCreateMutex
20007e93   xQueueCreateSet
2000750d   xQueueGenericCreate
20007973   xQueueGenericReceive
2000747d   xQueueGenericReset
20007621   xQueueGenericSend
200078d7   xQueueGenericSendFromISR
20007db3   xQueueIsQueueEmptyFromISR
20007df5   xQueueIsQueueFullFromISR
20007b2d   xQueuePeekFromISR
20007ab5   xQueueReceiveFromISR
20019520   xQueueRegistry
20007edb   xQueueRemoveFromSet
20007f1d   xQueueSelectFromSet
20007f37   xQueueSelectFromSetFromISR
2001941c   xSimpleLinkSpawnQueue
20019420   xSimpleLinkSpawnTaskHndl
20005041   xTaskCheckForTimeOut
20004401   xTaskGenericCreate
20005491   xTaskGetCurrentTaskHandle
20004c97   xTaskGetIdleTaskHandle
200054a5   xTaskGetSchedulerState
20004b7d   xTaskGetTickCount
20004b91   xTaskGetTickCountFromISR
20004cb5   xTaskIncrementTick
20004f25   xTaskRemoveFromEventList
20004fad   xTaskRemoveFromUnorderedEventList
20004ab1   xTaskResumeAll
200049c9   xTaskResumeFromISR


GLOBAL SYMBOLS: SORTED BY Symbol Address 

address    name
--------   ----
00000001   __TI_args_main
00001000   __STACK_SIZE
00002000   __SYSMEM_SIZE
20004000   g_pfnVectors
20004401   xTaskGenericCreate
2000450f   vTaskDelete
2000459f   vTaskDelayUntil
2000463b   vTaskDelay
20004691   eTaskGetState
20004725   uxTaskPriorityGet
2000475d   vTaskPrioritySet
20004861   vTaskSuspend
20004955   vTaskResume
200049c9   xTaskResumeFromISR
20004a43   vTaskStartScheduler
20004a8d   vTaskEndScheduler
20004a9f   vTaskSuspendAll
20004ab1   xTaskResumeAll
20004b7d   xTaskGetTickCount
20004b91   xTaskGetTickCountFromISR
20004ba9   uxTaskGetNumberOfTasks
20004bb5   pcTaskGetTaskName
20004bd9   uxTaskGetSystemState
20004c97   xTaskGetIdleTaskHandle
20004cb5   xTaskIncrementTick
20004dd1   vTaskSwitchContext
20004e51   vTaskPlaceOnEventList
20004eb5   vTaskPlaceOnUnorderedEventList
20004f25   xTaskRemoveFromEventList
20004fad   xTaskRemoveFromUnorderedEventList
2000501b   vTaskSetTimeOutState
20005041   xTaskCheckForTimeOut
200050bb   vTaskMissedYield
200050c9   uxTaskGetTaskNumber
200050e9   vTaskSetTaskNumber
20005491   xTaskGetCurrentTaskHandle
200054a5   xTaskGetSchedulerState
200054dd   vTaskPriorityInherit
20005597   vTaskPriorityDisinherit
20005621   uxTaskResetEventItemValue
20005659   vApplicationTickHook
2000565b   vAssertCalled
20005665   vApplicationIdleHook
20005667   vApplicationStackOverflowHook
20005671   vApplicationMallocFailedHook
2000571d   ReadAccSensor
200057f5   SimpleLinkWlanEventHandler
20005951   SimpleLinkNetAppEventHandler
20005c2b   SimpleLinkHttpServerCallback
20005df9   SimpleLinkGeneralEventHandler
20005e21   SimpleLinkSockEventHandler
20006025   ConnectToNetwork
200063b9   main
20007173   __TI_printfi
2000747d   xQueueGenericReset
2000750d   xQueueGenericCreate
20007583   xQueueCreateMutex
20007601   xQueueCreateCountingSemaphore
20007621   xQueueGenericSend
2000772d   xQueueAltGenericSend
200077d9   xQueueAltGenericReceive
200078d7   xQueueGenericSendFromISR
20007973   xQueueGenericReceive
20007ab5   xQueueReceiveFromISR
20007b2d   xQueuePeekFromISR
20007b71   uxQueueMessagesWaiting
20007b87   uxQueueSpacesAvailable
20007ba7   uxQueueMessagesWaitingFromISR
20007bb9   vQueueDelete
20007bdd   uxQueueGetQueueNumber
20007beb   vQueueSetQueueNumber
20007bfd   ucQueueGetQueueType
20007db3   xQueueIsQueueEmptyFromISR
20007df5   xQueueIsQueueFullFromISR
20007e17   vQueueAddToRegistry
20007e59   vQueueUnregisterQueue
20007e93   xQueueCreateSet
20007ea7   xQueueAddToSet
20007edb   xQueueRemoveFromSet
20007f1d   xQueueSelectFromSet
20007f37   xQueueSelectFromSetFromISR
20007fa1   pow
20008431   osi_InterruptRegister
20008457   osi_InterruptDeRegister
20008469   osi_SyncObjCreate
20008499   osi_SyncObjDelete
200084b3   osi_SyncObjSignal
200084db   osi_SyncObjSignalFromISR
20008513   osi_SyncObjWait
2000853f   osi_SyncObjClear
20008561   osi_LockObjCreate
20008587   osi_TaskCreate
200085c7   osi_TaskDelete
200085d5   osi_LockObjDelete
200085e5   osi_LockObjLock
20008611   osi_LockObjUnlock
2000863b   osi_Spawn
200086a9   VStartSimpleLinkSpawnTask
200086f9   VDeleteSimpleLinkSpawnTask
20008725   osi_MsgQCreate
20008769   osi_MsgQDelete
20008783   osi_MsgQWrite
200087b5   osi_MsgQRead
200087f1   mem_Malloc
200087fd   mem_Free
20008809   mem_set
2000881d   mem_copy
20008831   osi_EnterCritical
2000883b   osi_ExitCritical
20008845   osi_start
2000884d   osi_Sleep
2000885d   osi_TaskDisable
20008867   osi_TaskEnable
20008871   osi_ContextSave
20008873   osi_ContextRestore
200088cd   TMP006DrvOpen
20008b65   TMP006DrvGetTemp
20008cc1   minit
20008d4d   malloc
20008daf   free
20008e6f   realloc
20008f75   memalign
20009055   calloc
2000908d   _SlDrvMsgRead
20009435   GPIO_IF_LedConfigure
20009473   GPIO_IF_LedOn
20009527   GPIO_IF_LedOff
200095db   GPIO_IF_LedStatus
20009645   GPIO_IF_LedToggle
20009673   GPIO_IF_GetPortNPin
200096b9   GPIO_IF_ConfigureNIntEnable
200096f5   GPIO_IF_Set
2000972f   GPIO_IF_Get
20009789   _SlAsyncEventGenericHandler
20009ad5   _Log
20009e2d   I2C_IF_Write
20009ee3   I2C_IF_Read
20009f9f   I2C_IF_ReadFrom
20009fe9   I2C_IF_Open
2000a031   I2C_IF_Close
2000a049   InitTerm
2000a067   Message
2000a089   ClearTerm
2000a093   Error
2000a0cb   GetCmd
2000a15d   TrimSpace
2000a1f5   Report
2000a2b5   _Exp
2000a4b1   __aeabi_uldivmod
2000a6a5   GetRegisterValue
2000a6cf   SetRegisterValue
2000a709   BlockRead
2000a73f   BMA222Open
2000a761   BMA222Close
2000a765   BMA222Read
2000a7e1   BMA222ReadNew
2000a891   Hx711
2000a8e1   averageValue
2000a917   getValue
2000aa11   setOffset
2000aa21   setScale
2000aa31   getGram
2000aa61   __aeabi_dsub
2000aa6b   __aeabi_dadd
2000ac19   _SlDrvRxHdrRead
2000ad59   __aeabi_ddiv
2000ae91   PRCMCC3200MCUInit
2000afc5   spi_Open
2000b0f5   vListInitialise
2000b125   vListInitialiseItem
2000b135   vListInsertEnd
2000b171   vListInsert
2000b1d7   uxListRemove
2000b221   sl_NetAppPingStart
2000b345   _SlDrvMsgWrite
2000b459   pxPortInitialiseStack
2000b4a9   xPortStartScheduler
2000b4d5   vPortEndScheduler
2000b4d7   vPortYield
2000b4e9   vPortEnterCritical
2000b501   vPortExitCritical
2000b519   xPortSysTickHandler
2000b535   vPortSetupTimerInterrupt
2000b569   _Dscale
2000b679   _SlDrvWaitForPoolObj
2000b785   _SlDrvReleasePoolObj
2000b889   __aeabi_dmul
2000b985   __aeabi_fsub
2000b989   __aeabi_fadd
2000ba81   uDMAChannelTransferSet
2000bb71   SmartConfigConnect
2000bbf9   SmartConfigStop
2000bc59   spi_Write
2000bd41   sl_NetAppDnsGetHostByName
2000be19   spi_Read
2000bee5   _Dint
2000bfa9   _Dnorm
2000c06d   sl_Stop
2000c131   sl_Start
2000c1f5   ulPortSetInterruptMask
2000c20b   vPortClearInterruptMask
2000c219   xPortPendSVHandler
2000c265   vPortSVCHandler
2000c28d   prvPortStartFirstTask
2000c2a5   portCLZ
2000c2ad   _SlDrvMsgReadCmdCtx
2000c361   SimpleLinkPingReport
2000c379   ConnectionTest
2000c415   PinMuxConfig
2000c4c9   _SlDrvNetAppEventHandler
2000c57d   IntDisable
2000c625   IntEnable
2000c6cd   SPIConfigSetExpClk
2000c76d   __aeabi_memcpy
2000c76d   __aeabi_memcpy4
2000c76d   __aeabi_memcpy8
2000c76d   memcpy
2000c809   _SlFindAndSetActiveObj
2000c8a1   PRCMPeripheralClockGet
2000c935   _SlDrvClassifyRxMsg
2000c9c9   __TI_auto_init
2000ca5d   __aeabi_fdiv
2000caf1   _SlDrvMsgReadSpawnCtx
2000cb81   PinConfigSet
2000cc09   vsnprintf
2000cc91   __aeabi_cdcmpeq
2000cc91   __aeabi_cdcmple
2000cd17   __aeabi_cdrcmple
2000cd9d   I2CMasterInitExpClk
2000ce21   _SlDrvCmdOp
2000cea5   GPIOIntTypeSet
2000cf29   NwpPowerOnPreamble
2000cfa9   _SlDrvDriverCBInit
2000d025   _sl_HandleAsync_DnsGetHostByName
2000d0a1   __aeabi_fmul
2000d195   __aeabi_memclr
2000d195   __aeabi_memclr4
2000d195   __aeabi_memclr8
2000d197   __aeabi_memset
2000d197   __aeabi_memset4
2000d197   __aeabi_memset8
2000d19d   memset
2000d20d   UARTConfigSetExpClk
2000d285   _sl_HandleAsync_InitComplete
2000d2f9   sl_WlanGet
2000d36d   spi_Close
2000d3e1   _sl_HandleAsync_PingResponse
2000d451   sl_WlanSmartConfigStart
2000d4c1   _sl_HandleAsync_Connect
2000d529   _sl_HandleAsync_DnsGetHostByService
2000d591   _sl_HandleAsync_Accept
2000d5f5   _Dunscale
2000d659   uDMAChannelAttributeDisable
2000d6bd   uDMAChannelAttributeEnable
2000d77f   ltoa
2000d7d9   IntPendClear
2000d831   PRCMPeripheralReset
2000d889   _SlDrvDriverCBDeinit
2000d8e1   _sl_HandleAsync_Select
2000d939   IntPrioritySet
2000d98d   _sl_HandleAsync_Stop
2000d9e1   sl_NetAppSendTokenValue
2000da35   SPIIntEnable
2000da81   atoi
2000dacd   uDMAChannelAssign
2000db19   _sl_GetStartResponseConvert
2000db63   __aeabi_d2f
2000dbf5   SPIIntClear
2000dc3d   __aeabi_d2iz
2000dcc9   copy_in
2000dd0d   C$$EXIT
2000dd11   abort
2000dd19   exit
2000dd51   _Dtest
2000dd95   PinModeSet
2000ddd5   _SlDrvRxIrqHandler
2000de15   _SlRemoveFromList
2000de55   signal
2000de95   sl_WlanPolicySet
2000ded5   NwpPowerOff
2000df11   PRCMPeripheralClkEnable
2000df4d   _SlDrvObjInit
2000df89   uDMAChannelControlSet
2000dfc5   pvPortMalloc
2000dfe5   vPortFree
2000dffd   __aeabi_f2d
2000e035   __aeabi_f2iz
2000e06d   __aeabi_i2f
2000e0a5   GPIODirModeSet
2000e0dd   PRCMPeripheralStatusGet
2000e111   SPIFIFOLevelSet
2000e145   _SlDrvBasicCmd
2000e179   _c_int00
2000e1ad   feraiseexcept
2000e1e1   __aeabi_f2uiz
2000e215   NwpPowerOn
2000e245   PinTypeGPIO
2000e275   UARTDisable
2000e2a5   _Feraise
2000e2d5   __aeabi_i2d
2000e303   raise
2000e331   DmaSpiSwIntHandler
2000e35d   I2CMasterErr
2000e389   PRCMSysResetCauseGet
2000e3b5   _SlDrvFlowContDeinit
2000e3e1   _SlDrvFlowContInit
2000e40d   PRCMPeripheralClkDisable
2000e435   sl_WlanSetMode
2000e45d   IntUnregister
2000e481   UARTEnable
2000e4a5   memmove
2000e4c9   sl_NetAppStart
2000e4ed   sl_NetAppStop
2000e511   sl_WlanProfileDel
2000e535   I2CMasterSlaveAddrSet
2000e557   NwpRegisterInterruptHandler
2000e579   SPIReset
2000e59b   SPIWordCountSet
2000e5bd   memcmp
2000e5df   GPIOPinWrite
2000e601   IntRegister
2000e621   _SlDrvCmdSend
2000e641   GPIOIntRegister
2000e65f   I2CMasterIntStatusEx
2000e67d   UARTCharPut
2000e69b   PinTypeI2C
2000e6b9   _SlDrvObjDeInit
2000e6d5   memccpy
2000e6f1   uDMAChannelEnable
2000e70d   CopyPingResultsToReport
2000e727   GPIOIntEnable
2000e741   PinTypeUART
2000e75b   SPIDmaDisable
2000e775   SPIDmaEnable
2000e78f   SPIFIFODisable
2000e7a9   SPIFIFOEnable
2000e7c3   _SlDrvDeviceEventHandler
2000e7dd   GPIOPinRead
2000e7f5   SPICSDisable
2000e80d   SPICSEnable
2000e825   SPIDisable
2000e83d   SPIEnable
2000e855   _args_main
2000e86d   __aeabi_lmul
2000e885   I2CMasterDataPut
2000e89b   I2CMasterEnable
2000e8b1   PRCMHIBRegRead
2000e8c7   PRCMHIBRegWrite
2000e8dd   UARTCharGet
2000e8f3   CPUcpsie
2000e907   GPIOIntClear
2000e91d   IntVTableBaseSet
2000e931   _SlDrvShiftDWord
2000e945   _register_unlock
2000e94b   _register_lock
2000e953   _nop
2000e959   strlen
2000e96d   I2CMasterControl
2000e97f   I2CMasterIntClearEx
2000e991   I2CMasterTimeoutSet
2000e9a3   __TI_zero_init
2000e9b5   NwpMaskInterrupt
2000e9c5   strcpy
2000e9d5   I2CMasterDataGet
2000e9e3   __TI_decompress_none
2000e9f1   _Dclass
2000e9ff   ResetISR
2000ea0d   NwpUnMaskInterrupt
2000ea19   IntMasterEnable
2000ea23   sl_WlanSmartConfigStop
2000ea2b   UtilsDelay
2000ea31   __TI_decompress_rle24
2000ea37   log
2000ea40   _ctypes_
2000ec48   _SlPolicySetCmdCtrl
2000ec4c   _SlPolicyGetCmdCtrl
2000ec50   _SlProfileGetCmdCtrl
2000ec54   _SlProfileDelCmdCtrl
2000ec58   _SlWlanGetNetworkListCtrl
2000ec5c   _SlRxFilterAddtCmdCtrl
2000ec60   _SlRxFilterSetCmdCtrl
2000ec64   _SlRxFilterGetCmdCtrl
2000ec68   _SlSmartConfigStartCmdCtrl
2000ec6c   _SlWlanSetModeCmdCtrl
2000ec70   _SlWlanCfgSetCmdCtrl
2000ec74   _SlWlanCfgGetCmdCtrl
2000ef30   g_H2NSyncPattern
2000ef38   g_H2NCnysPattern
2000ef40   _SlActionLookupTable
2000f064   _SlNetAppStartCtrl
2000f068   _SlNetAppStopCtrl
2000f06c   _SlGetServiceListeCtrl
2000f070   _SlRegisterServiceCtrl
2000f074   _SlGetHostByServiceCtrl
2000f078   _SlGetHostByNameCtrl
2000f07c   _SlNetAppSetCmdCtrl
2000f080   _SlNetAppSendTokenValueCmdCtrl
2000f084   _SlNetAppGetCmdCtrl
2000f0c4   _SlStopCmdCtrl
2000f0c8   _SlEventMaskSetCmdCtrl
2000f0cc   _SlEventMaskGetCmdCtrl
2000f0d0   _SlDeviceGetCmdCtrl
2000f0d4   _SlDeviceSetCmdCtrl
2000f0d8   __TI_static_base__
2000f1a8   __TI_Handler_Table_Base
2000f1b4   __TI_Handler_Table_Limit
2000f1c0   __TI_CINIT_Base
2000f1d0   __TI_CINIT_Limit
20017000   _sys_memory
20019000   pPingCallBackFunc
20019004   gFirstCmdMode
20019008   g_pCB
2001900c   g_StatMem
20019238   _Denorm
20019248   _Eps
20019258   _Hugeval
20019268   _Inf
20019278   _Nan
20019288   _Snan
20019298   _Rteps
200192a8   _Xbig
200192b0   _Zero
200192b8   _FDenorm
200192c8   _FEps
200192d8   _FInf
200192e8   _FNan
200192f8   _FSnan
20019308   _FRteps
20019318   _FXbig
2001931c   _FZero
20019320   g_SpiFd
20019324   g_pHostIntHdl
20019328   g_ucDMAEnabled
2001932c   DMAMsgQ
20019330   g_cDummy
20019334   g_ucDinDout
200193c4   pxCurrentTCB
2001940c   g_uiLED1Port
20019410   g_uiLED2Port
20019414   g_uiLED3Port
20019418   xHigherPriorityTaskWoken
2001941c   xSimpleLinkSpawnQueue
20019420   xSimpleLinkSpawnTaskHndl
20019430   g_uiPingPacketsRecv
20019434   g_uiPingDone
20019438   _lock
2001943c   _unlock
20019440   __TI_cleanup_ptr
20019444   __TI_dtors_ptr
20019448   _Fenv
2001944c   _Tls_setup__Fenv
20019450   _Errno
20019454   main_func_sp
20019520   xQueueRegistry
20019604   _offset
20019608   _scale
20019614   g_ucLED1Pin
20019615   g_ucLED2Pin
20019616   g_ucLED3Pin
2002f000   __stack
20030000   __STACK_END
ffffffff   __binit__
ffffffff   __c_args__
ffffffff   binit
UNDEFED    SHT$$INIT_ARRAY$$Base
UNDEFED    SHT$$INIT_ARRAY$$Limit

[466 symbols]
