<?xml version="1.0"?>
<link_info>
   <banner>TI ARM Linker PC v5.1.6</banner>
   <copyright>Copyright (c) 1996-2014 Texas Instruments Incorporated</copyright>
   <link_time>0x55a20c86</link_time>
   <link_errors>0x0</link_errors>
   <output_file>oob.out</output_file>
   <entry_point>
      <name>_c_int00</name>
      <address>0x2000e279</address>
   </entry_point>
   <input_file_list>
      <input_file id="fl-2">
         <path>.\</path>
         <kind>object</kind>
         <file>bma222drv.obj</file>
         <name>bma222drv.obj</name>
      </input_file>
      <input_file id="fl-3">
         <path>.\</path>
         <kind>object</kind>
         <file>device_status.obj</file>
         <name>device_status.obj</name>
      </input_file>
      <input_file id="fl-4">
         <path>.\</path>
         <kind>object</kind>
         <file>gpio_if.obj</file>
         <name>gpio_if.obj</name>
      </input_file>
      <input_file id="fl-5">
         <path>.\</path>
         <kind>object</kind>
         <file>hx711.obj</file>
         <name>hx711.obj</name>
      </input_file>
      <input_file id="fl-6">
         <path>.\</path>
         <kind>object</kind>
         <file>i2c_if.obj</file>
         <name>i2c_if.obj</name>
      </input_file>
      <input_file id="fl-7">
         <path>.\</path>
         <kind>object</kind>
         <file>main.obj</file>
         <name>main.obj</name>
      </input_file>
      <input_file id="fl-8">
         <path>.\</path>
         <kind>object</kind>
         <file>pinmux.obj</file>
         <name>pinmux.obj</name>
      </input_file>
      <input_file id="fl-9">
         <path>.\</path>
         <kind>object</kind>
         <file>smartconfig.obj</file>
         <name>smartconfig.obj</name>
      </input_file>
      <input_file id="fl-a">
         <path>.\</path>
         <kind>object</kind>
         <file>startup_ccs.obj</file>
         <name>startup_ccs.obj</name>
      </input_file>
      <input_file id="fl-b">
         <path>.\</path>
         <kind>object</kind>
         <file>tmp006drv.obj</file>
         <name>tmp006drv.obj</name>
      </input_file>
      <input_file id="fl-c">
         <path>.\</path>
         <kind>object</kind>
         <file>uart_if.obj</file>
         <name>uart_if.obj</name>
      </input_file>
      <input_file id="fl-13c">
         <path>c:\ti\ccsv6\tools\compiler\arm_5.1.6\lib\</path>
         <kind>archive</kind>
         <file>rtsv7M4_T_le_eabi.lib</file>
         <name>boot.obj</name>
      </input_file>
      <input_file id="fl-13d">
         <path>c:\ti\ccsv6\tools\compiler\arm_5.1.6\lib\</path>
         <kind>archive</kind>
         <file>rtsv7M4_T_le_eabi.lib</file>
         <name>copy_decompress_none.obj</name>
      </input_file>
      <input_file id="fl-13e">
         <path>c:\ti\ccsv6\tools\compiler\arm_5.1.6\lib\</path>
         <kind>archive</kind>
         <file>rtsv7M4_T_le_eabi.lib</file>
         <name>copy_decompress_rle.obj</name>
      </input_file>
      <input_file id="fl-13f">
         <path>c:\ti\ccsv6\tools\compiler\arm_5.1.6\lib\</path>
         <kind>archive</kind>
         <file>rtsv7M4_T_le_eabi.lib</file>
         <name>copy_zero_init.obj</name>
      </input_file>
      <input_file id="fl-140">
         <path>c:\ti\ccsv6\tools\compiler\arm_5.1.6\lib\</path>
         <kind>archive</kind>
         <file>rtsv7M4_T_le_eabi.lib</file>
         <name>exit.obj</name>
      </input_file>
      <input_file id="fl-141">
         <path>c:\ti\ccsv6\tools\compiler\arm_5.1.6\lib\</path>
         <kind>archive</kind>
         <file>rtsv7M4_T_le_eabi.lib</file>
         <name>fd_add_t2.obj</name>
      </input_file>
      <input_file id="fl-142">
         <path>c:\ti\ccsv6\tools\compiler\arm_5.1.6\lib\</path>
         <kind>archive</kind>
         <file>rtsv7M4_T_le_eabi.lib</file>
         <name>fd_div_t2.obj</name>
      </input_file>
      <input_file id="fl-143">
         <path>c:\ti\ccsv6\tools\compiler\arm_5.1.6\lib\</path>
         <kind>archive</kind>
         <file>rtsv7M4_T_le_eabi.lib</file>
         <name>fd_mul_t2.obj</name>
      </input_file>
      <input_file id="fl-144">
         <path>c:\ti\ccsv6\tools\compiler\arm_5.1.6\lib\</path>
         <kind>archive</kind>
         <file>rtsv7M4_T_le_eabi.lib</file>
         <name>fd_tos_t2.obj</name>
      </input_file>
      <input_file id="fl-145">
         <path>c:\ti\ccsv6\tools\compiler\arm_5.1.6\lib\</path>
         <kind>archive</kind>
         <file>rtsv7M4_T_le_eabi.lib</file>
         <name>fs_add_t2.obj</name>
      </input_file>
      <input_file id="fl-146">
         <path>c:\ti\ccsv6\tools\compiler\arm_5.1.6\lib\</path>
         <kind>archive</kind>
         <file>rtsv7M4_T_le_eabi.lib</file>
         <name>fs_div_t2.obj</name>
      </input_file>
      <input_file id="fl-147">
         <path>c:\ti\ccsv6\tools\compiler\arm_5.1.6\lib\</path>
         <kind>archive</kind>
         <file>rtsv7M4_T_le_eabi.lib</file>
         <name>fs_mul_t2.obj</name>
      </input_file>
      <input_file id="fl-148">
         <path>c:\ti\ccsv6\tools\compiler\arm_5.1.6\lib\</path>
         <kind>archive</kind>
         <file>rtsv7M4_T_le_eabi.lib</file>
         <name>fs_toi_t2.obj</name>
      </input_file>
      <input_file id="fl-149">
         <path>c:\ti\ccsv6\tools\compiler\arm_5.1.6\lib\</path>
         <kind>archive</kind>
         <file>rtsv7M4_T_le_eabi.lib</file>
         <name>fs_tou_t2.obj</name>
      </input_file>
      <input_file id="fl-14a">
         <path>c:\ti\ccsv6\tools\compiler\arm_5.1.6\lib\</path>
         <kind>archive</kind>
         <file>rtsv7M4_T_le_eabi.lib</file>
         <name>i_tofd_t2.obj</name>
      </input_file>
      <input_file id="fl-14b">
         <path>c:\ti\ccsv6\tools\compiler\arm_5.1.6\lib\</path>
         <kind>archive</kind>
         <file>rtsv7M4_T_le_eabi.lib</file>
         <name>i_tofs_t2.obj</name>
      </input_file>
      <input_file id="fl-14c">
         <path>c:\ti\ccsv6\tools\compiler\arm_5.1.6\lib\</path>
         <kind>archive</kind>
         <file>rtsv7M4_T_le_eabi.lib</file>
         <name>memcmp.obj</name>
      </input_file>
      <input_file id="fl-14d">
         <path>c:\ti\ccsv6\tools\compiler\arm_5.1.6\lib\</path>
         <kind>archive</kind>
         <file>rtsv7M4_T_le_eabi.lib</file>
         <name>memcpy_t2.obj</name>
      </input_file>
      <input_file id="fl-14e">
         <path>c:\ti\ccsv6\tools\compiler\arm_5.1.6\lib\</path>
         <kind>archive</kind>
         <file>rtsv7M4_T_le_eabi.lib</file>
         <name>memmov.obj</name>
      </input_file>
      <input_file id="fl-14f">
         <path>c:\ti\ccsv6\tools\compiler\arm_5.1.6\lib\</path>
         <kind>archive</kind>
         <file>rtsv7M4_T_le_eabi.lib</file>
         <name>memory.obj</name>
      </input_file>
      <input_file id="fl-150">
         <path>c:\ti\ccsv6\tools\compiler\arm_5.1.6\lib\</path>
         <kind>archive</kind>
         <file>rtsv7M4_T_le_eabi.lib</file>
         <name>memset_t2.obj</name>
      </input_file>
      <input_file id="fl-151">
         <path>c:\ti\ccsv6\tools\compiler\arm_5.1.6\lib\</path>
         <kind>archive</kind>
         <file>rtsv7M4_T_le_eabi.lib</file>
         <name>pow.obj</name>
      </input_file>
      <input_file id="fl-152">
         <path>c:\ti\ccsv6\tools\compiler\arm_5.1.6\lib\</path>
         <kind>archive</kind>
         <file>rtsv7M4_T_le_eabi.lib</file>
         <name>stkdepth_vars.obj</name>
      </input_file>
      <input_file id="fl-153">
         <path>c:\ti\ccsv6\tools\compiler\arm_5.1.6\lib\</path>
         <kind>archive</kind>
         <file>rtsv7M4_T_le_eabi.lib</file>
         <name>strcpy.obj</name>
      </input_file>
      <input_file id="fl-154">
         <path>c:\ti\ccsv6\tools\compiler\arm_5.1.6\lib\</path>
         <kind>archive</kind>
         <file>rtsv7M4_T_le_eabi.lib</file>
         <name>strlen.obj</name>
      </input_file>
      <input_file id="fl-155">
         <path>c:\ti\ccsv6\tools\compiler\arm_5.1.6\lib\</path>
         <kind>archive</kind>
         <file>rtsv7M4_T_le_eabi.lib</file>
         <name>vsnprintf.obj</name>
      </input_file>
      <input_file id="fl-156">
         <path>c:\ti\ccsv6\tools\compiler\arm_5.1.6\lib\</path>
         <kind>archive</kind>
         <file>rtsv7M4_T_le_eabi.lib</file>
         <name>xdint.obj</name>
      </input_file>
      <input_file id="fl-157">
         <path>c:\ti\ccsv6\tools\compiler\arm_5.1.6\lib\</path>
         <kind>archive</kind>
         <file>rtsv7M4_T_le_eabi.lib</file>
         <name>xdunscal.obj</name>
      </input_file>
      <input_file id="fl-158">
         <path>c:\ti\ccsv6\tools\compiler\arm_5.1.6\lib\</path>
         <kind>archive</kind>
         <file>rtsv7M4_T_le_eabi.lib</file>
         <name>xexp.obj</name>
      </input_file>
      <input_file id="fl-159">
         <path>c:\ti\ccsv6\tools\compiler\arm_5.1.6\lib\</path>
         <kind>archive</kind>
         <file>rtsv7M4_T_le_eabi.lib</file>
         <name>xferaise.obj</name>
      </input_file>
      <input_file id="fl-15a">
         <path>c:\ti\ccsv6\tools\compiler\arm_5.1.6\lib\</path>
         <kind>archive</kind>
         <file>rtsv7M4_T_le_eabi.lib</file>
         <name>xvalues.obj</name>
      </input_file>
      <input_file id="fl-15b">
         <path>c:\ti\ccsv6\tools\compiler\arm_5.1.6\lib\</path>
         <kind>archive</kind>
         <file>rtsv7M4_T_le_eabi.lib</file>
         <name>_lock.obj</name>
      </input_file>
      <input_file id="fl-15c">
         <path>c:\ti\ccsv6\tools\compiler\arm_5.1.6\lib\</path>
         <kind>archive</kind>
         <file>rtsv7M4_T_le_eabi.lib</file>
         <name>_printfi.obj</name>
      </input_file>
      <input_file id="fl-15d">
         <path>c:\ti\ccsv6\tools\compiler\arm_5.1.6\lib\</path>
         <kind>archive</kind>
         <file>rtsv7M4_T_le_eabi.lib</file>
         <name>args_main.obj</name>
      </input_file>
      <input_file id="fl-15e">
         <path>c:\ti\ccsv6\tools\compiler\arm_5.1.6\lib\</path>
         <kind>archive</kind>
         <file>rtsv7M4_T_le_eabi.lib</file>
         <name>atoi.obj</name>
      </input_file>
      <input_file id="fl-15f">
         <path>c:\ti\ccsv6\tools\compiler\arm_5.1.6\lib\</path>
         <kind>archive</kind>
         <file>rtsv7M4_T_le_eabi.lib</file>
         <name>auto_init.obj</name>
      </input_file>
      <input_file id="fl-160">
         <path>c:\ti\ccsv6\tools\compiler\arm_5.1.6\lib\</path>
         <kind>archive</kind>
         <file>rtsv7M4_T_le_eabi.lib</file>
         <name>cpy_tbl.obj</name>
      </input_file>
      <input_file id="fl-161">
         <path>c:\ti\ccsv6\tools\compiler\arm_5.1.6\lib\</path>
         <kind>archive</kind>
         <file>rtsv7M4_T_le_eabi.lib</file>
         <name>ctype.obj</name>
      </input_file>
      <input_file id="fl-162">
         <path>c:\ti\ccsv6\tools\compiler\arm_5.1.6\lib\</path>
         <kind>archive</kind>
         <file>rtsv7M4_T_le_eabi.lib</file>
         <name>errno.obj</name>
      </input_file>
      <input_file id="fl-163">
         <path>c:\ti\ccsv6\tools\compiler\arm_5.1.6\lib\</path>
         <kind>archive</kind>
         <file>rtsv7M4_T_le_eabi.lib</file>
         <name>fd_cmp_t2.obj</name>
      </input_file>
      <input_file id="fl-164">
         <path>c:\ti\ccsv6\tools\compiler\arm_5.1.6\lib\</path>
         <kind>archive</kind>
         <file>rtsv7M4_T_le_eabi.lib</file>
         <name>fd_toi_t2.obj</name>
      </input_file>
      <input_file id="fl-165">
         <path>c:\ti\ccsv6\tools\compiler\arm_5.1.6\lib\</path>
         <kind>archive</kind>
         <file>rtsv7M4_T_le_eabi.lib</file>
         <name>feraiseexcept.obj</name>
      </input_file>
      <input_file id="fl-166">
         <path>c:\ti\ccsv6\tools\compiler\arm_5.1.6\lib\</path>
         <kind>archive</kind>
         <file>rtsv7M4_T_le_eabi.lib</file>
         <name>ll_mul_t2.obj</name>
      </input_file>
      <input_file id="fl-167">
         <path>c:\ti\ccsv6\tools\compiler\arm_5.1.6\lib\</path>
         <kind>archive</kind>
         <file>rtsv7M4_T_le_eabi.lib</file>
         <name>log.obj</name>
      </input_file>
      <input_file id="fl-168">
         <path>c:\ti\ccsv6\tools\compiler\arm_5.1.6\lib\</path>
         <kind>archive</kind>
         <file>rtsv7M4_T_le_eabi.lib</file>
         <name>ltoa.obj</name>
      </input_file>
      <input_file id="fl-169">
         <path>c:\ti\ccsv6\tools\compiler\arm_5.1.6\lib\</path>
         <kind>archive</kind>
         <file>rtsv7M4_T_le_eabi.lib</file>
         <name>memccpy.obj</name>
      </input_file>
      <input_file id="fl-16a">
         <path>c:\ti\ccsv6\tools\compiler\arm_5.1.6\lib\</path>
         <kind>archive</kind>
         <file>rtsv7M4_T_le_eabi.lib</file>
         <name>raise.obj</name>
      </input_file>
      <input_file id="fl-16b">
         <path>c:\ti\ccsv6\tools\compiler\arm_5.1.6\lib\</path>
         <kind>archive</kind>
         <file>rtsv7M4_T_le_eabi.lib</file>
         <name>signal.obj</name>
      </input_file>
      <input_file id="fl-16c">
         <path>c:\ti\ccsv6\tools\compiler\arm_5.1.6\lib\</path>
         <kind>archive</kind>
         <file>rtsv7M4_T_le_eabi.lib</file>
         <name>ull_div_t2.obj</name>
      </input_file>
      <input_file id="fl-16d">
         <path>c:\ti\ccsv6\tools\compiler\arm_5.1.6\lib\</path>
         <kind>archive</kind>
         <file>rtsv7M4_T_le_eabi.lib</file>
         <name>xdclass.obj</name>
      </input_file>
      <input_file id="fl-16e">
         <path>c:\ti\ccsv6\tools\compiler\arm_5.1.6\lib\</path>
         <kind>archive</kind>
         <file>rtsv7M4_T_le_eabi.lib</file>
         <name>xdnorm.obj</name>
      </input_file>
      <input_file id="fl-16f">
         <path>c:\ti\ccsv6\tools\compiler\arm_5.1.6\lib\</path>
         <kind>archive</kind>
         <file>rtsv7M4_T_le_eabi.lib</file>
         <name>xdscale.obj</name>
      </input_file>
      <input_file id="fl-170">
         <path>c:\ti\ccsv6\tools\compiler\arm_5.1.6\lib\</path>
         <kind>archive</kind>
         <file>rtsv7M4_T_le_eabi.lib</file>
         <name>xdtest.obj</name>
      </input_file>
      <input_file id="fl-171">
         <path>c:\ti\ccsv6\tools\compiler\arm_5.1.6\lib\</path>
         <kind>archive</kind>
         <file>rtsv7M4_T_le_eabi.lib</file>
         <name>xlog.obj</name>
      </input_file>
      <input_file id="fl-172">
         <path>c:\ti\ccsv6\tools\compiler\arm_5.1.6\lib\</path>
         <kind>archive</kind>
         <file>rtsv7M4_T_le_eabi.lib</file>
         <name>fs_tod_t2.obj</name>
      </input_file>
      <input_file id="fl-173">
         <path>c:\ti\ccsv6\tools\compiler\arm_5.1.6\lib\</path>
         <kind>archive</kind>
         <file>rtsv7M4_T_le_eabi.lib</file>
         <name>xfvalues.obj</name>
      </input_file>
      <input_file id="fl-174">
         <path>C:\ti\CC3200SDK_1.0.0\cc3200-sdk\driverlib\ccs\Release\</path>
         <kind>archive</kind>
         <file>driverlib.a</file>
         <name>gpio.obj</name>
      </input_file>
      <input_file id="fl-175">
         <path>C:\ti\CC3200SDK_1.0.0\cc3200-sdk\driverlib\ccs\Release\</path>
         <kind>archive</kind>
         <file>driverlib.a</file>
         <name>i2c.obj</name>
      </input_file>
      <input_file id="fl-176">
         <path>C:\ti\CC3200SDK_1.0.0\cc3200-sdk\driverlib\ccs\Release\</path>
         <kind>archive</kind>
         <file>driverlib.a</file>
         <name>interrupt.obj</name>
      </input_file>
      <input_file id="fl-177">
         <path>C:\ti\CC3200SDK_1.0.0\cc3200-sdk\driverlib\ccs\Release\</path>
         <kind>archive</kind>
         <file>driverlib.a</file>
         <name>pin.obj</name>
      </input_file>
      <input_file id="fl-178">
         <path>C:\ti\CC3200SDK_1.0.0\cc3200-sdk\driverlib\ccs\Release\</path>
         <kind>archive</kind>
         <file>driverlib.a</file>
         <name>prcm.obj</name>
      </input_file>
      <input_file id="fl-179">
         <path>C:\ti\CC3200SDK_1.0.0\cc3200-sdk\driverlib\ccs\Release\</path>
         <kind>archive</kind>
         <file>driverlib.a</file>
         <name>uart.obj</name>
      </input_file>
      <input_file id="fl-17a">
         <path>C:\ti\CC3200SDK_1.0.0\cc3200-sdk\driverlib\ccs\Release\</path>
         <kind>archive</kind>
         <file>driverlib.a</file>
         <name>utils.obj</name>
      </input_file>
      <input_file id="fl-17b">
         <path>C:\ti\CC3200SDK_1.0.0\cc3200-sdk\driverlib\ccs\Release\</path>
         <kind>archive</kind>
         <file>driverlib.a</file>
         <name>cpu.obj</name>
      </input_file>
      <input_file id="fl-17c">
         <path>C:\ti\CC3200SDK_1.0.0\cc3200-sdk\driverlib\ccs\Release\</path>
         <kind>archive</kind>
         <file>driverlib.a</file>
         <name>flash.obj</name>
      </input_file>
      <input_file id="fl-17d">
         <path>C:\ti\CC3200SDK_1.0.0\cc3200-sdk\simplelink\ccs\OS\</path>
         <kind>archive</kind>
         <file>simplelink.a</file>
         <name>device.obj</name>
      </input_file>
      <input_file id="fl-17e">
         <path>C:\ti\CC3200SDK_1.0.0\cc3200-sdk\simplelink\ccs\OS\</path>
         <kind>archive</kind>
         <file>simplelink.a</file>
         <name>driver.obj</name>
      </input_file>
      <input_file id="fl-17f">
         <path>C:\ti\CC3200SDK_1.0.0\cc3200-sdk\simplelink\ccs\OS\</path>
         <kind>archive</kind>
         <file>simplelink.a</file>
         <name>flowcont.obj</name>
      </input_file>
      <input_file id="fl-180">
         <path>C:\ti\CC3200SDK_1.0.0\cc3200-sdk\simplelink\ccs\OS\</path>
         <kind>archive</kind>
         <file>simplelink.a</file>
         <name>netapp.obj</name>
      </input_file>
      <input_file id="fl-181">
         <path>C:\ti\CC3200SDK_1.0.0\cc3200-sdk\simplelink\ccs\OS\</path>
         <kind>archive</kind>
         <file>simplelink.a</file>
         <name>socket.obj</name>
      </input_file>
      <input_file id="fl-182">
         <path>C:\ti\CC3200SDK_1.0.0\cc3200-sdk\simplelink\ccs\OS\</path>
         <kind>archive</kind>
         <file>simplelink.a</file>
         <name>wlan.obj</name>
      </input_file>
      <input_file id="fl-183">
         <path>C:\ti\CC3200SDK_1.0.0\cc3200-sdk\simplelink\ccs\OS\</path>
         <kind>archive</kind>
         <file>simplelink.a</file>
         <name>cc_pal.obj</name>
      </input_file>
      <input_file id="fl-184">
         <path>C:\ti\CC3200SDK_1.0.0\cc3200-sdk\oslib\ccs\free_rtos\</path>
         <kind>archive</kind>
         <file>free_rtos.a</file>
         <name>osi_freertos.obj</name>
      </input_file>
      <input_file id="fl-185">
         <path>C:\ti\CC3200SDK_1.0.0\cc3200-sdk\oslib\ccs\free_rtos\</path>
         <kind>archive</kind>
         <file>free_rtos.a</file>
         <name>port.obj</name>
      </input_file>
      <input_file id="fl-186">
         <path>C:\ti\CC3200SDK_1.0.0\cc3200-sdk\oslib\ccs\free_rtos\</path>
         <kind>archive</kind>
         <file>free_rtos.a</file>
         <name>portasm.obj</name>
      </input_file>
      <input_file id="fl-187">
         <path>C:\ti\CC3200SDK_1.0.0\cc3200-sdk\oslib\ccs\free_rtos\</path>
         <kind>archive</kind>
         <file>free_rtos.a</file>
         <name>queue.obj</name>
      </input_file>
      <input_file id="fl-188">
         <path>C:\ti\CC3200SDK_1.0.0\cc3200-sdk\oslib\ccs\free_rtos\</path>
         <kind>archive</kind>
         <file>free_rtos.a</file>
         <name>tasks.obj</name>
      </input_file>
      <input_file id="fl-189">
         <path>C:\ti\CC3200SDK_1.0.0\cc3200-sdk\oslib\ccs\free_rtos\</path>
         <kind>archive</kind>
         <file>free_rtos.a</file>
         <name>heap_3.obj</name>
      </input_file>
      <input_file id="fl-18a">
         <path>C:\ti\CC3200SDK_1.0.0\cc3200-sdk\oslib\ccs\free_rtos\</path>
         <kind>archive</kind>
         <file>free_rtos.a</file>
         <name>list.obj</name>
      </input_file>
      <input_file id="fl-18b">
         <path>c:\ti\ccsv6\tools\compiler\arm_5.1.6\lib\</path>
         <kind>archive</kind>
         <file>rtsv7M4_T_le_eabi.lib</file>
         <name>ll_lsr_t2.obj</name>
      </input_file>
      <input_file id="fl-18c">
         <path>C:\ti\CC3200SDK_1.0.0\cc3200-sdk\driverlib\ccs\Release\</path>
         <kind>archive</kind>
         <file>driverlib.a</file>
         <name>spi.obj</name>
      </input_file>
      <input_file id="fl-18d">
         <path>C:\ti\CC3200SDK_1.0.0\cc3200-sdk\driverlib\ccs\Release\</path>
         <kind>archive</kind>
         <file>driverlib.a</file>
         <name>udma.obj</name>
      </input_file>
   </input_file_list>
   <object_component_list>
      <object_component id="oc-e">
         <name>.intvecs</name>
         <load_address>0x20004000</load_address>
         <run_address>0x20004000</run_address>
         <size>0x400</size>
         <input_file_ref idref="fl-a"/>
      </object_component>
      <object_component id="oc-7a">
         <name>.text</name>
         <load_address>0x20004400</load_address>
         <run_address>0x20004400</run_address>
         <size>0x1258</size>
         <input_file_ref idref="fl-188"/>
      </object_component>
      <object_component id="oc-a1">
         <name>.text</name>
         <load_address>0x20005658</load_address>
         <run_address>0x20005658</run_address>
         <size>0xf30</size>
         <input_file_ref idref="fl-7"/>
      </object_component>
      <object_component id="oc-44a">
         <name>.text</name>
         <load_address>0x20006588</load_address>
         <run_address>0x20006588</run_address>
         <size>0xec0</size>
         <input_file_ref idref="fl-15c"/>
      </object_component>
      <object_component id="oc-360">
         <name>.text</name>
         <load_address>0x20007448</load_address>
         <run_address>0x20007448</run_address>
         <size>0xb24</size>
         <input_file_ref idref="fl-187"/>
      </object_component>
      <object_component id="oc-274">
         <name>.text</name>
         <load_address>0x20007f6c</load_address>
         <run_address>0x20007f6c</run_address>
         <size>0x490</size>
         <input_file_ref idref="fl-151"/>
      </object_component>
      <object_component id="oc-173">
         <name>.text</name>
         <load_address>0x200083fc</load_address>
         <run_address>0x200083fc</run_address>
         <size>0x45c</size>
         <input_file_ref idref="fl-184"/>
      </object_component>
      <object_component id="oc-13d">
         <name>.text</name>
         <load_address>0x20008858</load_address>
         <run_address>0x20008858</run_address>
         <size>0x434</size>
         <input_file_ref idref="fl-b"/>
      </object_component>
      <object_component id="oc-1e6">
         <name>.text</name>
         <load_address>0x20008c8c</load_address>
         <run_address>0x20008c8c</run_address>
         <size>0x3cc</size>
         <input_file_ref idref="fl-14f"/>
      </object_component>
      <object_component id="oc-65a">
         <name>.text:_SlDrvMsgRead</name>
         <load_address>0x20009058</load_address>
         <run_address>0x20009058</run_address>
         <size>0x3a6</size>
         <input_file_ref idref="fl-17e"/>
      </object_component>
      <object_component id="oc-57e">
         <name>.text:IntDefaultHandler</name>
         <load_address>0x200093fe</load_address>
         <run_address>0x200093fe</run_address>
         <size>0x2</size>
         <input_file_ref idref="fl-176"/>
      </object_component>
      <object_component id="oc-14e">
         <name>.text</name>
         <load_address>0x20009400</load_address>
         <run_address>0x20009400</run_address>
         <size>0x354</size>
         <input_file_ref idref="fl-4"/>
      </object_component>
      <object_component id="oc-654">
         <name>.text:_SlAsyncEventGenericHandler</name>
         <load_address>0x20009754</load_address>
         <run_address>0x20009754</run_address>
         <size>0x34c</size>
         <input_file_ref idref="fl-17e"/>
      </object_component>
      <object_component id="oc-18b">
         <name>.text</name>
         <load_address>0x20009aa0</load_address>
         <run_address>0x20009aa0</run_address>
         <size>0x304</size>
         <input_file_ref idref="fl-5"/>
      </object_component>
      <object_component id="oc-62a">
         <name>.text</name>
         <load_address>0x20009da4</load_address>
         <run_address>0x20009da4</run_address>
         <size>0x2e4</size>
         <input_file_ref idref="fl-171"/>
      </object_component>
      <object_component id="oc-1b5">
         <name>.text</name>
         <load_address>0x2000a088</load_address>
         <run_address>0x2000a088</run_address>
         <size>0x290</size>
         <input_file_ref idref="fl-6"/>
      </object_component>
      <object_component id="oc-11d">
         <name>.text</name>
         <load_address>0x2000a318</load_address>
         <run_address>0x2000a318</run_address>
         <size>0x26c</size>
         <input_file_ref idref="fl-c"/>
      </object_component>
      <object_component id="oc-489">
         <name>.text</name>
         <load_address>0x2000a584</load_address>
         <run_address>0x2000a584</run_address>
         <size>0x1fc</size>
         <input_file_ref idref="fl-158"/>
      </object_component>
      <object_component id="oc-5db">
         <name>.text</name>
         <load_address>0x2000a780</load_address>
         <run_address>0x2000a780</run_address>
         <size>0x1f4</size>
         <input_file_ref idref="fl-16c"/>
      </object_component>
      <object_component id="oc-113">
         <name>.text</name>
         <load_address>0x2000a974</load_address>
         <run_address>0x2000a974</run_address>
         <size>0x1ec</size>
         <input_file_ref idref="fl-2"/>
      </object_component>
      <object_component id="oc-26a">
         <name>.text</name>
         <load_address>0x2000ab60</load_address>
         <run_address>0x2000ab60</run_address>
         <size>0x1b6</size>
         <input_file_ref idref="fl-141"/>
      </object_component>
      <object_component id="oc-73a">
         <name>.text:_SlDrvRxHdrRead</name>
         <load_address>0x2000ad18</load_address>
         <run_address>0x2000ad18</run_address>
         <size>0x140</size>
         <input_file_ref idref="fl-17e"/>
      </object_component>
      <object_component id="oc-27a">
         <name>.text</name>
         <load_address>0x2000ae58</load_address>
         <run_address>0x2000ae58</run_address>
         <size>0x136</size>
         <input_file_ref idref="fl-142"/>
      </object_component>
      <object_component id="oc-1a3">
         <name>.text:PRCMCC3200MCUInit</name>
         <load_address>0x2000af90</load_address>
         <run_address>0x2000af90</run_address>
         <size>0x134</size>
         <input_file_ref idref="fl-178"/>
      </object_component>
      <object_component id="oc-323">
         <name>.text:spi_Open</name>
         <load_address>0x2000b0c4</load_address>
         <run_address>0x2000b0c4</run_address>
         <size>0x130</size>
         <input_file_ref idref="fl-183"/>
      </object_component>
      <object_component id="oc-d2">
         <name>.text</name>
         <load_address>0x2000b1f4</load_address>
         <run_address>0x2000b1f4</run_address>
         <size>0x12a</size>
         <input_file_ref idref="fl-18a"/>
      </object_component>
      <object_component id="oc-391">
         <name>.text:sl_NetAppPingStart</name>
         <load_address>0x2000b320</load_address>
         <run_address>0x2000b320</run_address>
         <size>0x124</size>
         <input_file_ref idref="fl-180"/>
      </object_component>
      <object_component id="oc-4b0">
         <name>.text:_SlDrvMsgWrite</name>
         <load_address>0x2000b444</load_address>
         <run_address>0x2000b444</run_address>
         <size>0x114</size>
         <input_file_ref idref="fl-17e"/>
      </object_component>
      <object_component id="oc-37">
         <name>.text</name>
         <load_address>0x2000b558</load_address>
         <run_address>0x2000b558</run_address>
         <size>0x110</size>
         <input_file_ref idref="fl-185"/>
      </object_component>
      <object_component id="oc-632">
         <name>.text</name>
         <load_address>0x2000b668</load_address>
         <run_address>0x2000b668</run_address>
         <size>0x110</size>
         <input_file_ref idref="fl-16f"/>
      </object_component>
      <object_component id="oc-2e0">
         <name>.text:_SlDrvWaitForPoolObj</name>
         <load_address>0x2000b778</load_address>
         <run_address>0x2000b778</run_address>
         <size>0x10c</size>
         <input_file_ref idref="fl-17e"/>
      </object_component>
      <object_component id="oc-2e6">
         <name>.text:_SlDrvReleasePoolObj</name>
         <load_address>0x2000b884</load_address>
         <run_address>0x2000b884</run_address>
         <size>0x104</size>
         <input_file_ref idref="fl-17e"/>
      </object_component>
      <object_component id="oc-26f">
         <name>.text</name>
         <load_address>0x2000b988</load_address>
         <run_address>0x2000b988</run_address>
         <size>0xfc</size>
         <input_file_ref idref="fl-143"/>
      </object_component>
      <object_component id="oc-293">
         <name>.text</name>
         <load_address>0x2000ba84</load_address>
         <run_address>0x2000ba84</run_address>
         <size>0xfa</size>
         <input_file_ref idref="fl-145"/>
      </object_component>
      <object_component id="oc-6fa">
         <name>.text:uDMAChannelTransferSet</name>
         <load_address>0x2000bb80</load_address>
         <run_address>0x2000bb80</run_address>
         <size>0xf0</size>
         <input_file_ref idref="fl-18d"/>
      </object_component>
      <object_component id="oc-17f">
         <name>.text</name>
         <load_address>0x2000bc70</load_address>
         <run_address>0x2000bc70</run_address>
         <size>0xe8</size>
         <input_file_ref idref="fl-9"/>
      </object_component>
      <object_component id="oc-64a">
         <name>.text:spi_Write</name>
         <load_address>0x2000bd58</load_address>
         <run_address>0x2000bd58</run_address>
         <size>0xe8</size>
         <input_file_ref idref="fl-183"/>
      </object_component>
      <object_component id="oc-38b">
         <name>.text:sl_NetAppDnsGetHostByName</name>
         <load_address>0x2000be40</load_address>
         <run_address>0x2000be40</run_address>
         <size>0xd8</size>
         <input_file_ref idref="fl-180"/>
      </object_component>
      <object_component id="oc-746">
         <name>.text:spi_Read</name>
         <load_address>0x2000bf18</load_address>
         <run_address>0x2000bf18</run_address>
         <size>0xcc</size>
         <input_file_ref idref="fl-183"/>
      </object_component>
      <object_component id="oc-46d">
         <name>.text</name>
         <load_address>0x2000bfe4</load_address>
         <run_address>0x2000bfe4</run_address>
         <size>0xc4</size>
         <input_file_ref idref="fl-156"/>
      </object_component>
      <object_component id="oc-612">
         <name>.text</name>
         <load_address>0x2000c0a8</load_address>
         <run_address>0x2000c0a8</run_address>
         <size>0xc4</size>
         <input_file_ref idref="fl-16e"/>
      </object_component>
      <object_component id="oc-15a">
         <name>.text:sl_Stop</name>
         <load_address>0x2000c16c</load_address>
         <run_address>0x2000c16c</run_address>
         <size>0xc4</size>
         <input_file_ref idref="fl-17d"/>
      </object_component>
      <object_component id="oc-160">
         <name>.text:sl_Start</name>
         <load_address>0x2000c230</load_address>
         <run_address>0x2000c230</run_address>
         <size>0xc0</size>
         <input_file_ref idref="fl-17d"/>
      </object_component>
      <object_component id="oc-32">
         <name>.text</name>
         <load_address>0x2000c2f0</load_address>
         <run_address>0x2000c2f0</run_address>
         <size>0xba</size>
         <input_file_ref idref="fl-186"/>
      </object_component>
      <object_component id="oc-4b6">
         <name>.text:_SlDrvMsgReadCmdCtx</name>
         <load_address>0x2000c3ac</load_address>
         <run_address>0x2000c3ac</run_address>
         <size>0xb4</size>
         <input_file_ref idref="fl-17e"/>
      </object_component>
      <object_component id="oc-185">
         <name>.text</name>
         <load_address>0x2000c460</load_address>
         <run_address>0x2000c460</run_address>
         <size>0xb4</size>
         <input_file_ref idref="fl-3"/>
      </object_component>
      <object_component id="oc-1a9">
         <name>.text</name>
         <load_address>0x2000c514</load_address>
         <run_address>0x2000c514</run_address>
         <size>0xb4</size>
         <input_file_ref idref="fl-8"/>
      </object_component>
      <object_component id="oc-79c">
         <name>.text:_SlDrvNetAppEventHandler</name>
         <load_address>0x2000c5c8</load_address>
         <run_address>0x2000c5c8</run_address>
         <size>0xb2</size>
         <input_file_ref idref="fl-180"/>
      </object_component>
      <object_component id="oc-354">
         <name>.text:IntDisable</name>
         <load_address>0x2000c67c</load_address>
         <run_address>0x2000c67c</run_address>
         <size>0xa8</size>
         <input_file_ref idref="fl-176"/>
      </object_component>
      <object_component id="oc-19d">
         <name>.text:IntEnable</name>
         <load_address>0x2000c724</load_address>
         <run_address>0x2000c724</run_address>
         <size>0xa8</size>
         <input_file_ref idref="fl-176"/>
      </object_component>
      <object_component id="oc-527">
         <name>.text:SPIConfigSetExpClk</name>
         <load_address>0x2000c7cc</load_address>
         <run_address>0x2000c7cc</run_address>
         <size>0xa0</size>
         <input_file_ref idref="fl-18c"/>
      </object_component>
      <object_component id="oc-55">
         <name>.text</name>
         <load_address>0x2000c86c</load_address>
         <run_address>0x2000c86c</run_address>
         <size>0x9c</size>
         <input_file_ref idref="fl-14d"/>
      </object_component>
      <object_component id="oc-74c">
         <name>.text:_SlFindAndSetActiveObj</name>
         <load_address>0x2000c908</load_address>
         <run_address>0x2000c908</run_address>
         <size>0x98</size>
         <input_file_ref idref="fl-17e"/>
      </object_component>
      <object_component id="oc-215">
         <name>.text:PRCMPeripheralClockGet</name>
         <load_address>0x2000c9a0</load_address>
         <run_address>0x2000c9a0</run_address>
         <size>0x94</size>
         <input_file_ref idref="fl-178"/>
      </object_component>
      <object_component id="oc-740">
         <name>.text:_SlDrvClassifyRxMsg</name>
         <load_address>0x2000ca34</load_address>
         <run_address>0x2000ca34</run_address>
         <size>0x94</size>
         <input_file_ref idref="fl-17e"/>
      </object_component>
      <object_component id="oc-40">
         <name>.text</name>
         <load_address>0x2000cac8</load_address>
         <run_address>0x2000cac8</run_address>
         <size>0x94</size>
         <input_file_ref idref="fl-15f"/>
      </object_component>
      <object_component id="oc-28e">
         <name>.text</name>
         <load_address>0x2000cb5c</load_address>
         <run_address>0x2000cb5c</run_address>
         <size>0x92</size>
         <input_file_ref idref="fl-146"/>
      </object_component>
      <object_component id="oc-56c">
         <name>.text:_SlDrvMsgReadSpawnCtx</name>
         <load_address>0x2000cbf0</load_address>
         <run_address>0x2000cbf0</run_address>
         <size>0x90</size>
         <input_file_ref idref="fl-17e"/>
      </object_component>
      <object_component id="oc-1af">
         <name>.text:PinConfigSet</name>
         <load_address>0x2000cc80</load_address>
         <run_address>0x2000cc80</run_address>
         <size>0x88</size>
         <input_file_ref idref="fl-177"/>
      </object_component>
      <object_component id="oc-227">
         <name>.text</name>
         <load_address>0x2000cd08</load_address>
         <run_address>0x2000cd08</run_address>
         <size>0x88</size>
         <input_file_ref idref="fl-155"/>
      </object_component>
      <object_component id="oc-473">
         <name>.text:__aeabi_cdcmple</name>
         <load_address>0x2000cd90</load_address>
         <run_address>0x2000cd90</run_address>
         <size>0x86</size>
         <input_file_ref idref="fl-163"/>
      </object_component>
      <object_component id="oc-5e5">
         <name>.text:__aeabi_cdrcmple</name>
         <load_address>0x2000ce16</load_address>
         <run_address>0x2000ce16</run_address>
         <size>0x86</size>
         <input_file_ref idref="fl-163"/>
      </object_component>
      <object_component id="oc-426">
         <name>.text:I2CMasterInitExpClk</name>
         <load_address>0x2000ce9c</load_address>
         <run_address>0x2000ce9c</run_address>
         <size>0x84</size>
         <input_file_ref idref="fl-175"/>
      </object_component>
      <object_component id="oc-2cf">
         <name>.text:_SlDrvCmdOp</name>
         <load_address>0x2000cf20</load_address>
         <run_address>0x2000cf20</run_address>
         <size>0x84</size>
         <input_file_ref idref="fl-17e"/>
      </object_component>
      <object_component id="oc-2a2">
         <name>.text:GPIOIntTypeSet</name>
         <load_address>0x2000cfa4</load_address>
         <run_address>0x2000cfa4</run_address>
         <size>0x82</size>
         <input_file_ref idref="fl-174"/>
      </object_component>
      <object_component id="oc-317">
         <name>.text:NwpPowerOnPreamble</name>
         <load_address>0x2000d028</load_address>
         <run_address>0x2000d028</run_address>
         <size>0x80</size>
         <input_file_ref idref="fl-183"/>
      </object_component>
      <object_component id="oc-31d">
         <name>.text:_SlDrvDriverCBInit</name>
         <load_address>0x2000d0a8</load_address>
         <run_address>0x2000d0a8</run_address>
         <size>0x7c</size>
         <input_file_ref idref="fl-17e"/>
      </object_component>
      <object_component id="oc-71f">
         <name>.text:_sl_HandleAsync_DnsGetHostByName</name>
         <load_address>0x2000d124</load_address>
         <run_address>0x2000d124</run_address>
         <size>0x7c</size>
         <input_file_ref idref="fl-180"/>
      </object_component>
      <object_component id="oc-289">
         <name>.text</name>
         <load_address>0x2000d1a0</load_address>
         <run_address>0x2000d1a0</run_address>
         <size>0x7a</size>
         <input_file_ref idref="fl-147"/>
      </object_component>
      <object_component id="oc-7a9">
         <name>.text:SetupDMAReceive</name>
         <load_address>0x2000d21c</load_address>
         <run_address>0x2000d21c</run_address>
         <size>0x78</size>
         <input_file_ref idref="fl-183"/>
      </object_component>
      <object_component id="oc-ee">
         <name>.text</name>
         <load_address>0x2000d294</load_address>
         <run_address>0x2000d294</run_address>
         <size>0x78</size>
         <input_file_ref idref="fl-150"/>
      </object_component>
      <object_component id="oc-21b">
         <name>.text:UARTConfigSetExpClk</name>
         <load_address>0x2000d30c</load_address>
         <run_address>0x2000d30c</run_address>
         <size>0x76</size>
         <input_file_ref idref="fl-179"/>
      </object_component>
      <object_component id="oc-7d8">
         <name>.text:_sl_HandleAsync_InitComplete</name>
         <load_address>0x2000d384</load_address>
         <run_address>0x2000d384</run_address>
         <size>0x74</size>
         <input_file_ref idref="fl-17d"/>
      </object_component>
      <object_component id="oc-179">
         <name>.text:sl_WlanGet</name>
         <load_address>0x2000d3f8</load_address>
         <run_address>0x2000d3f8</run_address>
         <size>0x74</size>
         <input_file_ref idref="fl-182"/>
      </object_component>
      <object_component id="oc-2f8">
         <name>.text:spi_Close</name>
         <load_address>0x2000d46c</load_address>
         <run_address>0x2000d46c</run_address>
         <size>0x74</size>
         <input_file_ref idref="fl-183"/>
      </object_component>
      <object_component id="oc-72b">
         <name>.text:_sl_HandleAsync_PingResponse</name>
         <load_address>0x2000d4e0</load_address>
         <run_address>0x2000d4e0</run_address>
         <size>0x70</size>
         <input_file_ref idref="fl-180"/>
      </object_component>
      <object_component id="oc-37c">
         <name>.text:sl_WlanSmartConfigStart</name>
         <load_address>0x2000d550</load_address>
         <run_address>0x2000d550</run_address>
         <size>0x70</size>
         <input_file_ref idref="fl-182"/>
      </object_component>
      <object_component id="oc-713">
         <name>.text:_sl_HandleAsync_Connect</name>
         <load_address>0x2000d5c0</load_address>
         <run_address>0x2000d5c0</run_address>
         <size>0x68</size>
         <input_file_ref idref="fl-181"/>
      </object_component>
      <object_component id="oc-725">
         <name>.text:_sl_HandleAsync_DnsGetHostByService</name>
         <load_address>0x2000d628</load_address>
         <run_address>0x2000d628</run_address>
         <size>0x68</size>
         <input_file_ref idref="fl-180"/>
      </object_component>
      <object_component id="oc-70d">
         <name>.text:_sl_HandleAsync_Accept</name>
         <load_address>0x2000d690</load_address>
         <run_address>0x2000d690</run_address>
         <size>0x64</size>
         <input_file_ref idref="fl-181"/>
      </object_component>
      <object_component id="oc-467">
         <name>.text</name>
         <load_address>0x2000d6f4</load_address>
         <run_address>0x2000d6f4</run_address>
         <size>0x64</size>
         <input_file_ref idref="fl-157"/>
      </object_component>
      <object_component id="oc-539">
         <name>.text:uDMAChannelAttributeDisable</name>
         <load_address>0x2000d758</load_address>
         <run_address>0x2000d758</run_address>
         <size>0x64</size>
         <input_file_ref idref="fl-18d"/>
      </object_component>
      <object_component id="oc-6f4">
         <name>.text:uDMAChannelAttributeEnable</name>
         <load_address>0x2000d7bc</load_address>
         <run_address>0x2000d7bc</run_address>
         <size>0x64</size>
         <input_file_ref idref="fl-18d"/>
      </object_component>
      <object_component id="oc-68">
         <name>.text</name>
         <load_address>0x2000d820</load_address>
         <run_address>0x2000d820</run_address>
         <size>0x5e</size>
         <input_file_ref idref="fl-13e"/>
      </object_component>
      <object_component id="oc-5ea">
         <name>.text</name>
         <load_address>0x2000d87e</load_address>
         <run_address>0x2000d87e</run_address>
         <size>0x5a</size>
         <input_file_ref idref="fl-168"/>
      </object_component>
      <object_component id="oc-4d0">
         <name>.text:IntPendClear</name>
         <load_address>0x2000d8d8</load_address>
         <run_address>0x2000d8d8</run_address>
         <size>0x58</size>
         <input_file_ref idref="fl-176"/>
      </object_component>
      <object_component id="oc-3c6">
         <name>.text:PRCMPeripheralReset</name>
         <load_address>0x2000d930</load_address>
         <run_address>0x2000d930</run_address>
         <size>0x58</size>
         <input_file_ref idref="fl-178"/>
      </object_component>
      <object_component id="oc-2fe">
         <name>.text:_SlDrvDriverCBDeinit</name>
         <load_address>0x2000d988</load_address>
         <run_address>0x2000d988</run_address>
         <size>0x58</size>
         <input_file_ref idref="fl-17e"/>
      </object_component>
      <object_component id="oc-719">
         <name>.text:_sl_HandleAsync_Select</name>
         <load_address>0x2000d9e0</load_address>
         <run_address>0x2000d9e0</run_address>
         <size>0x58</size>
         <input_file_ref idref="fl-181"/>
      </object_component>
      <object_component id="oc-34e">
         <name>.text:IntPrioritySet</name>
         <load_address>0x2000da38</load_address>
         <run_address>0x2000da38</run_address>
         <size>0x54</size>
         <input_file_ref idref="fl-176"/>
      </object_component>
      <object_component id="oc-731">
         <name>.text:_sl_HandleAsync_Stop</name>
         <load_address>0x2000da8c</load_address>
         <run_address>0x2000da8c</run_address>
         <size>0x54</size>
         <input_file_ref idref="fl-17d"/>
      </object_component>
      <object_component id="oc-7d1">
         <name>.text:sl_NetAppSendTokenValue</name>
         <load_address>0x2000dae0</load_address>
         <run_address>0x2000dae0</run_address>
         <size>0x54</size>
         <input_file_ref idref="fl-180"/>
      </object_component>
      <object_component id="oc-551">
         <name>.text:SPIIntEnable</name>
         <load_address>0x2000db34</load_address>
         <run_address>0x2000db34</run_address>
         <size>0x4c</size>
         <input_file_ref idref="fl-18c"/>
      </object_component>
      <object_component id="oc-5fc">
         <name>.text</name>
         <load_address>0x2000db80</load_address>
         <run_address>0x2000db80</run_address>
         <size>0x4c</size>
         <input_file_ref idref="fl-15e"/>
      </object_component>
      <object_component id="oc-533">
         <name>.text:uDMAChannelAssign</name>
         <load_address>0x2000dbcc</load_address>
         <run_address>0x2000dbcc</run_address>
         <size>0x4c</size>
         <input_file_ref idref="fl-18d"/>
      </object_component>
      <object_component id="oc-32f">
         <name>.text:_sl_GetStartResponseConvert</name>
         <load_address>0x2000dc18</load_address>
         <run_address>0x2000dc18</run_address>
         <size>0x4a</size>
         <input_file_ref idref="fl-17d"/>
      </object_component>
      <object_component id="oc-284">
         <name>.text</name>
         <load_address>0x2000dc62</load_address>
         <run_address>0x2000dc62</run_address>
         <size>0x4a</size>
         <input_file_ref idref="fl-144"/>
      </object_component>
      <object_component id="oc-4a0">
         <name>.text:GPIOGetIntNumber</name>
         <load_address>0x2000dcac</load_address>
         <run_address>0x2000dcac</run_address>
         <size>0x48</size>
         <input_file_ref idref="fl-174"/>
      </object_component>
      <object_component id="oc-681">
         <name>.text:SPIIntClear</name>
         <load_address>0x2000dcf4</load_address>
         <run_address>0x2000dcf4</run_address>
         <size>0x48</size>
         <input_file_ref idref="fl-18c"/>
      </object_component>
      <object_component id="oc-47e">
         <name>.text</name>
         <load_address>0x2000dd3c</load_address>
         <run_address>0x2000dd3c</run_address>
         <size>0x48</size>
         <input_file_ref idref="fl-164"/>
      </object_component>
      <object_component id="oc-679">
         <name>.text:SPIDmaMaskGet</name>
         <load_address>0x2000dd84</load_address>
         <run_address>0x2000dd84</run_address>
         <size>0x44</size>
         <input_file_ref idref="fl-18c"/>
      </object_component>
      <object_component id="oc-9a">
         <name>.text</name>
         <load_address>0x2000ddc8</load_address>
         <run_address>0x2000ddc8</run_address>
         <size>0x44</size>
         <input_file_ref idref="fl-160"/>
      </object_component>
      <object_component id="oc-4b">
         <name>.text</name>
         <load_address>0x2000de0c</load_address>
         <run_address>0x2000de0c</run_address>
         <size>0x44</size>
         <input_file_ref idref="fl-140"/>
      </object_component>
      <object_component id="oc-6ac">
         <name>.text</name>
         <load_address>0x2000de50</load_address>
         <run_address>0x2000de50</run_address>
         <size>0x44</size>
         <input_file_ref idref="fl-170"/>
      </object_component>
      <object_component id="oc-5b9">
         <name>.text:PinModeSet</name>
         <load_address>0x2000de94</load_address>
         <run_address>0x2000de94</run_address>
         <size>0x40</size>
         <input_file_ref idref="fl-177"/>
      </object_component>
      <object_component id="oc-335">
         <name>.text:_SlDrvRxIrqHandler</name>
         <load_address>0x2000ded4</load_address>
         <run_address>0x2000ded4</run_address>
         <size>0x40</size>
         <input_file_ref idref="fl-17e"/>
      </object_component>
      <object_component id="oc-4c9">
         <name>.text:_SlRemoveFromList</name>
         <load_address>0x2000df14</load_address>
         <run_address>0x2000df14</run_address>
         <size>0x40</size>
         <input_file_ref idref="fl-17e"/>
      </object_component>
      <object_component id="oc-76b">
         <name>.text</name>
         <load_address>0x2000df54</load_address>
         <run_address>0x2000df54</run_address>
         <size>0x40</size>
         <input_file_ref idref="fl-16b"/>
      </object_component>
      <object_component id="oc-376">
         <name>.text:sl_WlanPolicySet</name>
         <load_address>0x2000df94</load_address>
         <run_address>0x2000df94</run_address>
         <size>0x40</size>
         <input_file_ref idref="fl-182"/>
      </object_component>
      <object_component id="oc-2f2">
         <name>.text:NwpPowerOff</name>
         <load_address>0x2000dfd4</load_address>
         <run_address>0x2000dfd4</run_address>
         <size>0x3c</size>
         <input_file_ref idref="fl-183"/>
      </object_component>
      <object_component id="oc-3c0">
         <name>.text:PRCMPeripheralClkEnable</name>
         <load_address>0x2000e010</load_address>
         <run_address>0x2000e010</run_address>
         <size>0x3c</size>
         <input_file_ref idref="fl-178"/>
      </object_component>
      <object_component id="oc-51a">
         <name>.text:_SlDrvObjInit</name>
         <load_address>0x2000e04c</load_address>
         <run_address>0x2000e04c</run_address>
         <size>0x3c</size>
         <input_file_ref idref="fl-17e"/>
      </object_component>
      <object_component id="oc-6ee">
         <name>.text:uDMAChannelControlSet</name>
         <load_address>0x2000e088</load_address>
         <run_address>0x2000e088</run_address>
         <size>0x3c</size>
         <input_file_ref idref="fl-18d"/>
      </object_component>
      <object_component id="oc-e8">
         <name>.text</name>
         <load_address>0x2000e0c4</load_address>
         <run_address>0x2000e0c4</run_address>
         <size>0x38</size>
         <input_file_ref idref="fl-189"/>
      </object_component>
      <object_component id="oc-6d3">
         <name>.text</name>
         <load_address>0x2000e0fc</load_address>
         <run_address>0x2000e0fc</run_address>
         <size>0x38</size>
         <input_file_ref idref="fl-172"/>
      </object_component>
      <object_component id="oc-29a">
         <name>.text</name>
         <load_address>0x2000e134</load_address>
         <run_address>0x2000e134</run_address>
         <size>0x38</size>
         <input_file_ref idref="fl-148"/>
      </object_component>
      <object_component id="oc-39c">
         <name>.text</name>
         <load_address>0x2000e16c</load_address>
         <run_address>0x2000e16c</run_address>
         <size>0x38</size>
         <input_file_ref idref="fl-14b"/>
      </object_component>
      <object_component id="oc-3e5">
         <name>.text:GPIODirModeSet</name>
         <load_address>0x2000e1a4</load_address>
         <run_address>0x2000e1a4</run_address>
         <size>0x36</size>
         <input_file_ref idref="fl-174"/>
      </object_component>
      <object_component id="oc-52d">
         <name>.text:PRCMPeripheralStatusGet</name>
         <load_address>0x2000e1dc</load_address>
         <run_address>0x2000e1dc</run_address>
         <size>0x34</size>
         <input_file_ref idref="fl-178"/>
      </object_component>
      <object_component id="oc-54b">
         <name>.text:SPIFIFOLevelSet</name>
         <load_address>0x2000e210</load_address>
         <run_address>0x2000e210</run_address>
         <size>0x34</size>
         <input_file_ref idref="fl-18c"/>
      </object_component>
      <object_component id="oc-594">
         <name>.text:_SlDrvBasicCmd</name>
         <load_address>0x2000e244</load_address>
         <run_address>0x2000e244</run_address>
         <size>0x34</size>
         <input_file_ref idref="fl-17e"/>
      </object_component>
      <object_component id="oc-11">
         <name>.text</name>
         <load_address>0x2000e278</load_address>
         <run_address>0x2000e278</run_address>
         <size>0x34</size>
         <input_file_ref idref="fl-13c"/>
      </object_component>
      <object_component id="oc-61f">
         <name>.text</name>
         <load_address>0x2000e2ac</load_address>
         <run_address>0x2000e2ac</run_address>
         <size>0x34</size>
         <input_file_ref idref="fl-165"/>
      </object_component>
      <object_component id="oc-143">
         <name>.text</name>
         <load_address>0x2000e2e0</load_address>
         <run_address>0x2000e2e0</run_address>
         <size>0x34</size>
         <input_file_ref idref="fl-149"/>
      </object_component>
      <object_component id="oc-329">
         <name>.text:NwpPowerOn</name>
         <load_address>0x2000e314</load_address>
         <run_address>0x2000e314</run_address>
         <size>0x30</size>
         <input_file_ref idref="fl-183"/>
      </object_component>
      <object_component id="oc-3df">
         <name>.text:PinTypeGPIO</name>
         <load_address>0x2000e344</load_address>
         <run_address>0x2000e344</run_address>
         <size>0x30</size>
         <input_file_ref idref="fl-177"/>
      </object_component>
      <object_component id="oc-43c">
         <name>.text:UARTDisable</name>
         <load_address>0x2000e374</load_address>
         <run_address>0x2000e374</run_address>
         <size>0x30</size>
         <input_file_ref idref="fl-179"/>
      </object_component>
      <object_component id="oc-478">
         <name>.text</name>
         <load_address>0x2000e3a4</load_address>
         <run_address>0x2000e3a4</run_address>
         <size>0x30</size>
         <input_file_ref idref="fl-159"/>
      </object_component>
      <object_component id="oc-27f">
         <name>.text</name>
         <load_address>0x2000e3d4</load_address>
         <run_address>0x2000e3d4</run_address>
         <size>0x2e</size>
         <input_file_ref idref="fl-14a"/>
      </object_component>
      <object_component id="oc-6c7">
         <name>.text</name>
         <load_address>0x2000e402</load_address>
         <run_address>0x2000e402</run_address>
         <size>0x2e</size>
         <input_file_ref idref="fl-16a"/>
      </object_component>
      <object_component id="oc-55d">
         <name>.text:DmaSpiSwIntHandler</name>
         <load_address>0x2000e430</load_address>
         <run_address>0x2000e430</run_address>
         <size>0x2c</size>
         <input_file_ref idref="fl-183"/>
      </object_component>
      <object_component id="oc-40e">
         <name>.text:I2CMasterErr</name>
         <load_address>0x2000e45c</load_address>
         <run_address>0x2000e45c</run_address>
         <size>0x2c</size>
         <input_file_ref idref="fl-175"/>
      </object_component>
      <object_component id="oc-3d2">
         <name>.text:PRCMSysResetCauseGet</name>
         <load_address>0x2000e488</load_address>
         <run_address>0x2000e488</run_address>
         <size>0x2c</size>
         <input_file_ref idref="fl-178"/>
      </object_component>
      <object_component id="oc-501">
         <name>.text:_SlDrvFlowContDeinit</name>
         <load_address>0x2000e4b4</load_address>
         <run_address>0x2000e4b4</run_address>
         <size>0x2c</size>
         <input_file_ref idref="fl-17f"/>
      </object_component>
      <object_component id="oc-520">
         <name>.text:_SlDrvFlowContInit</name>
         <load_address>0x2000e4e0</load_address>
         <run_address>0x2000e4e0</run_address>
         <size>0x2c</size>
         <input_file_ref idref="fl-17f"/>
      </object_component>
      <object_component id="oc-3cc">
         <name>.text:PRCMPeripheralClkDisable</name>
         <load_address>0x2000e50c</load_address>
         <run_address>0x2000e50c</run_address>
         <size>0x28</size>
         <input_file_ref idref="fl-178"/>
      </object_component>
      <object_component id="oc-154">
         <name>.text:sl_WlanSetMode</name>
         <load_address>0x2000e534</load_address>
         <run_address>0x2000e534</run_address>
         <size>0x28</size>
         <input_file_ref idref="fl-182"/>
      </object_component>
      <object_component id="oc-35a">
         <name>.text:IntUnregister</name>
         <load_address>0x2000e55c</load_address>
         <run_address>0x2000e55c</run_address>
         <size>0x24</size>
         <input_file_ref idref="fl-176"/>
      </object_component>
      <object_component id="oc-442">
         <name>.text:UARTEnable</name>
         <load_address>0x2000e580</load_address>
         <run_address>0x2000e580</run_address>
         <size>0x24</size>
         <input_file_ref idref="fl-179"/>
      </object_component>
      <object_component id="oc-233">
         <name>.text</name>
         <load_address>0x2000e5a4</load_address>
         <run_address>0x2000e5a4</run_address>
         <size>0x24</size>
         <input_file_ref idref="fl-14e"/>
      </object_component>
      <object_component id="oc-16d">
         <name>.text:sl_NetAppStart</name>
         <load_address>0x2000e5c8</load_address>
         <run_address>0x2000e5c8</run_address>
         <size>0x24</size>
         <input_file_ref idref="fl-180"/>
      </object_component>
      <object_component id="oc-167">
         <name>.text:sl_NetAppStop</name>
         <load_address>0x2000e5ec</load_address>
         <run_address>0x2000e5ec</run_address>
         <size>0x24</size>
         <input_file_ref idref="fl-180"/>
      </object_component>
      <object_component id="oc-370">
         <name>.text:sl_WlanProfileDel</name>
         <load_address>0x2000e610</load_address>
         <run_address>0x2000e610</run_address>
         <size>0x24</size>
         <input_file_ref idref="fl-182"/>
      </object_component>
      <object_component id="oc-414">
         <name>.text:I2CMasterSlaveAddrSet</name>
         <load_address>0x2000e634</load_address>
         <run_address>0x2000e634</run_address>
         <size>0x22</size>
         <input_file_ref idref="fl-175"/>
      </object_component>
      <object_component id="oc-2ec">
         <name>.text:NwpRegisterInterruptHandler</name>
         <load_address>0x2000e656</load_address>
         <run_address>0x2000e656</run_address>
         <size>0x22</size>
         <input_file_ref idref="fl-183"/>
      </object_component>
      <object_component id="oc-4f7">
         <name>.text:SPIReset</name>
         <load_address>0x2000e678</load_address>
         <run_address>0x2000e678</run_address>
         <size>0x22</size>
         <input_file_ref idref="fl-18c"/>
      </object_component>
      <object_component id="oc-706">
         <name>.text:SPIWordCountSet</name>
         <load_address>0x2000e69a</load_address>
         <run_address>0x2000e69a</run_address>
         <size>0x22</size>
         <input_file_ref idref="fl-18c"/>
      </object_component>
      <object_component id="oc-137">
         <name>.text</name>
         <load_address>0x2000e6bc</load_address>
         <run_address>0x2000e6bc</run_address>
         <size>0x22</size>
         <input_file_ref idref="fl-14c"/>
      </object_component>
      <object_component id="oc-2ba">
         <name>.text:GPIOPinWrite</name>
         <load_address>0x2000e6de</load_address>
         <run_address>0x2000e6de</run_address>
         <size>0x20</size>
         <input_file_ref idref="fl-174"/>
      </object_component>
      <object_component id="oc-348">
         <name>.text:IntRegister</name>
         <load_address>0x2000e700</load_address>
         <run_address>0x2000e700</run_address>
         <size>0x20</size>
         <input_file_ref idref="fl-176"/>
      </object_component>
      <object_component id="oc-7e6">
         <name>.text:_SlDrvCmdSend</name>
         <load_address>0x2000e720</load_address>
         <run_address>0x2000e720</run_address>
         <size>0x20</size>
         <input_file_ref idref="fl-17e"/>
      </object_component>
      <object_component id="oc-2a8">
         <name>.text:GPIOIntRegister</name>
         <load_address>0x2000e740</load_address>
         <run_address>0x2000e740</run_address>
         <size>0x1e</size>
         <input_file_ref idref="fl-174"/>
      </object_component>
      <object_component id="oc-3f6">
         <name>.text:I2CMasterIntStatusEx</name>
         <load_address>0x2000e75e</load_address>
         <run_address>0x2000e75e</run_address>
         <size>0x1e</size>
         <input_file_ref idref="fl-175"/>
      </object_component>
      <object_component id="oc-221">
         <name>.text:UARTCharPut</name>
         <load_address>0x2000e77c</load_address>
         <run_address>0x2000e77c</run_address>
         <size>0x1e</size>
         <input_file_ref idref="fl-179"/>
      </object_component>
      <object_component id="oc-3eb">
         <name>.text:PinTypeI2C</name>
         <load_address>0x2000e79a</load_address>
         <run_address>0x2000e79a</run_address>
         <size>0x1c</size>
         <input_file_ref idref="fl-177"/>
      </object_component>
      <object_component id="oc-507">
         <name>.text:_SlDrvObjDeInit</name>
         <load_address>0x2000e7b8</load_address>
         <run_address>0x2000e7b8</run_address>
         <size>0x1c</size>
         <input_file_ref idref="fl-17e"/>
      </object_component>
      <object_component id="oc-5f6">
         <name>.text</name>
         <load_address>0x2000e7d4</load_address>
         <run_address>0x2000e7d4</run_address>
         <size>0x1c</size>
         <input_file_ref idref="fl-169"/>
      </object_component>
      <object_component id="oc-700">
         <name>.text:uDMAChannelEnable</name>
         <load_address>0x2000e7f0</load_address>
         <run_address>0x2000e7f0</run_address>
         <size>0x1c</size>
         <input_file_ref idref="fl-18d"/>
      </object_component>
      <object_component id="oc-59e">
         <name>.text:CopyPingResultsToReport</name>
         <load_address>0x2000e80c</load_address>
         <run_address>0x2000e80c</run_address>
         <size>0x1a</size>
         <input_file_ref idref="fl-180"/>
      </object_component>
      <object_component id="oc-2b4">
         <name>.text:GPIOIntEnable</name>
         <load_address>0x2000e826</load_address>
         <run_address>0x2000e826</run_address>
         <size>0x1a</size>
         <input_file_ref idref="fl-174"/>
      </object_component>
      <object_component id="oc-3d9">
         <name>.text:PinTypeUART</name>
         <load_address>0x2000e840</load_address>
         <run_address>0x2000e840</run_address>
         <size>0x1a</size>
         <input_file_ref idref="fl-177"/>
      </object_component>
      <object_component id="oc-4e5">
         <name>.text:SPIDmaDisable</name>
         <load_address>0x2000e85a</load_address>
         <run_address>0x2000e85a</run_address>
         <size>0x1a</size>
         <input_file_ref idref="fl-18c"/>
      </object_component>
      <object_component id="oc-545">
         <name>.text:SPIDmaEnable</name>
         <load_address>0x2000e874</load_address>
         <run_address>0x2000e874</run_address>
         <size>0x1a</size>
         <input_file_ref idref="fl-18c"/>
      </object_component>
      <object_component id="oc-4df">
         <name>.text:SPIFIFODisable</name>
         <load_address>0x2000e88e</load_address>
         <run_address>0x2000e88e</run_address>
         <size>0x1a</size>
         <input_file_ref idref="fl-18c"/>
      </object_component>
      <object_component id="oc-53f">
         <name>.text:SPIFIFOEnable</name>
         <load_address>0x2000e8a8</load_address>
         <run_address>0x2000e8a8</run_address>
         <size>0x1a</size>
         <input_file_ref idref="fl-18c"/>
      </object_component>
      <object_component id="oc-7a2">
         <name>.text:_SlDrvDeviceEventHandler</name>
         <load_address>0x2000e8c2</load_address>
         <run_address>0x2000e8c2</run_address>
         <size>0x1a</size>
         <input_file_ref idref="fl-17d"/>
      </object_component>
      <object_component id="oc-2c0">
         <name>.text:GPIOPinRead</name>
         <load_address>0x2000e8dc</load_address>
         <run_address>0x2000e8dc</run_address>
         <size>0x18</size>
         <input_file_ref idref="fl-174"/>
      </object_component>
      <object_component id="oc-4eb">
         <name>.text:SPICSDisable</name>
         <load_address>0x2000e8f4</load_address>
         <run_address>0x2000e8f4</run_address>
         <size>0x18</size>
         <input_file_ref idref="fl-18c"/>
      </object_component>
      <object_component id="oc-6e8">
         <name>.text:SPICSEnable</name>
         <load_address>0x2000e90c</load_address>
         <run_address>0x2000e90c</run_address>
         <size>0x18</size>
         <input_file_ref idref="fl-18c"/>
      </object_component>
      <object_component id="oc-4f1">
         <name>.text:SPIDisable</name>
         <load_address>0x2000e924</load_address>
         <run_address>0x2000e924</run_address>
         <size>0x18</size>
         <input_file_ref idref="fl-18c"/>
      </object_component>
      <object_component id="oc-557">
         <name>.text:SPIEnable</name>
         <load_address>0x2000e93c</load_address>
         <run_address>0x2000e93c</run_address>
         <size>0x18</size>
         <input_file_ref idref="fl-18c"/>
      </object_component>
      <object_component id="oc-45">
         <name>.text</name>
         <load_address>0x2000e954</load_address>
         <run_address>0x2000e954</run_address>
         <size>0x18</size>
         <input_file_ref idref="fl-15d"/>
      </object_component>
      <object_component id="oc-5e0">
         <name>.text</name>
         <load_address>0x2000e96c</load_address>
         <run_address>0x2000e96c</run_address>
         <size>0x18</size>
         <input_file_ref idref="fl-166"/>
      </object_component>
      <object_component id="oc-41a">
         <name>.text:I2CMasterDataPut</name>
         <load_address>0x2000e984</load_address>
         <run_address>0x2000e984</run_address>
         <size>0x16</size>
         <input_file_ref idref="fl-175"/>
      </object_component>
      <object_component id="oc-5ce">
         <name>.text:I2CMasterEnable</name>
         <load_address>0x2000e99a</load_address>
         <run_address>0x2000e99a</run_address>
         <size>0x16</size>
         <input_file_ref idref="fl-175"/>
      </object_component>
      <object_component id="oc-3b4">
         <name>.text:PRCMHIBRegRead</name>
         <load_address>0x2000e9b0</load_address>
         <run_address>0x2000e9b0</run_address>
         <size>0x16</size>
         <input_file_ref idref="fl-178"/>
      </object_component>
      <object_component id="oc-3ba">
         <name>.text:PRCMHIBRegWrite</name>
         <load_address>0x2000e9c6</load_address>
         <run_address>0x2000e9c6</run_address>
         <size>0x16</size>
         <input_file_ref idref="fl-178"/>
      </object_component>
      <object_component id="oc-22d">
         <name>.text:UARTCharGet</name>
         <load_address>0x2000e9dc</load_address>
         <run_address>0x2000e9dc</run_address>
         <size>0x16</size>
         <input_file_ref idref="fl-179"/>
      </object_component>
      <object_component id="oc-3a9">
         <name>.text:CPUcpsie</name>
         <load_address>0x2000e9f2</load_address>
         <run_address>0x2000e9f2</run_address>
         <size>0x14</size>
         <input_file_ref idref="fl-17b"/>
      </object_component>
      <object_component id="oc-2ae">
         <name>.text:GPIOIntClear</name>
         <load_address>0x2000ea06</load_address>
         <run_address>0x2000ea06</run_address>
         <size>0x14</size>
         <input_file_ref idref="fl-174"/>
      </object_component>
      <object_component id="oc-191">
         <name>.text:IntVTableBaseSet</name>
         <load_address>0x2000ea1c</load_address>
         <run_address>0x2000ea1c</run_address>
         <size>0x14</size>
         <input_file_ref idref="fl-176"/>
      </object_component>
      <object_component id="oc-795">
         <name>.text:_SlDrvShiftDWord</name>
         <load_address>0x2000ea30</load_address>
         <run_address>0x2000ea30</run_address>
         <size>0x14</size>
         <input_file_ref idref="fl-17e"/>
      </object_component>
      <object_component id="oc-1c3">
         <name>.text</name>
         <load_address>0x2000ea44</load_address>
         <run_address>0x2000ea44</run_address>
         <size>0x14</size>
         <input_file_ref idref="fl-15b"/>
      </object_component>
      <object_component id="oc-131">
         <name>.text</name>
         <load_address>0x2000ea58</load_address>
         <run_address>0x2000ea58</run_address>
         <size>0x14</size>
         <input_file_ref idref="fl-154"/>
      </object_component>
      <object_component id="oc-408">
         <name>.text:I2CMasterControl</name>
         <load_address>0x2000ea6c</load_address>
         <run_address>0x2000ea6c</run_address>
         <size>0x12</size>
         <input_file_ref idref="fl-175"/>
      </object_component>
      <object_component id="oc-3fc">
         <name>.text:I2CMasterIntClearEx</name>
         <load_address>0x2000ea7e</load_address>
         <run_address>0x2000ea7e</run_address>
         <size>0x12</size>
         <input_file_ref idref="fl-175"/>
      </object_component>
      <object_component id="oc-402">
         <name>.text:I2CMasterTimeoutSet</name>
         <load_address>0x2000ea90</load_address>
         <run_address>0x2000ea90</run_address>
         <size>0x12</size>
         <input_file_ref idref="fl-175"/>
      </object_component>
      <object_component id="oc-1c">
         <name>.text:decompress:ZI</name>
         <load_address>0x2000eaa2</load_address>
         <run_address>0x2000eaa2</run_address>
         <size>0x12</size>
         <input_file_ref idref="fl-13f"/>
      </object_component>
      <object_component id="oc-566">
         <name>.text:NwpMaskInterrupt</name>
         <load_address>0x2000eab4</load_address>
         <run_address>0x2000eab4</run_address>
         <size>0x10</size>
         <input_file_ref idref="fl-183"/>
      </object_component>
      <object_component id="oc-148">
         <name>.text</name>
         <load_address>0x2000eac4</load_address>
         <run_address>0x2000eac4</run_address>
         <size>0x10</size>
         <input_file_ref idref="fl-153"/>
      </object_component>
      <object_component id="oc-420">
         <name>.text:I2CMasterDataGet</name>
         <load_address>0x2000ead4</load_address>
         <run_address>0x2000ead4</run_address>
         <size>0xe</size>
         <input_file_ref idref="fl-175"/>
      </object_component>
      <object_component id="oc-16">
         <name>.text:decompress:none</name>
         <load_address>0x2000eae2</load_address>
         <run_address>0x2000eae2</run_address>
         <size>0xe</size>
         <input_file_ref idref="fl-13d"/>
      </object_component>
      <object_component id="oc-5f0">
         <name>.text</name>
         <load_address>0x2000eaf0</load_address>
         <run_address>0x2000eaf0</run_address>
         <size>0xe</size>
         <input_file_ref idref="fl-16d"/>
      </object_component>
      <object_component id="oc-2c">
         <name>.text</name>
         <load_address>0x2000eafe</load_address>
         <run_address>0x2000eafe</run_address>
         <size>0xe</size>
         <input_file_ref idref="fl-a"/>
      </object_component>
      <object_component id="oc-752">
         <name>.text:NwpUnMaskInterrupt</name>
         <load_address>0x2000eb0c</load_address>
         <run_address>0x2000eb0c</run_address>
         <size>0xc</size>
         <input_file_ref idref="fl-183"/>
      </object_component>
      <object_component id="oc-197">
         <name>.text:IntMasterEnable</name>
         <load_address>0x2000eb18</load_address>
         <run_address>0x2000eb18</run_address>
         <size>0xa</size>
         <input_file_ref idref="fl-176"/>
      </object_component>
      <object_component id="oc-382">
         <name>.text:sl_WlanSmartConfigStop</name>
         <load_address>0x2000eb22</load_address>
         <run_address>0x2000eb22</run_address>
         <size>0x8</size>
         <input_file_ref idref="fl-182"/>
      </object_component>
      <object_component id="oc-119">
         <name>.text:UtilsDelay</name>
         <load_address>0x2000eb2a</load_address>
         <run_address>0x2000eb2a</run_address>
         <size>0x6</size>
         <input_file_ref idref="fl-17a"/>
      </object_component>
      <object_component id="oc-22">
         <name>.text:decompress:rle24</name>
         <load_address>0x2000eb30</load_address>
         <run_address>0x2000eb30</run_address>
         <size>0x6</size>
         <input_file_ref idref="fl-13e"/>
      </object_component>
      <object_component id="oc-483">
         <name>.text</name>
         <load_address>0x2000eb36</load_address>
         <run_address>0x2000eb36</run_address>
         <size>0x6</size>
         <input_file_ref idref="fl-167"/>
      </object_component>
      <object_component id="oc-6b5">
         <name>.const:.string:_ctypes_</name>
         <load_address>0x2000eb40</load_address>
         <run_address>0x2000eb40</run_address>
         <size>0x102</size>
         <input_file_ref idref="fl-161"/>
      </object_component>
      <object_component id="oc-3f2">
         <name>.const:g_ulPinToPadMap</name>
         <load_address>0x2000ec44</load_address>
         <run_address>0x2000ec44</run_address>
         <size>0x100</size>
         <input_file_ref idref="fl-177"/>
      </object_component>
      <object_component id="oc-2d5">
         <name>.const</name>
         <load_address>0x2000ed44</load_address>
         <run_address>0x2000ed44</run_address>
         <size>0xec</size>
         <input_file_ref idref="fl-182"/>
      </object_component>
      <object_component id="oc-579">
         <name>.const:g_pulRegs</name>
         <load_address>0x2000ee30</load_address>
         <run_address>0x2000ee30</run_address>
         <size>0xd4</size>
         <input_file_ref idref="fl-176"/>
      </object_component>
      <object_component id="oc-5b1">
         <name>.const:PRCM_PeriphRegsList</name>
         <load_address>0x2000ef04</load_address>
         <run_address>0x2000ef04</run_address>
         <size>0xa8</size>
         <input_file_ref idref="fl-178"/>
      </object_component>
      <object_component id="oc-3b0">
         <name>.const</name>
         <load_address>0x2000efac</load_address>
         <run_address>0x2000efac</run_address>
         <size>0x80</size>
         <input_file_ref idref="fl-176"/>
      </object_component>
      <object_component id="oc-650">
         <name>.const</name>
         <load_address>0x2000f02c</load_address>
         <run_address>0x2000f02c</run_address>
         <size>0x4c</size>
         <input_file_ref idref="fl-17e"/>
      </object_component>
      <object_component id="oc-638">
         <name>.const</name>
         <load_address>0x2000f078</load_address>
         <run_address>0x2000f078</run_address>
         <size>0x48</size>
         <input_file_ref idref="fl-158"/>
      </object_component>
      <object_component id="oc-6db">
         <name>.const:p</name>
         <load_address>0x2000f0c0</load_address>
         <run_address>0x2000f0c0</run_address>
         <size>0x38</size>
         <input_file_ref idref="fl-171"/>
      </object_component>
      <object_component id="oc-11a">
         <name>.const:.string</name>
         <load_address>0x2000f0f8</load_address>
         <run_address>0x2000f0f8</run_address>
         <size>0x37</size>
         <input_file_ref idref="fl-7"/>
      </object_component>
      <object_component id="oc-61a">
         <name>.const</name>
         <load_address>0x2000f130</load_address>
         <run_address>0x2000f130</run_address>
         <size>0x30</size>
         <input_file_ref idref="fl-156"/>
      </object_component>
      <object_component id="oc-33c">
         <name>.const</name>
         <load_address>0x2000f160</load_address>
         <run_address>0x2000f160</run_address>
         <size>0x28</size>
         <input_file_ref idref="fl-180"/>
      </object_component>
      <object_component id="oc-388">
         <name>.const:.string</name>
         <load_address>0x2000f188</load_address>
         <run_address>0x2000f188</run_address>
         <size>0x23</size>
         <input_file_ref idref="fl-9"/>
      </object_component>
      <object_component id="oc-759">
         <name>.const</name>
         <load_address>0x2000f1ac</load_address>
         <run_address>0x2000f1ac</run_address>
         <size>0x18</size>
         <input_file_ref idref="fl-18c"/>
      </object_component>
      <object_component id="oc-307">
         <name>.const</name>
         <load_address>0x2000f1c4</load_address>
         <run_address>0x2000f1c4</run_address>
         <size>0x14</size>
         <input_file_ref idref="fl-17d"/>
      </object_component>
      <object_component id="oc-80d">
         <name>.cinit..data.load</name>
         <load_address>0x2000f1d8</load_address>
         <run_address>0x2000f1d8</run_address>
         <size>0xcd</size>
      </object_component>
      <object_component id="oc-80b">
         <name>__TI_handler_table</name>
         <load_address>0x2000f2a8</load_address>
         <run_address>0x2000f2a8</run_address>
         <size>0xc</size>
      </object_component>
      <object_component id="oc-80e">
         <name>.cinit..bss.load</name>
         <load_address>0x2000f2b8</load_address>
         <run_address>0x2000f2b8</run_address>
         <size>0x8</size>
      </object_component>
      <object_component id="oc-80c">
         <name>__TI_cinit_table</name>
         <load_address>0x2000f2c0</load_address>
         <run_address>0x2000f2c0</run_address>
         <size>0x10</size>
      </object_component>
      <object_component id="oc-51">
         <name>.data</name>
         <load_address>0x20019454</load_address>
         <run_address>0x20019454</run_address>
         <size>0x4</size>
         <input_file_ref idref="fl-152"/>
      </object_component>
      <object_component id="oc-80">
         <name>.data</name>
         <load_address>0x200193c4</load_address>
         <run_address>0x200193c4</run_address>
         <size>0x34</size>
         <input_file_ref idref="fl-188"/>
      </object_component>
      <object_component id="oc-84">
         <name>.data</name>
         <load_address>0x20019234</load_address>
         <run_address>0x20019234</run_address>
         <size>0x4</size>
         <input_file_ref idref="fl-185"/>
      </object_component>
      <object_component id="oc-a9">
         <name>.data</name>
         <load_address>0x20019438</load_address>
         <run_address>0x20019438</run_address>
         <size>0x8</size>
[...]
         <object_component_ref idref="oc-173"/>
      </symbol>
      <symbol id="sm-1104">
         <name>VStartSimpleLinkSpawnTask</name>
         <value>0x20008675</value>
         <object_component_ref idref="oc-173"/>
      </symbol>
      <symbol id="sm-1105">
         <name>osi_MsgQWrite</name>
         <value>0x2000874f</value>
         <object_component_ref idref="oc-173"/>
      </symbol>
      <symbol id="sm-1106">
         <name>osi_Sleep</name>
         <value>0x20008819</value>
         <object_component_ref idref="oc-173"/>
      </symbol>
      <symbol id="sm-1107">
         <name>osi_SyncObjDelete</name>
         <value>0x20008465</value>
         <object_component_ref idref="oc-173"/>
      </symbol>
      <symbol id="sm-1108">
         <name>osi_TaskDisable</name>
         <value>0x20008829</value>
         <object_component_ref idref="oc-173"/>
      </symbol>
      <symbol id="sm-1109">
         <name>osi_Spawn</name>
         <value>0x20008607</value>
         <object_component_ref idref="oc-173"/>
      </symbol>
      <symbol id="sm-110a">
         <name>mem_Free</name>
         <value>0x200087c9</value>
         <object_component_ref idref="oc-173"/>
      </symbol>
      <symbol id="sm-110b">
         <name>osi_ContextSave</name>
         <value>0x2000883d</value>
         <object_component_ref idref="oc-173"/>
      </symbol>
      <symbol id="sm-110c">
         <name>xSimpleLinkSpawnQueue</name>
         <value>0x2001941c</value>
         <object_component_ref idref="oc-366"/>
      </symbol>
      <symbol id="sm-110d">
         <name>xSimpleLinkSpawnTaskHndl</name>
         <value>0x20019420</value>
         <object_component_ref idref="oc-366"/>
      </symbol>
      <symbol id="sm-1135">
         <name>vPortSetupTimerInterrupt</name>
         <value>0x2000b635</value>
         <object_component_ref idref="oc-37"/>
      </symbol>
      <symbol id="sm-1136">
         <name>vPortEndScheduler</name>
         <value>0x2000b5d5</value>
         <object_component_ref idref="oc-37"/>
      </symbol>
      <symbol id="sm-1137">
         <name>vPortYield</name>
         <value>0x2000b5d7</value>
         <object_component_ref idref="oc-37"/>
      </symbol>
      <symbol id="sm-1138">
         <name>xPortSysTickHandler</name>
         <value>0x2000b619</value>
         <object_component_ref idref="oc-37"/>
      </symbol>
      <symbol id="sm-1139">
         <name>pxPortInitialiseStack</name>
         <value>0x2000b559</value>
         <object_component_ref idref="oc-37"/>
      </symbol>
      <symbol id="sm-113a">
         <name>vPortExitCritical</name>
         <value>0x2000b601</value>
         <object_component_ref idref="oc-37"/>
      </symbol>
      <symbol id="sm-113b">
         <name>xPortStartScheduler</name>
         <value>0x2000b5a9</value>
         <object_component_ref idref="oc-37"/>
      </symbol>
      <symbol id="sm-113c">
         <name>vPortEnterCritical</name>
         <value>0x2000b5e9</value>
         <object_component_ref idref="oc-37"/>
      </symbol>
      <symbol id="sm-114d">
         <name>portCLZ</name>
         <value>0x2000c3a5</value>
         <object_component_ref idref="oc-32"/>
      </symbol>
      <symbol id="sm-114e">
         <name>xPortPendSVHandler</name>
         <value>0x2000c319</value>
         <object_component_ref idref="oc-32"/>
      </symbol>
      <symbol id="sm-114f">
         <name>vPortClearInterruptMask</name>
         <value>0x2000c30b</value>
         <object_component_ref idref="oc-32"/>
      </symbol>
      <symbol id="sm-1150">
         <name>ulPortSetInterruptMask</name>
         <value>0x2000c2f5</value>
         <object_component_ref idref="oc-32"/>
      </symbol>
      <symbol id="sm-1151">
         <name>prvPortStartFirstTask</name>
         <value>0x2000c38d</value>
         <object_component_ref idref="oc-32"/>
      </symbol>
      <symbol id="sm-1152">
         <name>vPortSVCHandler</name>
         <value>0x2000c365</value>
         <object_component_ref idref="oc-32"/>
      </symbol>
      <symbol id="sm-1201">
         <name>xQueuePeekFromISR</name>
         <value>0x20007af9</value>
         <object_component_ref idref="oc-360"/>
      </symbol>
      <symbol id="sm-1202">
         <name>xQueueIsQueueEmptyFromISR</name>
         <value>0x20007d7f</value>
         <object_component_ref idref="oc-360"/>
      </symbol>
      <symbol id="sm-1203">
         <name>xQueueGenericSendFromISR</name>
         <value>0x200078a3</value>
         <object_component_ref idref="oc-360"/>
      </symbol>
      <symbol id="sm-1204">
         <name>uxQueueMessagesWaiting</name>
         <value>0x20007b3d</value>
         <object_component_ref idref="oc-360"/>
      </symbol>
      <symbol id="sm-1205">
         <name>vQueueAddToRegistry</name>
         <value>0x20007de3</value>
         <object_component_ref idref="oc-360"/>
      </symbol>
      <symbol id="sm-1206">
         <name>xQueueIsQueueFullFromISR</name>
         <value>0x20007dc1</value>
         <object_component_ref idref="oc-360"/>
      </symbol>
      <symbol id="sm-1207">
         <name>xQueueSelectFromSet</name>
         <value>0x20007ee9</value>
         <object_component_ref idref="oc-360"/>
      </symbol>
      <symbol id="sm-1208">
         <name>xQueueGenericCreate</name>
         <value>0x200074d9</value>
         <object_component_ref idref="oc-360"/>
      </symbol>
      <symbol id="sm-1209">
         <name>xQueueSelectFromSetFromISR</name>
         <value>0x20007f03</value>
         <object_component_ref idref="oc-360"/>
      </symbol>
      <symbol id="sm-120a">
         <name>xQueueCreateMutex</name>
         <value>0x2000754f</value>
         <object_component_ref idref="oc-360"/>
      </symbol>
      <symbol id="sm-120b">
         <name>vQueueSetQueueNumber</name>
         <value>0x20007bb7</value>
         <object_component_ref idref="oc-360"/>
      </symbol>
      <symbol id="sm-120c">
         <name>xQueueGenericSend</name>
         <value>0x200075ed</value>
         <object_component_ref idref="oc-360"/>
      </symbol>
      <symbol id="sm-120d">
         <name>xQueueGenericReset</name>
         <value>0x20007449</value>
         <object_component_ref idref="oc-360"/>
      </symbol>
      <symbol id="sm-120e">
         <name>xQueueReceiveFromISR</name>
         <value>0x20007a81</value>
         <object_component_ref idref="oc-360"/>
      </symbol>
      <symbol id="sm-120f">
         <name>uxQueueSpacesAvailable</name>
         <value>0x20007b53</value>
         <object_component_ref idref="oc-360"/>
      </symbol>
      <symbol id="sm-1210">
         <name>xQueueRegistry</name>
         <value>0x20019520</value>
         <object_component_ref idref="oc-585"/>
      </symbol>
      <symbol id="sm-1211">
         <name>vQueueUnregisterQueue</name>
         <value>0x20007e25</value>
         <object_component_ref idref="oc-360"/>
      </symbol>
      <symbol id="sm-1212">
         <name>xQueueAltGenericReceive</name>
         <value>0x200077a5</value>
         <object_component_ref idref="oc-360"/>
      </symbol>
      <symbol id="sm-1213">
         <name>uxQueueMessagesWaitingFromISR</name>
         <value>0x20007b73</value>
         <object_component_ref idref="oc-360"/>
      </symbol>
      <symbol id="sm-1214">
         <name>uxQueueGetQueueNumber</name>
         <value>0x20007ba9</value>
         <object_component_ref idref="oc-360"/>
      </symbol>
      <symbol id="sm-1215">
         <name>xQueueGenericReceive</name>
         <value>0x2000793f</value>
         <object_component_ref idref="oc-360"/>
      </symbol>
      <symbol id="sm-1216">
         <name>xQueueCreateCountingSemaphore</name>
         <value>0x200075cd</value>
         <object_component_ref idref="oc-360"/>
      </symbol>
      <symbol id="sm-1217">
         <name>vQueueDelete</name>
         <value>0x20007b85</value>
         <object_component_ref idref="oc-360"/>
      </symbol>
      <symbol id="sm-1218">
         <name>xQueueAddToSet</name>
         <value>0x20007e73</value>
         <object_component_ref idref="oc-360"/>
      </symbol>
      <symbol id="sm-1219">
         <name>xQueueAltGenericSend</name>
         <value>0x200076f9</value>
         <object_component_ref idref="oc-360"/>
      </symbol>
      <symbol id="sm-121a">
         <name>xQueueCreateSet</name>
         <value>0x20007e5f</value>
         <object_component_ref idref="oc-360"/>
      </symbol>
      <symbol id="sm-121b">
         <name>xQueueRemoveFromSet</name>
         <value>0x20007ea7</value>
         <object_component_ref idref="oc-360"/>
      </symbol>
      <symbol id="sm-121c">
         <name>ucQueueGetQueueType</name>
         <value>0x20007bc9</value>
         <object_component_ref idref="oc-360"/>
      </symbol>
      <symbol id="sm-138c">
         <name>vTaskDelay</name>
         <value>0x2000463b</value>
         <object_component_ref idref="oc-7a"/>
      </symbol>
      <symbol id="sm-138d">
         <name>vTaskSuspendAll</name>
         <value>0x20004a9f</value>
         <object_component_ref idref="oc-7a"/>
      </symbol>
      <symbol id="sm-138e">
         <name>vTaskPriorityInherit</name>
         <value>0x200054dd</value>
         <object_component_ref idref="oc-7a"/>
      </symbol>
      <symbol id="sm-138f">
         <name>vTaskPlaceOnEventList</name>
         <value>0x20004e51</value>
         <object_component_ref idref="oc-7a"/>
      </symbol>
      <symbol id="sm-1390">
         <name>vTaskSetTaskNumber</name>
         <value>0x200050e9</value>
         <object_component_ref idref="oc-7a"/>
      </symbol>
      <symbol id="sm-1391">
         <name>xTaskCheckForTimeOut</name>
         <value>0x20005041</value>
         <object_component_ref idref="oc-7a"/>
      </symbol>
      <symbol id="sm-1392">
         <name>xTaskRemoveFromUnorderedEventList</name>
         <value>0x20004fad</value>
         <object_component_ref idref="oc-7a"/>
      </symbol>
      <symbol id="sm-1393">
         <name>vTaskPrioritySet</name>
         <value>0x2000475d</value>
         <object_component_ref idref="oc-7a"/>
      </symbol>
      <symbol id="sm-1394">
         <name>vTaskStartScheduler</name>
         <value>0x20004a43</value>
         <object_component_ref idref="oc-7a"/>
      </symbol>
      <symbol id="sm-1395">
         <name>pcTaskGetTaskName</name>
         <value>0x20004bb5</value>
         <object_component_ref idref="oc-7a"/>
      </symbol>
      <symbol id="sm-1396">
         <name>vTaskPriorityDisinherit</name>
         <value>0x20005597</value>
         <object_component_ref idref="oc-7a"/>
      </symbol>
      <symbol id="sm-1397">
         <name>vTaskDelayUntil</name>
         <value>0x2000459f</value>
         <object_component_ref idref="oc-7a"/>
      </symbol>
      <symbol id="sm-1398">
         <name>uxTaskGetTaskNumber</name>
         <value>0x200050c9</value>
         <object_component_ref idref="oc-7a"/>
      </symbol>
      <symbol id="sm-1399">
         <name>vTaskEndScheduler</name>
         <value>0x20004a8d</value>
         <object_component_ref idref="oc-7a"/>
      </symbol>
      <symbol id="sm-139a">
         <name>vTaskMissedYield</name>
         <value>0x200050bb</value>
         <object_component_ref idref="oc-7a"/>
      </symbol>
      <symbol id="sm-139b">
         <name>uxTaskGetNumberOfTasks</name>
         <value>0x20004ba9</value>
         <object_component_ref idref="oc-7a"/>
      </symbol>
      <symbol id="sm-139c">
         <name>uxTaskPriorityGet</name>
         <value>0x20004725</value>
         <object_component_ref idref="oc-7a"/>
      </symbol>
      <symbol id="sm-139d">
         <name>xTaskResumeAll</name>
         <value>0x20004ab1</value>
         <object_component_ref idref="oc-7a"/>
      </symbol>
      <symbol id="sm-139e">
         <name>xTaskGetTickCount</name>
         <value>0x20004b7d</value>
         <object_component_ref idref="oc-7a"/>
      </symbol>
      <symbol id="sm-139f">
         <name>xTaskGenericCreate</name>
         <value>0x20004401</value>
         <object_component_ref idref="oc-7a"/>
      </symbol>
      <symbol id="sm-13a0">
         <name>uxTaskGetSystemState</name>
         <value>0x20004bd9</value>
         <object_component_ref idref="oc-7a"/>
      </symbol>
      <symbol id="sm-13a1">
         <name>vTaskDelete</name>
         <value>0x2000450f</value>
         <object_component_ref idref="oc-7a"/>
      </symbol>
      <symbol id="sm-13a2">
         <name>pxCurrentTCB</name>
         <value>0x200193c4</value>
         <object_component_ref idref="oc-80"/>
      </symbol>
      <symbol id="sm-13a3">
         <name>eTaskGetState</name>
         <value>0x20004691</value>
         <object_component_ref idref="oc-7a"/>
      </symbol>
      <symbol id="sm-13a4">
         <name>vTaskSuspend</name>
         <value>0x20004861</value>
         <object_component_ref idref="oc-7a"/>
      </symbol>
      <symbol id="sm-13a5">
         <name>xTaskGetIdleTaskHandle</name>
         <value>0x20004c97</value>
         <object_component_ref idref="oc-7a"/>
      </symbol>
      <symbol id="sm-13a6">
         <name>xTaskGetTickCountFromISR</name>
         <value>0x20004b91</value>
         <object_component_ref idref="oc-7a"/>
      </symbol>
      <symbol id="sm-13a7">
         <name>vTaskResume</name>
         <value>0x20004955</value>
         <object_component_ref idref="oc-7a"/>
      </symbol>
      <symbol id="sm-13a8">
         <name>vTaskSetTimeOutState</name>
         <value>0x2000501b</value>
         <object_component_ref idref="oc-7a"/>
      </symbol>
      <symbol id="sm-13a9">
         <name>xTaskIncrementTick</name>
         <value>0x20004cb5</value>
         <object_component_ref idref="oc-7a"/>
      </symbol>
      <symbol id="sm-13aa">
         <name>vTaskSwitchContext</name>
         <value>0x20004dd1</value>
         <object_component_ref idref="oc-7a"/>
      </symbol>
      <symbol id="sm-13ab">
         <name>uxTaskResetEventItemValue</name>
         <value>0x20005621</value>
         <object_component_ref idref="oc-7a"/>
      </symbol>
      <symbol id="sm-13ac">
         <name>xTaskGetSchedulerState</name>
         <value>0x200054a5</value>
         <object_component_ref idref="oc-7a"/>
      </symbol>
      <symbol id="sm-13ad">
         <name>xTaskResumeFromISR</name>
         <value>0x200049c9</value>
         <object_component_ref idref="oc-7a"/>
      </symbol>
      <symbol id="sm-13ae">
         <name>xTaskGetCurrentTaskHandle</name>
         <value>0x20005491</value>
         <object_component_ref idref="oc-7a"/>
      </symbol>
      <symbol id="sm-13af">
         <name>vTaskPlaceOnUnorderedEventList</name>
         <value>0x20004eb5</value>
         <object_component_ref idref="oc-7a"/>
      </symbol>
      <symbol id="sm-13b0">
         <name>xTaskRemoveFromEventList</name>
         <value>0x20004f25</value>
         <object_component_ref idref="oc-7a"/>
      </symbol>
      <symbol id="sm-13c0">
         <name>pvPortMalloc</name>
         <value>0x2000e0c5</value>
         <object_component_ref idref="oc-e8"/>
      </symbol>
      <symbol id="sm-13c1">
         <name>vPortFree</name>
         <value>0x2000e0e5</value>
         <object_component_ref idref="oc-e8"/>
      </symbol>
      <symbol id="sm-13d7">
         <name>uxListRemove</name>
         <value>0x2000b2d7</value>
         <object_component_ref idref="oc-d2"/>
      </symbol>
      <symbol id="sm-13d8">
         <name>vListInsert</name>
         <value>0x2000b271</value>
         <object_component_ref idref="oc-d2"/>
      </symbol>
      <symbol id="sm-13d9">
         <name>vListInitialiseItem</name>
         <value>0x2000b225</value>
         <object_component_ref idref="oc-d2"/>
      </symbol>
      <symbol id="sm-13da">
         <name>vListInsertEnd</name>
         <value>0x2000b235</value>
         <object_component_ref idref="oc-d2"/>
      </symbol>
      <symbol id="sm-13db">
         <name>vListInitialise</name>
         <value>0x2000b1f5</value>
         <object_component_ref idref="oc-d2"/>
      </symbol>
      <symbol id="sm-1478">
         <name>SPIFIFODisable</name>
         <value>0x2000e88f</value>
         <object_component_ref idref="oc-4df"/>
      </symbol>
      <symbol id="sm-1479">
         <name>SPICSEnable</name>
         <value>0x2000e90d</value>
         <object_component_ref idref="oc-6e8"/>
      </symbol>
      <symbol id="sm-147a">
         <name>SPIDisable</name>
         <value>0x2000e925</value>
         <object_component_ref idref="oc-4f1"/>
      </symbol>
      <symbol id="sm-147b">
         <name>SPIFIFOEnable</name>
         <value>0x2000e8a9</value>
         <object_component_ref idref="oc-53f"/>
      </symbol>
      <symbol id="sm-147c">
         <name>SPIWordCountSet</name>
         <value>0x2000e69b</value>
         <object_component_ref idref="oc-706"/>
      </symbol>
      <symbol id="sm-147d">
         <name>SPIEnable</name>
         <value>0x2000e93d</value>
         <object_component_ref idref="oc-557"/>
      </symbol>
      <symbol id="sm-147e">
         <name>SPIDmaEnable</name>
         <value>0x2000e875</value>
         <object_component_ref idref="oc-545"/>
      </symbol>
      <symbol id="sm-147f">
         <name>SPIConfigSetExpClk</name>
         <value>0x2000c7cd</value>
         <object_component_ref idref="oc-527"/>
      </symbol>
      <symbol id="sm-1480">
         <name>SPIFIFOLevelSet</name>
         <value>0x2000e211</value>
         <object_component_ref idref="oc-54b"/>
      </symbol>
      <symbol id="sm-1481">
         <name>SPIDmaDisable</name>
         <value>0x2000e85b</value>
         <object_component_ref idref="oc-4e5"/>
      </symbol>
      <symbol id="sm-1482">
         <name>SPIReset</name>
         <value>0x2000e679</value>
         <object_component_ref idref="oc-4f7"/>
      </symbol>
      <symbol id="sm-1483">
         <name>SPIIntEnable</name>
         <value>0x2000db35</value>
         <object_component_ref idref="oc-551"/>
      </symbol>
      <symbol id="sm-1484">
         <name>SPIIntClear</name>
         <value>0x2000dcf5</value>
         <object_component_ref idref="oc-681"/>
      </symbol>
      <symbol id="sm-1485">
         <name>SPICSDisable</name>
         <value>0x2000e8f5</value>
         <object_component_ref idref="oc-4eb"/>
      </symbol>
      <symbol id="sm-14dc">
         <name>uDMAChannelControlSet</name>
         <value>0x2000e089</value>
         <object_component_ref idref="oc-6ee"/>
      </symbol>
      <symbol id="sm-14dd">
         <name>uDMAChannelAttributeEnable</name>
         <value>0x2000d7bd</value>
         <object_component_ref idref="oc-6f4"/>
      </symbol>
      <symbol id="sm-14de">
         <name>uDMAChannelTransferSet</name>
         <value>0x2000bb81</value>
         <object_component_ref idref="oc-6fa"/>
      </symbol>
      <symbol id="sm-14df">
         <name>uDMAChannelAssign</name>
         <value>0x2000dbcd</value>
         <object_component_ref idref="oc-533"/>
      </symbol>
      <symbol id="sm-14e0">
         <name>uDMAChannelAttributeDisable</name>
         <value>0x2000d759</value>
         <object_component_ref idref="oc-539"/>
      </symbol>
      <symbol id="sm-14e1">
         <name>uDMAChannelEnable</name>
         <value>0x2000e7f1</value>
         <object_component_ref idref="oc-700"/>
      </symbol>
      <symbol id="sm-14e2">
         <name>__TI_static_base__</name>
         <value>0x2000f1d8</value>
      </symbol>
      <symbol id="sm-14e3">
         <name>__TI_args_main</name>
         <value>0x1</value>
      </symbol>
      <symbol id="sm-14e4">
         <name>SHT$$INIT_ARRAY$$Limit</name>
         <value>0x0</value>
      </symbol>
      <symbol id="sm-14e5">
         <name>SHT$$INIT_ARRAY$$Base</name>
         <value>0x0</value>
      </symbol>
   </symbol_table>
   <title>Link successful</title>
</link_info>
